Command line invocation:
    /Applications/Xcode.app/Contents/Developer/usr/bin/xcodebuild -project Glist.xcodeproj -scheme Glist -destination "platform=iOS Simulator,name=iPhone 16 Pro" build

Resolve Package Graph


Resolved source packages:
  GoogleAdsOnDeviceConversion: https://github.com/googleads/google-ads-on-device-conversion-ios-sdk @ 3.2.0
  GTMSessionFetcher: https://github.com/google/gtm-session-fetcher.git @ 5.0.0
  GoogleAppMeasurement: https://github.com/google/GoogleAppMeasurement.git @ 12.5.0
  Firebase: https://github.com/firebase/firebase-ios-sdk @ 12.6.0
  AppCheck: https://github.com/google/app-check.git @ 11.2.0
  SwiftProtobuf: https://github.com/apple/swift-protobuf.git @ 1.33.3
  leveldb: https://github.com/firebase/leveldb.git @ 1.22.5
  GoogleDataTransport: https://github.com/google/GoogleDataTransport.git @ 10.1.0
  nanopb: https://github.com/firebase/nanopb.git @ 2.30910.0
  GoogleUtilities: https://github.com/google/GoogleUtilities.git @ 8.1.0
  gRPC: https://github.com/google/grpc-binary.git @ 1.69.1
  InteropForGoogle: https://github.com/google/interop-ios-for-google-sdks.git @ 101.0.0
  abseil: https://github.com/google/abseil-cpp-binary.git @ 1.2024072200.0
  Promises: https://github.com/google/promises.git @ 2.4.0

2025-11-24 05:43:49.339 xcodebuild[8049:2163006] [MT] IDERunDestination: Supported platforms for the buildables in the current scheme is empty.
--- xcodebuild: WARNING: Using the first of multiple matching destinations:
{ platform:iOS Simulator, arch:arm64, id:07ECAB4F-CD62-4250-8A90-257C453EE9AA, OS:26.0.1, name:iPhone 16 Pro }
{ platform:iOS Simulator, arch:x86_64, id:07ECAB4F-CD62-4250-8A90-257C453EE9AA, OS:26.0.1, name:iPhone 16 Pro }
ComputePackagePrebuildTargetDependencyGraph

Prepare packages

CreateBuildRequest

SendProjectDescription

CreateBuildOperation

ComputeTargetDependencyGraph
note: Building targets in dependency order
note: Target dependency graph (75 targets)
    Target 'Glist' in project 'Glist'
        ➜ Explicit dependency on target 'FirebaseAuth' in project 'Firebase'
        ➜ Explicit dependency on target 'FirebaseFirestore' in project 'Firebase'
        ➜ Explicit dependency on target 'FirebaseStorage' in project 'Firebase'
        ➜ Explicit dependency on target 'FirebaseMessaging' in project 'Firebase'
    Target 'FirebaseMessaging' in project 'Firebase'
        ➜ Explicit dependency on target 'FirebaseMessaging' in project 'Firebase'
        ➜ Explicit dependency on target 'Firebase_FirebaseMessaging' in project 'Firebase'
        ➜ Explicit dependency on target 'Firebase' in project 'Firebase'
        ➜ Explicit dependency on target 'FirebaseCoreInternal' in project 'Firebase'
        ➜ Explicit dependency on target 'FirebaseCore' in project 'Firebase'
        ➜ Explicit dependency on target 'FirebaseInstallations' in project 'Firebase'
        ➜ Explicit dependency on target 'GULNSData' in project 'GoogleUtilities'
        ➜ Explicit dependency on target 'GULEnvironment' in project 'GoogleUtilities'
        ➜ Explicit dependency on target 'GULLogger' in project 'GoogleUtilities'
        ➜ Explicit dependency on target 'FBLPromises' in project 'Promises'
        ➜ Explicit dependency on target 'GULUserDefaults' in project 'GoogleUtilities'
        ➜ Explicit dependency on target 'GULAppDelegateSwizzler' in project 'GoogleUtilities'
        ➜ Explicit dependency on target 'GULReachability' in project 'GoogleUtilities'
        ➜ Explicit dependency on target 'GoogleDataTransport' in project 'GoogleDataTransport'
        ➜ Explicit dependency on target 'nanopb' in project 'nanopb'
    Target 'FirebaseMessaging' in project 'Firebase'
        ➜ Explicit dependency on target 'Firebase_FirebaseMessaging' in project 'Firebase'
        ➜ Explicit dependency on target 'Firebase' in project 'Firebase'
        ➜ Explicit dependency on target 'FirebaseCoreInternal' in project 'Firebase'
        ➜ Explicit dependency on target 'FirebaseCore' in project 'Firebase'
        ➜ Explicit dependency on target 'FirebaseInstallations' in project 'Firebase'
        ➜ Explicit dependency on target 'GULNSData' in project 'GoogleUtilities'
        ➜ Explicit dependency on target 'GULEnvironment' in project 'GoogleUtilities'
        ➜ Explicit dependency on target 'GULLogger' in project 'GoogleUtilities'
        ➜ Explicit dependency on target 'FBLPromises' in project 'Promises'
        ➜ Explicit dependency on target 'GULUserDefaults' in project 'GoogleUtilities'
        ➜ Explicit dependency on target 'GULAppDelegateSwizzler' in project 'GoogleUtilities'
        ➜ Explicit dependency on target 'GULReachability' in project 'GoogleUtilities'
        ➜ Explicit dependency on target 'GoogleDataTransport' in project 'GoogleDataTransport'
        ➜ Explicit dependency on target 'nanopb' in project 'nanopb'
    Target 'GoogleDataTransport' in project 'GoogleDataTransport'
        ➜ Explicit dependency on target 'GoogleDataTransport' in project 'GoogleDataTransport'
        ➜ Explicit dependency on target 'GoogleDataTransport_GoogleDataTransport' in project 'GoogleDataTransport'
        ➜ Explicit dependency on target 'nanopb' in project 'nanopb'
        ➜ Explicit dependency on target 'FBLPromises' in project 'Promises'
    Target 'GoogleDataTransport' in project 'GoogleDataTransport'
        ➜ Explicit dependency on target 'GoogleDataTransport_GoogleDataTransport' in project 'GoogleDataTransport'
        ➜ Explicit dependency on target 'nanopb' in project 'nanopb'
        ➜ Explicit dependency on target 'FBLPromises' in project 'Promises'
    Target 'GoogleDataTransport_GoogleDataTransport' in project 'GoogleDataTransport' (no dependencies)
    Target 'GULReachability' in project 'GoogleUtilities'
        ➜ Explicit dependency on target 'GoogleUtilities-Reachability' in project 'GoogleUtilities'
        ➜ Explicit dependency on target 'GoogleUtilities_GoogleUtilities-Reachability' in project 'GoogleUtilities'
        ➜ Explicit dependency on target 'third-party-IsAppEncrypted' in project 'GoogleUtilities'
        ➜ Explicit dependency on target 'GoogleUtilities-Environment' in project 'GoogleUtilities'
        ➜ Explicit dependency on target 'GoogleUtilities-Logger' in project 'GoogleUtilities'
    Target 'FirebaseInstallations' in project 'Firebase'
        ➜ Explicit dependency on target 'Firebase_FirebaseInstallations' in project 'Firebase'
        ➜ Explicit dependency on target 'Firebase' in project 'Firebase'
        ➜ Explicit dependency on target 'FirebaseCoreInternal' in project 'Firebase'
        ➜ Explicit dependency on target 'FirebaseCore' in project 'Firebase'
        ➜ Explicit dependency on target 'GULNSData' in project 'GoogleUtilities'
        ➜ Explicit dependency on target 'GULEnvironment' in project 'GoogleUtilities'
        ➜ Explicit dependency on target 'GULLogger' in project 'GoogleUtilities'
        ➜ Explicit dependency on target 'FBLPromises' in project 'Promises'
        ➜ Explicit dependency on target 'GULUserDefaults' in project 'GoogleUtilities'
    Target 'GULUserDefaults' in project 'GoogleUtilities'
        ➜ Explicit dependency on target 'GoogleUtilities-UserDefaults' in project 'GoogleUtilities'
        ➜ Explicit dependency on target 'GoogleUtilities_GoogleUtilities-UserDefaults' in project 'GoogleUtilities'
        ➜ Explicit dependency on target 'third-party-IsAppEncrypted' in project 'GoogleUtilities'
        ➜ Explicit dependency on target 'GoogleUtilities-Environment' in project 'GoogleUtilities'
        ➜ Explicit dependency on target 'GoogleUtilities-Logger' in project 'GoogleUtilities'
    Target 'GoogleUtilities-UserDefaults' in project 'GoogleUtilities'
        ➜ Explicit dependency on target 'GoogleUtilities_GoogleUtilities-UserDefaults' in project 'GoogleUtilities'
        ➜ Explicit dependency on target 'third-party-IsAppEncrypted' in project 'GoogleUtilities'
        ➜ Explicit dependency on target 'GoogleUtilities-Environment' in project 'GoogleUtilities'
        ➜ Explicit dependency on target 'GoogleUtilities-Logger' in project 'GoogleUtilities'
    Target 'GoogleUtilities_GoogleUtilities-UserDefaults' in project 'GoogleUtilities' (no dependencies)
    Target 'FBLPromises' in project 'Promises'
        ➜ Explicit dependency on target 'FBLPromises' in project 'Promises'
        ➜ Explicit dependency on target 'Promises_FBLPromises' in project 'Promises'
    Target 'FBLPromises' in project 'Promises'
        ➜ Explicit dependency on target 'Promises_FBLPromises' in project 'Promises'
    Target 'Promises_FBLPromises' in project 'Promises' (no dependencies)
    Target 'Firebase_FirebaseInstallations' in project 'Firebase' (no dependencies)
    Target 'Firebase_FirebaseMessaging' in project 'Firebase' (no dependencies)
    Target 'FirebaseStorage' in project 'Firebase'
        ➜ Explicit dependency on target 'FirebaseStorage' in project 'Firebase'
        ➜ Explicit dependency on target 'FirebaseAppCheckInterop' in project 'Firebase'
        ➜ Explicit dependency on target 'FirebaseAuthInterop' in project 'Firebase'
        ➜ Explicit dependency on target 'Firebase' in project 'Firebase'
        ➜ Explicit dependency on target 'FirebaseCoreInternal' in project 'Firebase'
        ➜ Explicit dependency on target 'FirebaseCore' in project 'Firebase'
        ➜ Explicit dependency on target 'FirebaseCoreExtension' in project 'Firebase'
        ➜ Explicit dependency on target 'GULNSData' in project 'GoogleUtilities'
        ➜ Explicit dependency on target 'GULEnvironment' in project 'GoogleUtilities'
        ➜ Explicit dependency on target 'GULLogger' in project 'GoogleUtilities'
        ➜ Explicit dependency on target 'GTMSessionFetcherCore' in project 'GTMSessionFetcher'
    Target 'FirebaseStorage' in project 'Firebase'
        ➜ Explicit dependency on target 'FirebaseAppCheckInterop' in project 'Firebase'
        ➜ Explicit dependency on target 'FirebaseAuthInterop' in project 'Firebase'
        ➜ Explicit dependency on target 'Firebase' in project 'Firebase'
        ➜ Explicit dependency on target 'FirebaseCoreInternal' in project 'Firebase'
        ➜ Explicit dependency on target 'FirebaseCore' in project 'Firebase'
        ➜ Explicit dependency on target 'FirebaseCoreExtension' in project 'Firebase'
        ➜ Explicit dependency on target 'GULNSData' in project 'GoogleUtilities'
        ➜ Explicit dependency on target 'GULEnvironment' in project 'GoogleUtilities'
        ➜ Explicit dependency on target 'GULLogger' in project 'GoogleUtilities'
        ➜ Explicit dependency on target 'GTMSessionFetcherCore' in project 'GTMSessionFetcher'
    Target 'FirebaseFirestore' in project 'Firebase'
        ➜ Explicit dependency on target 'FirebaseFirestoreTarget' in project 'Firebase'
        ➜ Explicit dependency on target 'FirebaseFirestoreInternalWrapper' in project 'Firebase'
        ➜ Explicit dependency on target 'FirebaseAppCheckInterop' in project 'Firebase'
        ➜ Explicit dependency on target 'Firebase' in project 'Firebase'
        ➜ Explicit dependency on target 'FirebaseCoreInternal' in project 'Firebase'
        ➜ Explicit dependency on target 'FirebaseCore' in project 'Firebase'
        ➜ Explicit dependency on target 'FirebaseCoreExtension' in project 'Firebase'
        ➜ Explicit dependency on target 'FirebaseSharedSwift' in project 'Firebase'
        ➜ Explicit dependency on target 'FirebaseFirestore' in project 'Firebase'
        ➜ Explicit dependency on target 'GULNSData' in project 'GoogleUtilities'
        ➜ Explicit dependency on target 'GULEnvironment' in project 'GoogleUtilities'
        ➜ Explicit dependency on target 'GULLogger' in project 'GoogleUtilities'
        ➜ Explicit dependency on target 'abseil' in project 'abseil'
        ➜ Explicit dependency on target 'gRPC-C++' in project 'gRPC'
        ➜ Explicit dependency on target 'nanopb' in project 'nanopb'
        ➜ Explicit dependency on target 'leveldb' in project 'leveldb'
    Target 'FirebaseFirestoreTarget' in project 'Firebase'
        ➜ Explicit dependency on target 'FirebaseFirestoreInternalWrapper' in project 'Firebase'
        ➜ Explicit dependency on target 'FirebaseAppCheckInterop' in project 'Firebase'
        ➜ Explicit dependency on target 'Firebase' in project 'Firebase'
        ➜ Explicit dependency on target 'FirebaseCoreInternal' in project 'Firebase'
        ➜ Explicit dependency on target 'FirebaseCore' in project 'Firebase'
        ➜ Explicit dependency on target 'FirebaseCoreExtension' in project 'Firebase'
        ➜ Explicit dependency on target 'FirebaseSharedSwift' in project 'Firebase'
        ➜ Explicit dependency on target 'FirebaseFirestore' in project 'Firebase'
        ➜ Explicit dependency on target 'GULNSData' in project 'GoogleUtilities'
        ➜ Explicit dependency on target 'GULEnvironment' in project 'GoogleUtilities'
        ➜ Explicit dependency on target 'GULLogger' in project 'GoogleUtilities'
        ➜ Explicit dependency on target 'abseil' in project 'abseil'
        ➜ Explicit dependency on target 'gRPC-C++' in project 'gRPC'
        ➜ Explicit dependency on target 'nanopb' in project 'nanopb'
        ➜ Explicit dependency on target 'leveldb' in project 'leveldb'
    Target 'FirebaseFirestore' in project 'Firebase'
        ➜ Explicit dependency on target 'Firebase_FirebaseFirestore' in project 'Firebase'
        ➜ Explicit dependency on target 'FirebaseFirestoreInternalWrapper' in project 'Firebase'
        ➜ Explicit dependency on target 'FirebaseAppCheckInterop' in project 'Firebase'
        ➜ Explicit dependency on target 'Firebase' in project 'Firebase'
        ➜ Explicit dependency on target 'FirebaseCoreInternal' in project 'Firebase'
        ➜ Explicit dependency on target 'FirebaseCore' in project 'Firebase'
        ➜ Explicit dependency on target 'FirebaseCoreExtension' in project 'Firebase'
        ➜ Explicit dependency on target 'FirebaseSharedSwift' in project 'Firebase'
        ➜ Explicit dependency on target 'GULNSData' in project 'GoogleUtilities'
        ➜ Explicit dependency on target 'GULEnvironment' in project 'GoogleUtilities'
        ➜ Explicit dependency on target 'GULLogger' in project 'GoogleUtilities'
        ➜ Explicit dependency on target 'abseil' in project 'abseil'
        ➜ Explicit dependency on target 'gRPC-C++' in project 'gRPC'
        ➜ Explicit dependency on target 'nanopb' in project 'nanopb'
        ➜ Explicit dependency on target 'leveldb' in project 'leveldb'
    Target 'leveldb' in project 'leveldb'
        ➜ Explicit dependency on target 'leveldb' in project 'leveldb'
        ➜ Explicit dependency on target 'leveldb_leveldb' in project 'leveldb'
    Target 'leveldb' in project 'leveldb'
        ➜ Explicit dependency on target 'leveldb_leveldb' in project 'leveldb'
    Target 'leveldb_leveldb' in project 'leveldb' (no dependencies)
    Target 'nanopb' in project 'nanopb'
        ➜ Explicit dependency on target 'nanopb' in project 'nanopb'
        ➜ Explicit dependency on target 'nanopb_nanopb' in project 'nanopb'
    Target 'nanopb' in project 'nanopb'
        ➜ Explicit dependency on target 'nanopb_nanopb' in project 'nanopb'
    Target 'nanopb_nanopb' in project 'nanopb' (no dependencies)
    Target 'gRPC-C++' in project 'gRPC'
        ➜ Explicit dependency on target 'grpcppWrapper' in project 'gRPC'
        ➜ Explicit dependency on target 'gRPC_grpcppWrapper' in project 'gRPC'
        ➜ Explicit dependency on target 'grpcWrapper' in project 'gRPC'
        ➜ Explicit dependency on target 'opensslWrapper' in project 'gRPC'
        ➜ Explicit dependency on target 'abseil' in project 'abseil'
    Target 'grpcppWrapper' in project 'gRPC'
        ➜ Explicit dependency on target 'gRPC_grpcppWrapper' in project 'gRPC'
        ➜ Explicit dependency on target 'grpcWrapper' in project 'gRPC'
        ➜ Explicit dependency on target 'opensslWrapper' in project 'gRPC'
        ➜ Explicit dependency on target 'abseil' in project 'abseil'
    Target 'opensslWrapper' in project 'gRPC'
        ➜ Explicit dependency on target 'gRPC_opensslWrapper' in project 'gRPC'
    Target 'gRPC_opensslWrapper' in project 'gRPC' (no dependencies)
    Target 'grpcWrapper' in project 'gRPC'
        ➜ Explicit dependency on target 'gRPC_grpcWrapper' in project 'gRPC'
    Target 'gRPC_grpcWrapper' in project 'gRPC' (no dependencies)
    Target 'gRPC_grpcppWrapper' in project 'gRPC' (no dependencies)
    Target 'abseil' in project 'abseil'
        ➜ Explicit dependency on target 'abslWrapper' in project 'abseil'
        ➜ Explicit dependency on target 'abseil_abslWrapper' in project 'abseil'
    Target 'abslWrapper' in project 'abseil'
        ➜ Explicit dependency on target 'abseil_abslWrapper' in project 'abseil'
    Target 'abseil_abslWrapper' in project 'abseil' (no dependencies)
    Target 'Firebase_FirebaseFirestore' in project 'Firebase' (no dependencies)
    Target 'FirebaseSharedSwift' in project 'Firebase' (no dependencies)
    Target 'FirebaseFirestoreInternalWrapper' in project 'Firebase' (no dependencies)
    Target 'FirebaseAuth' in project 'Firebase'
        ➜ Explicit dependency on target 'FirebaseAuth' in project 'Firebase'
        ➜ Explicit dependency on target 'Firebase_FirebaseAuth' in project 'Firebase'
        ➜ Explicit dependency on target 'FirebaseAppCheckInterop' in project 'Firebase'
        ➜ Explicit dependency on target 'FirebaseAuthInterop' in project 'Firebase'
        ➜ Explicit dependency on target 'FirebaseAuthInternal' in project 'Firebase'
        ➜ Explicit dependency on target 'Firebase' in project 'Firebase'
        ➜ Explicit dependency on target 'FirebaseCoreInternal' in project 'Firebase'
        ➜ Explicit dependency on target 'FirebaseCore' in project 'Firebase'
        ➜ Explicit dependency on target 'FirebaseCoreExtension' in project 'Firebase'
        ➜ Explicit dependency on target 'RecaptchaInterop' in project 'InteropForGoogle'
        ➜ Explicit dependency on target 'GULNSData' in project 'GoogleUtilities'
        ➜ Explicit dependency on target 'GULEnvironment' in project 'GoogleUtilities'
        ➜ Explicit dependency on target 'GULLogger' in project 'GoogleUtilities'
        ➜ Explicit dependency on target 'GULAppDelegateSwizzler' in project 'GoogleUtilities'
        ➜ Explicit dependency on target 'GTMSessionFetcherCore' in project 'GTMSessionFetcher'
    Target 'FirebaseAuth' in project 'Firebase'
        ➜ Explicit dependency on target 'Firebase_FirebaseAuth' in project 'Firebase'
        ➜ Explicit dependency on target 'FirebaseAppCheckInterop' in project 'Firebase'
        ➜ Explicit dependency on target 'FirebaseAuthInterop' in project 'Firebase'
        ➜ Explicit dependency on target 'FirebaseAuthInternal' in project 'Firebase'
        ➜ Explicit dependency on target 'Firebase' in project 'Firebase'
        ➜ Explicit dependency on target 'FirebaseCoreInternal' in project 'Firebase'
        ➜ Explicit dependency on target 'FirebaseCore' in project 'Firebase'
        ➜ Explicit dependency on target 'FirebaseCoreExtension' in project 'Firebase'
        ➜ Explicit dependency on target 'RecaptchaInterop' in project 'InteropForGoogle'
        ➜ Explicit dependency on target 'GULNSData' in project 'GoogleUtilities'
        ➜ Explicit dependency on target 'GULEnvironment' in project 'GoogleUtilities'
        ➜ Explicit dependency on target 'GULLogger' in project 'GoogleUtilities'
        ➜ Explicit dependency on target 'GULAppDelegateSwizzler' in project 'GoogleUtilities'
        ➜ Explicit dependency on target 'GTMSessionFetcherCore' in project 'GTMSessionFetcher'
    Target 'GTMSessionFetcherCore' in project 'GTMSessionFetcher'
        ➜ Explicit dependency on target 'GTMSessionFetcherCore' in project 'GTMSessionFetcher'
        ➜ Explicit dependency on target 'GTMSessionFetcher_GTMSessionFetcherCore' in project 'GTMSessionFetcher'
    Target 'GTMSessionFetcherCore' in project 'GTMSessionFetcher'
        ➜ Explicit dependency on target 'GTMSessionFetcher_GTMSessionFetcherCore' in project 'GTMSessionFetcher'
    Target 'GTMSessionFetcher_GTMSessionFetcherCore' in project 'GTMSessionFetcher' (no dependencies)
    Target 'GULAppDelegateSwizzler' in project 'GoogleUtilities'
        ➜ Explicit dependency on target 'GoogleUtilities-AppDelegateSwizzler' in project 'GoogleUtilities'
        ➜ Explicit dependency on target 'GoogleUtilities_GoogleUtilities-AppDelegateSwizzler' in project 'GoogleUtilities'
        ➜ Explicit dependency on target 'third-party-IsAppEncrypted' in project 'GoogleUtilities'
        ➜ Explicit dependency on target 'GoogleUtilities-Environment' in project 'GoogleUtilities'
        ➜ Explicit dependency on target 'GoogleUtilities-Logger' in project 'GoogleUtilities'
        ➜ Explicit dependency on target 'GoogleUtilities-NSData' in project 'GoogleUtilities'
        ➜ Explicit dependency on target 'GoogleUtilities-Reachability' in project 'GoogleUtilities'
        ➜ Explicit dependency on target 'GoogleUtilities-Network' in project 'GoogleUtilities'
    Target 'GoogleUtilities-AppDelegateSwizzler' in project 'GoogleUtilities'
        ➜ Explicit dependency on target 'GoogleUtilities_GoogleUtilities-AppDelegateSwizzler' in project 'GoogleUtilities'
        ➜ Explicit dependency on target 'third-party-IsAppEncrypted' in project 'GoogleUtilities'
        ➜ Explicit dependency on target 'GoogleUtilities-Environment' in project 'GoogleUtilities'
        ➜ Explicit dependency on target 'GoogleUtilities-Logger' in project 'GoogleUtilities'
        ➜ Explicit dependency on target 'GoogleUtilities-NSData' in project 'GoogleUtilities'
        ➜ Explicit dependency on target 'GoogleUtilities-Reachability' in project 'GoogleUtilities'
        ➜ Explicit dependency on target 'GoogleUtilities-Network' in project 'GoogleUtilities'
    Target 'GoogleUtilities-Network' in project 'GoogleUtilities'
        ➜ Explicit dependency on target 'GoogleUtilities_GoogleUtilities-Network' in project 'GoogleUtilities'
        ➜ Explicit dependency on target 'third-party-IsAppEncrypted' in project 'GoogleUtilities'
        ➜ Explicit dependency on target 'GoogleUtilities-Environment' in project 'GoogleUtilities'
        ➜ Explicit dependency on target 'GoogleUtilities-Logger' in project 'GoogleUtilities'
        ➜ Explicit dependency on target 'GoogleUtilities-NSData' in project 'GoogleUtilities'
        ➜ Explicit dependency on target 'GoogleUtilities-Reachability' in project 'GoogleUtilities'
    Target 'GoogleUtilities_GoogleUtilities-Network' in project 'GoogleUtilities' (no dependencies)
    Target 'GoogleUtilities-Reachability' in project 'GoogleUtilities'
        ➜ Explicit dependency on target 'GoogleUtilities_GoogleUtilities-Reachability' in project 'GoogleUtilities'
        ➜ Explicit dependency on target 'third-party-IsAppEncrypted' in project 'GoogleUtilities'
        ➜ Explicit dependency on target 'GoogleUtilities-Environment' in project 'GoogleUtilities'
        ➜ Explicit dependency on target 'GoogleUtilities-Logger' in project 'GoogleUtilities'
    Target 'GoogleUtilities_GoogleUtilities-Reachability' in project 'GoogleUtilities' (no dependencies)
    Target 'GoogleUtilities_GoogleUtilities-AppDelegateSwizzler' in project 'GoogleUtilities' (no dependencies)
    Target 'FirebaseCoreExtension' in project 'Firebase'
        ➜ Explicit dependency on target 'Firebase_FirebaseCoreExtension' in project 'Firebase'
    Target 'Firebase_FirebaseCoreExtension' in project 'Firebase' (no dependencies)
    Target 'FirebaseCore' in project 'Firebase'
        ➜ Explicit dependency on target 'Firebase_FirebaseCore' in project 'Firebase'
        ➜ Explicit dependency on target 'Firebase' in project 'Firebase'
        ➜ Explicit dependency on target 'FirebaseCoreInternal' in project 'Firebase'
        ➜ Explicit dependency on target 'GULNSData' in project 'GoogleUtilities'
        ➜ Explicit dependency on target 'GULEnvironment' in project 'GoogleUtilities'
        ➜ Explicit dependency on target 'GULLogger' in project 'GoogleUtilities'
    Target 'GULLogger' in project 'GoogleUtilities'
        ➜ Explicit dependency on target 'GoogleUtilities-Logger' in project 'GoogleUtilities'
        ➜ Explicit dependency on target 'GoogleUtilities_GoogleUtilities-Logger' in project 'GoogleUtilities'
        ➜ Explicit dependency on target 'third-party-IsAppEncrypted' in project 'GoogleUtilities'
        ➜ Explicit dependency on target 'GoogleUtilities-Environment' in project 'GoogleUtilities'
    Target 'GoogleUtilities-Logger' in project 'GoogleUtilities'
        ➜ Explicit dependency on target 'GoogleUtilities_GoogleUtilities-Logger' in project 'GoogleUtilities'
        ➜ Explicit dependency on target 'third-party-IsAppEncrypted' in project 'GoogleUtilities'
        ➜ Explicit dependency on target 'GoogleUtilities-Environment' in project 'GoogleUtilities'
    Target 'GoogleUtilities_GoogleUtilities-Logger' in project 'GoogleUtilities' (no dependencies)
    Target 'GULEnvironment' in project 'GoogleUtilities'
        ➜ Explicit dependency on target 'GoogleUtilities-Environment' in project 'GoogleUtilities'
        ➜ Explicit dependency on target 'GoogleUtilities_GoogleUtilities-Environment' in project 'GoogleUtilities'
        ➜ Explicit dependency on target 'third-party-IsAppEncrypted' in project 'GoogleUtilities'
    Target 'GoogleUtilities-Environment' in project 'GoogleUtilities'
        ➜ Explicit dependency on target 'GoogleUtilities_GoogleUtilities-Environment' in project 'GoogleUtilities'
        ➜ Explicit dependency on target 'third-party-IsAppEncrypted' in project 'GoogleUtilities'
    Target 'third-party-IsAppEncrypted' in project 'GoogleUtilities' (no dependencies)
    Target 'GoogleUtilities_GoogleUtilities-Environment' in project 'GoogleUtilities' (no dependencies)
    Target 'Firebase_FirebaseCore' in project 'Firebase' (no dependencies)
    Target 'FirebaseCoreInternal' in project 'Firebase'
        ➜ Explicit dependency on target 'Firebase_FirebaseCoreInternal' in project 'Firebase'
        ➜ Explicit dependency on target 'GULNSData' in project 'GoogleUtilities'
    Target 'GULNSData' in project 'GoogleUtilities'
        ➜ Explicit dependency on target 'GoogleUtilities-NSData' in project 'GoogleUtilities'
        ➜ Explicit dependency on target 'GoogleUtilities_GoogleUtilities-NSData' in project 'GoogleUtilities'
    Target 'GoogleUtilities-NSData' in project 'GoogleUtilities'
        ➜ Explicit dependency on target 'GoogleUtilities_GoogleUtilities-NSData' in project 'GoogleUtilities'
    Target 'GoogleUtilities_GoogleUtilities-NSData' in project 'GoogleUtilities' (no dependencies)
    Target 'Firebase_FirebaseCoreInternal' in project 'Firebase' (no dependencies)
    Target 'Firebase' in project 'Firebase' (no dependencies)
    Target 'FirebaseAuthInternal' in project 'Firebase'
        ➜ Explicit dependency on target 'RecaptchaInterop' in project 'InteropForGoogle'
    Target 'RecaptchaInterop' in project 'InteropForGoogle'
        ➜ Explicit dependency on target 'RecaptchaInterop' in project 'InteropForGoogle'
    Target 'RecaptchaInterop' in project 'InteropForGoogle' (no dependencies)
    Target 'FirebaseAuthInterop' in project 'Firebase' (no dependencies)
    Target 'FirebaseAppCheckInterop' in project 'Firebase' (no dependencies)
    Target 'Firebase_FirebaseAuth' in project 'Firebase' (no dependencies)

GatherProvisioningInputs

CreateBuildDescription

ExecuteExternalTool /Applications/Xcode.app/Contents/Developer/Toolchains/XcodeDefault.xctoolchain/usr/bin/clang -v -E -dM -arch arm64 -isysroot /Applications/Xcode.app/Contents/Developer/Platforms/iPhoneSimulator.platform/Developer/SDKs/iPhoneSimulator26.0.sdk -x objective-c -c /dev/null

ExecuteExternalTool /Applications/Xcode.app/Contents/Developer/Toolchains/XcodeDefault.xctoolchain/usr/bin/swiftc --version

ExecuteExternalTool /Applications/Xcode.app/Contents/Developer/Toolchains/XcodeDefault.xctoolchain/usr/bin/clang -v -E -dM -isysroot /Applications/Xcode.app/Contents/Developer/Platforms/iPhoneSimulator.platform/Developer/SDKs/iPhoneSimulator26.0.sdk -x c -c /dev/null

ExecuteExternalTool /Applications/Xcode.app/Contents/Developer/usr/bin/ibtool --version --output-format xml1

ExecuteExternalTool /Applications/Xcode.app/Contents/Developer/usr/bin/actool --print-asset-tag-combinations --output-format xml1 /Users/etch/Downloads/APPS/glist/Glist/Glist/Assets.xcassets

ExecuteExternalTool /Applications/Xcode.app/Contents/Developer/Toolchains/XcodeDefault.xctoolchain/usr/bin/clang -v -E -dM -arch arm64 -isysroot /Applications/Xcode.app/Contents/Developer/Platforms/iPhoneSimulator.platform/Developer/SDKs/iPhoneSimulator26.0.sdk -x c -c /dev/null

ExecuteExternalTool /Applications/Xcode.app/Contents/Developer/Toolchains/XcodeDefault.xctoolchain/usr/bin/ld -version_details

ExecuteExternalTool /Applications/Xcode.app/Contents/Developer/Toolchains/XcodeDefault.xctoolchain/usr/bin/clang -v -E -dM -arch arm64 -isysroot /Applications/Xcode.app/Contents/Developer/Platforms/iPhoneSimulator.platform/Developer/SDKs/iPhoneSimulator26.0.sdk -x c++ -c /dev/null

ExecuteExternalTool /Applications/Xcode.app/Contents/Developer/usr/bin/actool --version --output-format xml1

Build description signature: 6d81ade1132254a6c85776a4ca6ad00d
Build description path: /Users/etch/Library/Developer/Xcode/DerivedData/Glist-cufzzxofvqwyuzetuqpkvqdnmner/Build/Intermediates.noindex/XCBuildData/6d81ade1132254a6c85776a4ca6ad00d.xcbuilddata
ClangStatCache /Applications/Xcode.app/Contents/Developer/Toolchains/XcodeDefault.xctoolchain/usr/bin/clang-stat-cache /Applications/Xcode.app/Contents/Developer/Platforms/iPhoneSimulator.platform/Developer/SDKs/iPhoneSimulator26.0.sdk /Users/etch/Library/Developer/Xcode/DerivedData/SDKStatCaches.noindex/iphonesimulator26.0-23A339-26257891a6c027eb51374368541b8346.sdkstatcache
    cd /Users/etch/Downloads/APPS/glist/Glist/Glist.xcodeproj
    /Applications/Xcode.app/Contents/Developer/Toolchains/XcodeDefault.xctoolchain/usr/bin/clang-stat-cache /Applications/Xcode.app/Contents/Developer/Platforms/iPhoneSimulator.platform/Developer/SDKs/iPhoneSimulator26.0.sdk -o /Users/etch/Library/Developer/Xcode/DerivedData/SDKStatCaches.noindex/iphonesimulator26.0-23A339-26257891a6c027eb51374368541b8346.sdkstatcache

ProcessInfoPlistFile /Users/etch/Library/Developer/Xcode/DerivedData/Glist-cufzzxofvqwyuzetuqpkvqdnmner/Build/Products/Debug-iphonesimulator/GoogleUtilities_GoogleUtilities-NSData.bundle/Info.plist /Users/etch/Library/Developer/Xcode/DerivedData/Glist-cufzzxofvqwyuzetuqpkvqdnmner/Build/Intermediates.noindex/GoogleUtilities.build/Debug-iphonesimulator/GoogleUtilities_GoogleUtilities-NSData.build/empty-GoogleUtilities_GoogleUtilities-NSData.plist (in target 'GoogleUtilities_GoogleUtilities-NSData' from project 'GoogleUtilities')
    cd /Users/etch/Library/Developer/Xcode/DerivedData/Glist-cufzzxofvqwyuzetuqpkvqdnmner/SourcePackages/checkouts/GoogleUtilities
    builtin-infoPlistUtility /Users/etch/Library/Developer/Xcode/DerivedData/Glist-cufzzxofvqwyuzetuqpkvqdnmner/Build/Intermediates.noindex/GoogleUtilities.build/Debug-iphonesimulator/GoogleUtilities_GoogleUtilities-NSData.build/empty-GoogleUtilities_GoogleUtilities-NSData.plist -producttype com.apple.product-type.bundle -expandbuildsettings -format binary -platform iphonesimulator -o /Users/etch/Library/Developer/Xcode/DerivedData/Glist-cufzzxofvqwyuzetuqpkvqdnmner/Build/Products/Debug-iphonesimulator/GoogleUtilities_GoogleUtilities-NSData.bundle/Info.plist

ProcessInfoPlistFile /Users/etch/Library/Developer/Xcode/DerivedData/Glist-cufzzxofvqwyuzetuqpkvqdnmner/Build/Products/Debug-iphonesimulator/nanopb_nanopb.bundle/Info.plist /Users/etch/Library/Developer/Xcode/DerivedData/Glist-cufzzxofvqwyuzetuqpkvqdnmner/Build/Intermediates.noindex/nanopb.build/Debug-iphonesimulator/nanopb_nanopb.build/empty-nanopb_nanopb.plist (in target 'nanopb_nanopb' from project 'nanopb')
    cd /Users/etch/Library/Developer/Xcode/DerivedData/Glist-cufzzxofvqwyuzetuqpkvqdnmner/SourcePackages/checkouts/nanopb
    builtin-infoPlistUtility /Users/etch/Library/Developer/Xcode/DerivedData/Glist-cufzzxofvqwyuzetuqpkvqdnmner/Build/Intermediates.noindex/nanopb.build/Debug-iphonesimulator/nanopb_nanopb.build/empty-nanopb_nanopb.plist -producttype com.apple.product-type.bundle -expandbuildsettings -format binary -platform iphonesimulator -o /Users/etch/Library/Developer/Xcode/DerivedData/Glist-cufzzxofvqwyuzetuqpkvqdnmner/Build/Products/Debug-iphonesimulator/nanopb_nanopb.bundle/Info.plist

ProcessInfoPlistFile /Users/etch/Library/Developer/Xcode/DerivedData/Glist-cufzzxofvqwyuzetuqpkvqdnmner/Build/Products/Debug-iphonesimulator/leveldb_leveldb.bundle/Info.plist /Users/etch/Library/Developer/Xcode/DerivedData/Glist-cufzzxofvqwyuzetuqpkvqdnmner/Build/Intermediates.noindex/leveldb.build/Debug-iphonesimulator/leveldb_leveldb.build/empty-leveldb_leveldb.plist (in target 'leveldb_leveldb' from project 'leveldb')
    cd /Users/etch/Library/Developer/Xcode/DerivedData/Glist-cufzzxofvqwyuzetuqpkvqdnmner/SourcePackages/checkouts/leveldb
    builtin-infoPlistUtility /Users/etch/Library/Developer/Xcode/DerivedData/Glist-cufzzxofvqwyuzetuqpkvqdnmner/Build/Intermediates.noindex/leveldb.build/Debug-iphonesimulator/leveldb_leveldb.build/empty-leveldb_leveldb.plist -producttype com.apple.product-type.bundle -expandbuildsettings -format binary -platform iphonesimulator -o /Users/etch/Library/Developer/Xcode/DerivedData/Glist-cufzzxofvqwyuzetuqpkvqdnmner/Build/Products/Debug-iphonesimulator/leveldb_leveldb.bundle/Info.plist

ProcessInfoPlistFile /Users/etch/Library/Developer/Xcode/DerivedData/Glist-cufzzxofvqwyuzetuqpkvqdnmner/Build/Products/Debug-iphonesimulator/gRPC_opensslWrapper.bundle/Info.plist /Users/etch/Library/Developer/Xcode/DerivedData/Glist-cufzzxofvqwyuzetuqpkvqdnmner/Build/Intermediates.noindex/gRPC.build/Debug-iphonesimulator/gRPC_opensslWrapper.build/empty-gRPC_opensslWrapper.plist (in target 'gRPC_opensslWrapper' from project 'gRPC')
    cd /Users/etch/Library/Developer/Xcode/DerivedData/Glist-cufzzxofvqwyuzetuqpkvqdnmner/SourcePackages/checkouts/grpc-binary
    builtin-infoPlistUtility /Users/etch/Library/Developer/Xcode/DerivedData/Glist-cufzzxofvqwyuzetuqpkvqdnmner/Build/Intermediates.noindex/gRPC.build/Debug-iphonesimulator/gRPC_opensslWrapper.build/empty-gRPC_opensslWrapper.plist -producttype com.apple.product-type.bundle -expandbuildsettings -format binary -platform iphonesimulator -o /Users/etch/Library/Developer/Xcode/DerivedData/Glist-cufzzxofvqwyuzetuqpkvqdnmner/Build/Products/Debug-iphonesimulator/gRPC_opensslWrapper.bundle/Info.plist

ProcessInfoPlistFile /Users/etch/Library/Developer/Xcode/DerivedData/Glist-cufzzxofvqwyuzetuqpkvqdnmner/Build/Products/Debug-iphonesimulator/gRPC_grpcWrapper.bundle/Info.plist /Users/etch/Library/Developer/Xcode/DerivedData/Glist-cufzzxofvqwyuzetuqpkvqdnmner/Build/Intermediates.noindex/gRPC.build/Debug-iphonesimulator/gRPC_grpcWrapper.build/empty-gRPC_grpcWrapper.plist (in target 'gRPC_grpcWrapper' from project 'gRPC')
    cd /Users/etch/Library/Developer/Xcode/DerivedData/Glist-cufzzxofvqwyuzetuqpkvqdnmner/SourcePackages/checkouts/grpc-binary
    builtin-infoPlistUtility /Users/etch/Library/Developer/Xcode/DerivedData/Glist-cufzzxofvqwyuzetuqpkvqdnmner/Build/Intermediates.noindex/gRPC.build/Debug-iphonesimulator/gRPC_grpcWrapper.build/empty-gRPC_grpcWrapper.plist -producttype com.apple.product-type.bundle -expandbuildsettings -format binary -platform iphonesimulator -o /Users/etch/Library/Developer/Xcode/DerivedData/Glist-cufzzxofvqwyuzetuqpkvqdnmner/Build/Products/Debug-iphonesimulator/gRPC_grpcWrapper.bundle/Info.plist

ProcessInfoPlistFile /Users/etch/Library/Developer/Xcode/DerivedData/Glist-cufzzxofvqwyuzetuqpkvqdnmner/Build/Products/Debug-iphonesimulator/gRPC_grpcppWrapper.bundle/Info.plist /Users/etch/Library/Developer/Xcode/DerivedData/Glist-cufzzxofvqwyuzetuqpkvqdnmner/Build/Intermediates.noindex/gRPC.build/Debug-iphonesimulator/gRPC_grpcppWrapper.build/empty-gRPC_grpcppWrapper.plist (in target 'gRPC_grpcppWrapper' from project 'gRPC')
    cd /Users/etch/Library/Developer/Xcode/DerivedData/Glist-cufzzxofvqwyuzetuqpkvqdnmner/SourcePackages/checkouts/grpc-binary
    builtin-infoPlistUtility /Users/etch/Library/Developer/Xcode/DerivedData/Glist-cufzzxofvqwyuzetuqpkvqdnmner/Build/Intermediates.noindex/gRPC.build/Debug-iphonesimulator/gRPC_grpcppWrapper.build/empty-gRPC_grpcppWrapper.plist -producttype com.apple.product-type.bundle -expandbuildsettings -format binary -platform iphonesimulator -o /Users/etch/Library/Developer/Xcode/DerivedData/Glist-cufzzxofvqwyuzetuqpkvqdnmner/Build/Products/Debug-iphonesimulator/gRPC_grpcppWrapper.bundle/Info.plist

ProcessInfoPlistFile /Users/etch/Library/Developer/Xcode/DerivedData/Glist-cufzzxofvqwyuzetuqpkvqdnmner/Build/Products/Debug-iphonesimulator/abseil_abslWrapper.bundle/Info.plist /Users/etch/Library/Developer/Xcode/DerivedData/Glist-cufzzxofvqwyuzetuqpkvqdnmner/Build/Intermediates.noindex/abseil.build/Debug-iphonesimulator/abseil_abslWrapper.build/empty-abseil_abslWrapper.plist (in target 'abseil_abslWrapper' from project 'abseil')
    cd /Users/etch/Library/Developer/Xcode/DerivedData/Glist-cufzzxofvqwyuzetuqpkvqdnmner/SourcePackages/checkouts/abseil-cpp-binary
    builtin-infoPlistUtility /Users/etch/Library/Developer/Xcode/DerivedData/Glist-cufzzxofvqwyuzetuqpkvqdnmner/Build/Intermediates.noindex/abseil.build/Debug-iphonesimulator/abseil_abslWrapper.build/empty-abseil_abslWrapper.plist -producttype com.apple.product-type.bundle -expandbuildsettings -format binary -platform iphonesimulator -o /Users/etch/Library/Developer/Xcode/DerivedData/Glist-cufzzxofvqwyuzetuqpkvqdnmner/Build/Products/Debug-iphonesimulator/abseil_abslWrapper.bundle/Info.plist

ProcessInfoPlistFile /Users/etch/Library/Developer/Xcode/DerivedData/Glist-cufzzxofvqwyuzetuqpkvqdnmner/Build/Products/Debug-iphonesimulator/Promises_FBLPromises.bundle/Info.plist /Users/etch/Library/Developer/Xcode/DerivedData/Glist-cufzzxofvqwyuzetuqpkvqdnmner/Build/Intermediates.noindex/Promises.build/Debug-iphonesimulator/Promises_FBLPromises.build/empty-Promises_FBLPromises.plist (in target 'Promises_FBLPromises' from project 'Promises')
    cd /Users/etch/Library/Developer/Xcode/DerivedData/Glist-cufzzxofvqwyuzetuqpkvqdnmner/SourcePackages/checkouts/promises
    builtin-infoPlistUtility /Users/etch/Library/Developer/Xcode/DerivedData/Glist-cufzzxofvqwyuzetuqpkvqdnmner/Build/Intermediates.noindex/Promises.build/Debug-iphonesimulator/Promises_FBLPromises.build/empty-Promises_FBLPromises.plist -producttype com.apple.product-type.bundle -expandbuildsettings -format binary -platform iphonesimulator -o /Users/etch/Library/Developer/Xcode/DerivedData/Glist-cufzzxofvqwyuzetuqpkvqdnmner/Build/Products/Debug-iphonesimulator/Promises_FBLPromises.bundle/Info.plist

ProcessInfoPlistFile /Users/etch/Library/Developer/Xcode/DerivedData/Glist-cufzzxofvqwyuzetuqpkvqdnmner/Build/Products/Debug-iphonesimulator/GoogleUtilities_GoogleUtilities-UserDefaults.bundle/Info.plist /Users/etch/Library/Developer/Xcode/DerivedData/Glist-cufzzxofvqwyuzetuqpkvqdnmner/Build/Intermediates.noindex/GoogleUtilities.build/Debug-iphonesimulator/GoogleUtilities_GoogleUtilities-UserDefaults.build/empty-GoogleUtilities_GoogleUtilities-UserDefaults.plist (in target 'GoogleUtilities_GoogleUtilities-UserDefaults' from project 'GoogleUtilities')
    cd /Users/etch/Library/Developer/Xcode/DerivedData/Glist-cufzzxofvqwyuzetuqpkvqdnmner/SourcePackages/checkouts/GoogleUtilities
    builtin-infoPlistUtility /Users/etch/Library/Developer/Xcode/DerivedData/Glist-cufzzxofvqwyuzetuqpkvqdnmner/Build/Intermediates.noindex/GoogleUtilities.build/Debug-iphonesimulator/GoogleUtilities_GoogleUtilities-UserDefaults.build/empty-GoogleUtilities_GoogleUtilities-UserDefaults.plist -producttype com.apple.product-type.bundle -expandbuildsettings -format binary -platform iphonesimulator -o /Users/etch/Library/Developer/Xcode/DerivedData/Glist-cufzzxofvqwyuzetuqpkvqdnmner/Build/Products/Debug-iphonesimulator/GoogleUtilities_GoogleUtilities-UserDefaults.bundle/Info.plist

ProcessInfoPlistFile /Users/etch/Library/Developer/Xcode/DerivedData/Glist-cufzzxofvqwyuzetuqpkvqdnmner/Build/Products/Debug-iphonesimulator/GoogleUtilities_GoogleUtilities-Reachability.bundle/Info.plist /Users/etch/Library/Developer/Xcode/DerivedData/Glist-cufzzxofvqwyuzetuqpkvqdnmner/Build/Intermediates.noindex/GoogleUtilities.build/Debug-iphonesimulator/GoogleUtilities_GoogleUtilities-Reachability.build/empty-GoogleUtilities_GoogleUtilities-Reachability.plist (in target 'GoogleUtilities_GoogleUtilities-Reachability' from project 'GoogleUtilities')
    cd /Users/etch/Library/Developer/Xcode/DerivedData/Glist-cufzzxofvqwyuzetuqpkvqdnmner/SourcePackages/checkouts/GoogleUtilities
    builtin-infoPlistUtility /Users/etch/Library/Developer/Xcode/DerivedData/Glist-cufzzxofvqwyuzetuqpkvqdnmner/Build/Intermediates.noindex/GoogleUtilities.build/Debug-iphonesimulator/GoogleUtilities_GoogleUtilities-Reachability.build/empty-GoogleUtilities_GoogleUtilities-Reachability.plist -producttype com.apple.product-type.bundle -expandbuildsettings -format binary -platform iphonesimulator -o /Users/etch/Library/Developer/Xcode/DerivedData/Glist-cufzzxofvqwyuzetuqpkvqdnmner/Build/Products/Debug-iphonesimulator/GoogleUtilities_GoogleUtilities-Reachability.bundle/Info.plist

ProcessInfoPlistFile /Users/etch/Library/Developer/Xcode/DerivedData/Glist-cufzzxofvqwyuzetuqpkvqdnmner/Build/Products/Debug-iphonesimulator/GoogleUtilities_GoogleUtilities-Network.bundle/Info.plist /Users/etch/Library/Developer/Xcode/DerivedData/Glist-cufzzxofvqwyuzetuqpkvqdnmner/Build/Intermediates.noindex/GoogleUtilities.build/Debug-iphonesimulator/GoogleUtilities_GoogleUtilities-Network.build/empty-GoogleUtilities_GoogleUtilities-Network.plist (in target 'GoogleUtilities_GoogleUtilities-Network' from project 'GoogleUtilities')
    cd /Users/etch/Library/Developer/Xcode/DerivedData/Glist-cufzzxofvqwyuzetuqpkvqdnmner/SourcePackages/checkouts/GoogleUtilities
    builtin-infoPlistUtility /Users/etch/Library/Developer/Xcode/DerivedData/Glist-cufzzxofvqwyuzetuqpkvqdnmner/Build/Intermediates.noindex/GoogleUtilities.build/Debug-iphonesimulator/GoogleUtilities_GoogleUtilities-Network.build/empty-GoogleUtilities_GoogleUtilities-Network.plist -producttype com.apple.product-type.bundle -expandbuildsettings -format binary -platform iphonesimulator -o /Users/etch/Library/Developer/Xcode/DerivedData/Glist-cufzzxofvqwyuzetuqpkvqdnmner/Build/Products/Debug-iphonesimulator/GoogleUtilities_GoogleUtilities-Network.bundle/Info.plist

ProcessInfoPlistFile /Users/etch/Library/Developer/Xcode/DerivedData/Glist-cufzzxofvqwyuzetuqpkvqdnmner/Build/Products/Debug-iphonesimulator/GoogleUtilities_GoogleUtilities-Logger.bundle/Info.plist /Users/etch/Library/Developer/Xcode/DerivedData/Glist-cufzzxofvqwyuzetuqpkvqdnmner/Build/Intermediates.noindex/GoogleUtilities.build/Debug-iphonesimulator/GoogleUtilities_GoogleUtilities-Logger.build/empty-GoogleUtilities_GoogleUtilities-Logger.plist (in target 'GoogleUtilities_GoogleUtilities-Logger' from project 'GoogleUtilities')
    cd /Users/etch/Library/Developer/Xcode/DerivedData/Glist-cufzzxofvqwyuzetuqpkvqdnmner/SourcePackages/checkouts/GoogleUtilities
    builtin-infoPlistUtility /Users/etch/Library/Developer/Xcode/DerivedData/Glist-cufzzxofvqwyuzetuqpkvqdnmner/Build/Intermediates.noindex/GoogleUtilities.build/Debug-iphonesimulator/GoogleUtilities_GoogleUtilities-Logger.build/empty-GoogleUtilities_GoogleUtilities-Logger.plist -producttype com.apple.product-type.bundle -expandbuildsettings -format binary -platform iphonesimulator -o /Users/etch/Library/Developer/Xcode/DerivedData/Glist-cufzzxofvqwyuzetuqpkvqdnmner/Build/Products/Debug-iphonesimulator/GoogleUtilities_GoogleUtilities-Logger.bundle/Info.plist

ProcessInfoPlistFile /Users/etch/Library/Developer/Xcode/DerivedData/Glist-cufzzxofvqwyuzetuqpkvqdnmner/Build/Products/Debug-iphonesimulator/GoogleUtilities_GoogleUtilities-Environment.bundle/Info.plist /Users/etch/Library/Developer/Xcode/DerivedData/Glist-cufzzxofvqwyuzetuqpkvqdnmner/Build/Intermediates.noindex/GoogleUtilities.build/Debug-iphonesimulator/GoogleUtilities_GoogleUtilities-Environment.build/empty-GoogleUtilities_GoogleUtilities-Environment.plist (in target 'GoogleUtilities_GoogleUtilities-Environment' from project 'GoogleUtilities')
    cd /Users/etch/Library/Developer/Xcode/DerivedData/Glist-cufzzxofvqwyuzetuqpkvqdnmner/SourcePackages/checkouts/GoogleUtilities
    builtin-infoPlistUtility /Users/etch/Library/Developer/Xcode/DerivedData/Glist-cufzzxofvqwyuzetuqpkvqdnmner/Build/Intermediates.noindex/GoogleUtilities.build/Debug-iphonesimulator/GoogleUtilities_GoogleUtilities-Environment.build/empty-GoogleUtilities_GoogleUtilities-Environment.plist -producttype com.apple.product-type.bundle -expandbuildsettings -format binary -platform iphonesimulator -o /Users/etch/Library/Developer/Xcode/DerivedData/Glist-cufzzxofvqwyuzetuqpkvqdnmner/Build/Products/Debug-iphonesimulator/GoogleUtilities_GoogleUtilities-Environment.bundle/Info.plist

ProcessInfoPlistFile /Users/etch/Library/Developer/Xcode/DerivedData/Glist-cufzzxofvqwyuzetuqpkvqdnmner/Build/Products/Debug-iphonesimulator/GoogleUtilities_GoogleUtilities-AppDelegateSwizzler.bundle/Info.plist /Users/etch/Library/Developer/Xcode/DerivedData/Glist-cufzzxofvqwyuzetuqpkvqdnmner/Build/Intermediates.noindex/GoogleUtilities.build/Debug-iphonesimulator/GoogleUtilities_GoogleUtilities-AppDelegateSwizzler.build/empty-GoogleUtilities_GoogleUtilities-AppDelegateSwizzler.plist (in target 'GoogleUtilities_GoogleUtilities-AppDelegateSwizzler' from project 'GoogleUtilities')
    cd /Users/etch/Library/Developer/Xcode/DerivedData/Glist-cufzzxofvqwyuzetuqpkvqdnmner/SourcePackages/checkouts/GoogleUtilities
    builtin-infoPlistUtility /Users/etch/Library/Developer/Xcode/DerivedData/Glist-cufzzxofvqwyuzetuqpkvqdnmner/Build/Intermediates.noindex/GoogleUtilities.build/Debug-iphonesimulator/GoogleUtilities_GoogleUtilities-AppDelegateSwizzler.build/empty-GoogleUtilities_GoogleUtilities-AppDelegateSwizzler.plist -producttype com.apple.product-type.bundle -expandbuildsettings -format binary -platform iphonesimulator -o /Users/etch/Library/Developer/Xcode/DerivedData/Glist-cufzzxofvqwyuzetuqpkvqdnmner/Build/Products/Debug-iphonesimulator/GoogleUtilities_GoogleUtilities-AppDelegateSwizzler.bundle/Info.plist

ProcessInfoPlistFile /Users/etch/Library/Developer/Xcode/DerivedData/Glist-cufzzxofvqwyuzetuqpkvqdnmner/Build/Products/Debug-iphonesimulator/GoogleDataTransport_GoogleDataTransport.bundle/Info.plist /Users/etch/Library/Developer/Xcode/DerivedData/Glist-cufzzxofvqwyuzetuqpkvqdnmner/Build/Intermediates.noindex/GoogleDataTransport.build/Debug-iphonesimulator/GoogleDataTransport_GoogleDataTransport.build/empty-GoogleDataTransport_GoogleDataTransport.plist (in target 'GoogleDataTransport_GoogleDataTransport' from project 'GoogleDataTransport')
    cd /Users/etch/Library/Developer/Xcode/DerivedData/Glist-cufzzxofvqwyuzetuqpkvqdnmner/SourcePackages/checkouts/GoogleDataTransport
    builtin-infoPlistUtility /Users/etch/Library/Developer/Xcode/DerivedData/Glist-cufzzxofvqwyuzetuqpkvqdnmner/Build/Intermediates.noindex/GoogleDataTransport.build/Debug-iphonesimulator/GoogleDataTransport_GoogleDataTransport.build/empty-GoogleDataTransport_GoogleDataTransport.plist -producttype com.apple.product-type.bundle -expandbuildsettings -format binary -platform iphonesimulator -o /Users/etch/Library/Developer/Xcode/DerivedData/Glist-cufzzxofvqwyuzetuqpkvqdnmner/Build/Products/Debug-iphonesimulator/GoogleDataTransport_GoogleDataTransport.bundle/Info.plist

ProcessInfoPlistFile /Users/etch/Library/Developer/Xcode/DerivedData/Glist-cufzzxofvqwyuzetuqpkvqdnmner/Build/Products/Debug-iphonesimulator/GTMSessionFetcher_GTMSessionFetcherCore.bundle/Info.plist /Users/etch/Library/Developer/Xcode/DerivedData/Glist-cufzzxofvqwyuzetuqpkvqdnmner/Build/Intermediates.noindex/GTMSessionFetcher.build/Debug-iphonesimulator/GTMSessionFetcher_GTMSessionFetcherCore.build/empty-GTMSessionFetcher_GTMSessionFetcherCore.plist (in target 'GTMSessionFetcher_GTMSessionFetcherCore' from project 'GTMSessionFetcher')
    cd /Users/etch/Library/Developer/Xcode/DerivedData/Glist-cufzzxofvqwyuzetuqpkvqdnmner/SourcePackages/checkouts/gtm-session-fetcher
    builtin-infoPlistUtility /Users/etch/Library/Developer/Xcode/DerivedData/Glist-cufzzxofvqwyuzetuqpkvqdnmner/Build/Intermediates.noindex/GTMSessionFetcher.build/Debug-iphonesimulator/GTMSessionFetcher_GTMSessionFetcherCore.build/empty-GTMSessionFetcher_GTMSessionFetcherCore.plist -producttype com.apple.product-type.bundle -expandbuildsettings -format binary -platform iphonesimulator -o /Users/etch/Library/Developer/Xcode/DerivedData/Glist-cufzzxofvqwyuzetuqpkvqdnmner/Build/Products/Debug-iphonesimulator/GTMSessionFetcher_GTMSessionFetcherCore.bundle/Info.plist

ProcessInfoPlistFile /Users/etch/Library/Developer/Xcode/DerivedData/Glist-cufzzxofvqwyuzetuqpkvqdnmner/Build/Products/Debug-iphonesimulator/Firebase_FirebaseMessaging.bundle/Info.plist /Users/etch/Library/Developer/Xcode/DerivedData/Glist-cufzzxofvqwyuzetuqpkvqdnmner/Build/Intermediates.noindex/Firebase.build/Debug-iphonesimulator/Firebase_FirebaseMessaging.build/empty-Firebase_FirebaseMessaging.plist (in target 'Firebase_FirebaseMessaging' from project 'Firebase')
    cd /Users/etch/Library/Developer/Xcode/DerivedData/Glist-cufzzxofvqwyuzetuqpkvqdnmner/SourcePackages/checkouts/firebase-ios-sdk
    builtin-infoPlistUtility /Users/etch/Library/Developer/Xcode/DerivedData/Glist-cufzzxofvqwyuzetuqpkvqdnmner/Build/Intermediates.noindex/Firebase.build/Debug-iphonesimulator/Firebase_FirebaseMessaging.build/empty-Firebase_FirebaseMessaging.plist -producttype com.apple.product-type.bundle -expandbuildsettings -format binary -platform iphonesimulator -o /Users/etch/Library/Developer/Xcode/DerivedData/Glist-cufzzxofvqwyuzetuqpkvqdnmner/Build/Products/Debug-iphonesimulator/Firebase_FirebaseMessaging.bundle/Info.plist

ProcessInfoPlistFile /Users/etch/Library/Developer/Xcode/DerivedData/Glist-cufzzxofvqwyuzetuqpkvqdnmner/Build/Products/Debug-iphonesimulator/Firebase_FirebaseInstallations.bundle/Info.plist /Users/etch/Library/Developer/Xcode/DerivedData/Glist-cufzzxofvqwyuzetuqpkvqdnmner/Build/Intermediates.noindex/Firebase.build/Debug-iphonesimulator/Firebase_FirebaseInstallations.build/empty-Firebase_FirebaseInstallations.plist (in target 'Firebase_FirebaseInstallations' from project 'Firebase')
    cd /Users/etch/Library/Developer/Xcode/DerivedData/Glist-cufzzxofvqwyuzetuqpkvqdnmner/SourcePackages/checkouts/firebase-ios-sdk
    builtin-infoPlistUtility /Users/etch/Library/Developer/Xcode/DerivedData/Glist-cufzzxofvqwyuzetuqpkvqdnmner/Build/Intermediates.noindex/Firebase.build/Debug-iphonesimulator/Firebase_FirebaseInstallations.build/empty-Firebase_FirebaseInstallations.plist -producttype com.apple.product-type.bundle -expandbuildsettings -format binary -platform iphonesimulator -o /Users/etch/Library/Developer/Xcode/DerivedData/Glist-cufzzxofvqwyuzetuqpkvqdnmner/Build/Products/Debug-iphonesimulator/Firebase_FirebaseInstallations.bundle/Info.plist

ProcessInfoPlistFile /Users/etch/Library/Developer/Xcode/DerivedData/Glist-cufzzxofvqwyuzetuqpkvqdnmner/Build/Products/Debug-iphonesimulator/Firebase_FirebaseFirestore.bundle/Info.plist /Users/etch/Library/Developer/Xcode/DerivedData/Glist-cufzzxofvqwyuzetuqpkvqdnmner/Build/Intermediates.noindex/Firebase.build/Debug-iphonesimulator/Firebase_FirebaseFirestore.build/empty-Firebase_FirebaseFirestore.plist (in target 'Firebase_FirebaseFirestore' from project 'Firebase')
    cd /Users/etch/Library/Developer/Xcode/DerivedData/Glist-cufzzxofvqwyuzetuqpkvqdnmner/SourcePackages/checkouts/firebase-ios-sdk
    builtin-infoPlistUtility /Users/etch/Library/Developer/Xcode/DerivedData/Glist-cufzzxofvqwyuzetuqpkvqdnmner/Build/Intermediates.noindex/Firebase.build/Debug-iphonesimulator/Firebase_FirebaseFirestore.build/empty-Firebase_FirebaseFirestore.plist -producttype com.apple.product-type.bundle -expandbuildsettings -format binary -platform iphonesimulator -o /Users/etch/Library/Developer/Xcode/DerivedData/Glist-cufzzxofvqwyuzetuqpkvqdnmner/Build/Products/Debug-iphonesimulator/Firebase_FirebaseFirestore.bundle/Info.plist

ProcessInfoPlistFile /Users/etch/Library/Developer/Xcode/DerivedData/Glist-cufzzxofvqwyuzetuqpkvqdnmner/Build/Products/Debug-iphonesimulator/Firebase_FirebaseCoreInternal.bundle/Info.plist /Users/etch/Library/Developer/Xcode/DerivedData/Glist-cufzzxofvqwyuzetuqpkvqdnmner/Build/Intermediates.noindex/Firebase.build/Debug-iphonesimulator/Firebase_FirebaseCoreInternal.build/empty-Firebase_FirebaseCoreInternal.plist (in target 'Firebase_FirebaseCoreInternal' from project 'Firebase')
    cd /Users/etch/Library/Developer/Xcode/DerivedData/Glist-cufzzxofvqwyuzetuqpkvqdnmner/SourcePackages/checkouts/firebase-ios-sdk
    builtin-infoPlistUtility /Users/etch/Library/Developer/Xcode/DerivedData/Glist-cufzzxofvqwyuzetuqpkvqdnmner/Build/Intermediates.noindex/Firebase.build/Debug-iphonesimulator/Firebase_FirebaseCoreInternal.build/empty-Firebase_FirebaseCoreInternal.plist -producttype com.apple.product-type.bundle -expandbuildsettings -format binary -platform iphonesimulator -o /Users/etch/Library/Developer/Xcode/DerivedData/Glist-cufzzxofvqwyuzetuqpkvqdnmner/Build/Products/Debug-iphonesimulator/Firebase_FirebaseCoreInternal.bundle/Info.plist

ProcessInfoPlistFile /Users/etch/Library/Developer/Xcode/DerivedData/Glist-cufzzxofvqwyuzetuqpkvqdnmner/Build/Products/Debug-iphonesimulator/Firebase_FirebaseCoreExtension.bundle/Info.plist /Users/etch/Library/Developer/Xcode/DerivedData/Glist-cufzzxofvqwyuzetuqpkvqdnmner/Build/Intermediates.noindex/Firebase.build/Debug-iphonesimulator/Firebase_FirebaseCoreExtension.build/empty-Firebase_FirebaseCoreExtension.plist (in target 'Firebase_FirebaseCoreExtension' from project 'Firebase')
    cd /Users/etch/Library/Developer/Xcode/DerivedData/Glist-cufzzxofvqwyuzetuqpkvqdnmner/SourcePackages/checkouts/firebase-ios-sdk
    builtin-infoPlistUtility /Users/etch/Library/Developer/Xcode/DerivedData/Glist-cufzzxofvqwyuzetuqpkvqdnmner/Build/Intermediates.noindex/Firebase.build/Debug-iphonesimulator/Firebase_FirebaseCoreExtension.build/empty-Firebase_FirebaseCoreExtension.plist -producttype com.apple.product-type.bundle -expandbuildsettings -format binary -platform iphonesimulator -o /Users/etch/Library/Developer/Xcode/DerivedData/Glist-cufzzxofvqwyuzetuqpkvqdnmner/Build/Products/Debug-iphonesimulator/Firebase_FirebaseCoreExtension.bundle/Info.plist

ProcessInfoPlistFile /Users/etch/Library/Developer/Xcode/DerivedData/Glist-cufzzxofvqwyuzetuqpkvqdnmner/Build/Products/Debug-iphonesimulator/Firebase_FirebaseCore.bundle/Info.plist /Users/etch/Library/Developer/Xcode/DerivedData/Glist-cufzzxofvqwyuzetuqpkvqdnmner/Build/Intermediates.noindex/Firebase.build/Debug-iphonesimulator/Firebase_FirebaseCore.build/empty-Firebase_FirebaseCore.plist (in target 'Firebase_FirebaseCore' from project 'Firebase')
    cd /Users/etch/Library/Developer/Xcode/DerivedData/Glist-cufzzxofvqwyuzetuqpkvqdnmner/SourcePackages/checkouts/firebase-ios-sdk
    builtin-infoPlistUtility /Users/etch/Library/Developer/Xcode/DerivedData/Glist-cufzzxofvqwyuzetuqpkvqdnmner/Build/Intermediates.noindex/Firebase.build/Debug-iphonesimulator/Firebase_FirebaseCore.build/empty-Firebase_FirebaseCore.plist -producttype com.apple.product-type.bundle -expandbuildsettings -format binary -platform iphonesimulator -o /Users/etch/Library/Developer/Xcode/DerivedData/Glist-cufzzxofvqwyuzetuqpkvqdnmner/Build/Products/Debug-iphonesimulator/Firebase_FirebaseCore.bundle/Info.plist

ProcessInfoPlistFile /Users/etch/Library/Developer/Xcode/DerivedData/Glist-cufzzxofvqwyuzetuqpkvqdnmner/Build/Products/Debug-iphonesimulator/Firebase_FirebaseAuth.bundle/Info.plist /Users/etch/Library/Developer/Xcode/DerivedData/Glist-cufzzxofvqwyuzetuqpkvqdnmner/Build/Intermediates.noindex/Firebase.build/Debug-iphonesimulator/Firebase_FirebaseAuth.build/empty-Firebase_FirebaseAuth.plist (in target 'Firebase_FirebaseAuth' from project 'Firebase')
    cd /Users/etch/Library/Developer/Xcode/DerivedData/Glist-cufzzxofvqwyuzetuqpkvqdnmner/SourcePackages/checkouts/firebase-ios-sdk
    builtin-infoPlistUtility /Users/etch/Library/Developer/Xcode/DerivedData/Glist-cufzzxofvqwyuzetuqpkvqdnmner/Build/Intermediates.noindex/Firebase.build/Debug-iphonesimulator/Firebase_FirebaseAuth.build/empty-Firebase_FirebaseAuth.plist -producttype com.apple.product-type.bundle -expandbuildsettings -format binary -platform iphonesimulator -o /Users/etch/Library/Developer/Xcode/DerivedData/Glist-cufzzxofvqwyuzetuqpkvqdnmner/Build/Products/Debug-iphonesimulator/Firebase_FirebaseAuth.bundle/Info.plist

Ld /Users/etch/Library/Developer/Xcode/DerivedData/Glist-cufzzxofvqwyuzetuqpkvqdnmner/Build/Products/Debug-iphonesimulator/third-party-IsAppEncrypted.o normal (in target 'third-party-IsAppEncrypted' from project 'GoogleUtilities')
    cd /Users/etch/Library/Developer/Xcode/DerivedData/Glist-cufzzxofvqwyuzetuqpkvqdnmner/SourcePackages/checkouts/GoogleUtilities
    /Applications/Xcode.app/Contents/Developer/Toolchains/XcodeDefault.xctoolchain/usr/bin/clang -Xlinker -reproducible -target arm64-apple-ios12.0-simulator -r -isysroot /Applications/Xcode.app/Contents/Developer/Platforms/iPhoneSimulator.platform/Developer/SDKs/iPhoneSimulator26.0.sdk -O0 -w -L/Users/etch/Library/Developer/Xcode/DerivedData/Glist-cufzzxofvqwyuzetuqpkvqdnmner/Build/Intermediates.noindex/EagerLinkingTBDs/Debug-iphonesimulator -L/Users/etch/Library/Developer/Xcode/DerivedData/Glist-cufzzxofvqwyuzetuqpkvqdnmner/Build/Products/Debug-iphonesimulator -L/Applications/Xcode.app/Contents/Developer/Platforms/iPhoneSimulator.platform/Developer/usr/lib -F/Users/etch/Library/Developer/Xcode/DerivedData/Glist-cufzzxofvqwyuzetuqpkvqdnmner/Build/Intermediates.noindex/EagerLinkingTBDs/Debug-iphonesimulator -F/Users/etch/Library/Developer/Xcode/DerivedData/Glist-cufzzxofvqwyuzetuqpkvqdnmner/Build/Products/Debug-iphonesimulator -iframework /Applications/Xcode.app/Contents/Developer/Platforms/iPhoneSimulator.platform/Developer/Library/Frameworks -iframework /Applications/Xcode.app/Contents/Developer/Platforms/iPhoneSimulator.platform/Developer/SDKs/iPhoneSimulator26.0.sdk/Developer/Library/Frameworks -filelist /Users/etch/Library/Developer/Xcode/DerivedData/Glist-cufzzxofvqwyuzetuqpkvqdnmner/Build/Intermediates.noindex/GoogleUtilities.build/Debug-iphonesimulator/third-party-IsAppEncrypted.build/Objects-normal/arm64/third-party-IsAppEncrypted.LinkFileList -nostdlib -Xlinker -object_path_lto -Xlinker /Users/etch/Library/Developer/Xcode/DerivedData/Glist-cufzzxofvqwyuzetuqpkvqdnmner/Build/Intermediates.noindex/GoogleUtilities.build/Debug-iphonesimulator/third-party-IsAppEncrypted.build/Objects-normal/arm64/third-party-IsAppEncrypted_lto.o -rdynamic -Xlinker -no_deduplicate -Xlinker -objc_abi_version -Xlinker 2 -Xlinker -debug_variant -Xlinker -dependency_info -Xlinker /Users/etch/Library/Developer/Xcode/DerivedData/Glist-cufzzxofvqwyuzetuqpkvqdnmner/Build/Intermediates.noindex/GoogleUtilities.build/Debug-iphonesimulator/third-party-IsAppEncrypted.build/Objects-normal/arm64/third-party-IsAppEncrypted_dependency_info.dat -fobjc-arc -fobjc-link-runtime -o /Users/etch/Library/Developer/Xcode/DerivedData/Glist-cufzzxofvqwyuzetuqpkvqdnmner/Build/Products/Debug-iphonesimulator/third-party-IsAppEncrypted.o

Ld /Users/etch/Library/Developer/Xcode/DerivedData/Glist-cufzzxofvqwyuzetuqpkvqdnmner/Build/Products/Debug-iphonesimulator/RecaptchaInterop.o normal (in target 'RecaptchaInterop' from project 'InteropForGoogle')
    cd /Users/etch/Library/Developer/Xcode/DerivedData/Glist-cufzzxofvqwyuzetuqpkvqdnmner/SourcePackages/checkouts/interop-ios-for-google-sdks
    /Applications/Xcode.app/Contents/Developer/Toolchains/XcodeDefault.xctoolchain/usr/bin/clang -Xlinker -reproducible -target arm64-apple-ios12.0-simulator -r -isysroot /Applications/Xcode.app/Contents/Developer/Platforms/iPhoneSimulator.platform/Developer/SDKs/iPhoneSimulator26.0.sdk -O0 -w -L/Users/etch/Library/Developer/Xcode/DerivedData/Glist-cufzzxofvqwyuzetuqpkvqdnmner/Build/Intermediates.noindex/EagerLinkingTBDs/Debug-iphonesimulator -L/Users/etch/Library/Developer/Xcode/DerivedData/Glist-cufzzxofvqwyuzetuqpkvqdnmner/Build/Products/Debug-iphonesimulator -L/Applications/Xcode.app/Contents/Developer/Platforms/iPhoneSimulator.platform/Developer/usr/lib -F/Users/etch/Library/Developer/Xcode/DerivedData/Glist-cufzzxofvqwyuzetuqpkvqdnmner/Build/Intermediates.noindex/EagerLinkingTBDs/Debug-iphonesimulator -F/Users/etch/Library/Developer/Xcode/DerivedData/Glist-cufzzxofvqwyuzetuqpkvqdnmner/Build/Products/Debug-iphonesimulator -iframework /Applications/Xcode.app/Contents/Developer/Platforms/iPhoneSimulator.platform/Developer/Library/Frameworks -iframework /Applications/Xcode.app/Contents/Developer/Platforms/iPhoneSimulator.platform/Developer/SDKs/iPhoneSimulator26.0.sdk/Developer/Library/Frameworks -filelist /Users/etch/Library/Developer/Xcode/DerivedData/Glist-cufzzxofvqwyuzetuqpkvqdnmner/Build/Intermediates.noindex/InteropForGoogle.build/Debug-iphonesimulator/RecaptchaInterop.build/Objects-normal/arm64/RecaptchaInterop.LinkFileList -nostdlib -Xlinker -object_path_lto -Xlinker /Users/etch/Library/Developer/Xcode/DerivedData/Glist-cufzzxofvqwyuzetuqpkvqdnmner/Build/Intermediates.noindex/InteropForGoogle.build/Debug-iphonesimulator/RecaptchaInterop.build/Objects-normal/arm64/RecaptchaInterop_lto.o -rdynamic -Xlinker -no_deduplicate -Xlinker -objc_abi_version -Xlinker 2 -Xlinker -debug_variant -Xlinker -dependency_info -Xlinker /Users/etch/Library/Developer/Xcode/DerivedData/Glist-cufzzxofvqwyuzetuqpkvqdnmner/Build/Intermediates.noindex/InteropForGoogle.build/Debug-iphonesimulator/RecaptchaInterop.build/Objects-normal/arm64/RecaptchaInterop_dependency_info.dat -fobjc-arc -fobjc-link-runtime -o /Users/etch/Library/Developer/Xcode/DerivedData/Glist-cufzzxofvqwyuzetuqpkvqdnmner/Build/Products/Debug-iphonesimulator/RecaptchaInterop.o

Ld /Users/etch/Library/Developer/Xcode/DerivedData/Glist-cufzzxofvqwyuzetuqpkvqdnmner/Build/Products/Debug-iphonesimulator/FirebaseSharedSwift.o normal (in target 'FirebaseSharedSwift' from project 'Firebase')
    cd /Users/etch/Library/Developer/Xcode/DerivedData/Glist-cufzzxofvqwyuzetuqpkvqdnmner/SourcePackages/checkouts/firebase-ios-sdk
    /Applications/Xcode.app/Contents/Developer/Toolchains/XcodeDefault.xctoolchain/usr/bin/clang -Xlinker -reproducible -target arm64-apple-ios15.0-simulator -r -isysroot /Applications/Xcode.app/Contents/Developer/Platforms/iPhoneSimulator.platform/Developer/SDKs/iPhoneSimulator26.0.sdk -O0 -w -L/Users/etch/Library/Developer/Xcode/DerivedData/Glist-cufzzxofvqwyuzetuqpkvqdnmner/Build/Intermediates.noindex/EagerLinkingTBDs/Debug-iphonesimulator -L/Users/etch/Library/Developer/Xcode/DerivedData/Glist-cufzzxofvqwyuzetuqpkvqdnmner/Build/Products/Debug-iphonesimulator -L/Applications/Xcode.app/Contents/Developer/Platforms/iPhoneSimulator.platform/Developer/usr/lib -F/Users/etch/Library/Developer/Xcode/DerivedData/Glist-cufzzxofvqwyuzetuqpkvqdnmner/Build/Intermediates.noindex/EagerLinkingTBDs/Debug-iphonesimulator -F/Users/etch/Library/Developer/Xcode/DerivedData/Glist-cufzzxofvqwyuzetuqpkvqdnmner/Build/Products/Debug-iphonesimulator -iframework /Applications/Xcode.app/Contents/Developer/Platforms/iPhoneSimulator.platform/Developer/Library/Frameworks -iframework /Applications/Xcode.app/Contents/Developer/Platforms/iPhoneSimulator.platform/Developer/SDKs/iPhoneSimulator26.0.sdk/Developer/Library/Frameworks -filelist /Users/etch/Library/Developer/Xcode/DerivedData/Glist-cufzzxofvqwyuzetuqpkvqdnmner/Build/Intermediates.noindex/Firebase.build/Debug-iphonesimulator/FirebaseSharedSwift.build/Objects-normal/arm64/FirebaseSharedSwift.LinkFileList -nostdlib -Xlinker -object_path_lto -Xlinker /Users/etch/Library/Developer/Xcode/DerivedData/Glist-cufzzxofvqwyuzetuqpkvqdnmner/Build/Intermediates.noindex/Firebase.build/Debug-iphonesimulator/FirebaseSharedSwift.build/Objects-normal/arm64/FirebaseSharedSwift_lto.o -rdynamic -Xlinker -no_deduplicate -Xlinker -objc_abi_version -Xlinker 2 -Xlinker -debug_variant -Xlinker -dependency_info -Xlinker /Users/etch/Library/Developer/Xcode/DerivedData/Glist-cufzzxofvqwyuzetuqpkvqdnmner/Build/Intermediates.noindex/Firebase.build/Debug-iphonesimulator/FirebaseSharedSwift.build/Objects-normal/arm64/FirebaseSharedSwift_dependency_info.dat -fobjc-link-runtime -L/Applications/Xcode.app/Contents/Developer/Toolchains/XcodeDefault.xctoolchain/usr/lib/swift/iphonesimulator -L/usr/lib/swift -Xlinker -add_ast_path -Xlinker /Users/etch/Library/Developer/Xcode/DerivedData/Glist-cufzzxofvqwyuzetuqpkvqdnmner/Build/Intermediates.noindex/Firebase.build/Debug-iphonesimulator/FirebaseSharedSwift.build/Objects-normal/arm64/FirebaseSharedSwift.swiftmodule @/Users/etch/Library/Developer/Xcode/DerivedData/Glist-cufzzxofvqwyuzetuqpkvqdnmner/Build/Intermediates.noindex/Firebase.build/Debug-iphonesimulator/FirebaseSharedSwift.build/Objects-normal/arm64/FirebaseSharedSwift-linker-args.resp -o /Users/etch/Library/Developer/Xcode/DerivedData/Glist-cufzzxofvqwyuzetuqpkvqdnmner/Build/Products/Debug-iphonesimulator/FirebaseSharedSwift.o

Ld /Users/etch/Library/Developer/Xcode/DerivedData/Glist-cufzzxofvqwyuzetuqpkvqdnmner/Build/Products/Debug-iphonesimulator/FirebaseFirestoreInternalWrapper.o normal (in target 'FirebaseFirestoreInternalWrapper' from project 'Firebase')
    cd /Users/etch/Library/Developer/Xcode/DerivedData/Glist-cufzzxofvqwyuzetuqpkvqdnmner/SourcePackages/checkouts/firebase-ios-sdk
    /Applications/Xcode.app/Contents/Developer/Toolchains/XcodeDefault.xctoolchain/usr/bin/clang -Xlinker -reproducible -target arm64-apple-ios15.0-simulator -r -isysroot /Applications/Xcode.app/Contents/Developer/Platforms/iPhoneSimulator.platform/Developer/SDKs/iPhoneSimulator26.0.sdk -O0 -w -L/Users/etch/Library/Developer/Xcode/DerivedData/Glist-cufzzxofvqwyuzetuqpkvqdnmner/Build/Intermediates.noindex/EagerLinkingTBDs/Debug-iphonesimulator -L/Users/etch/Library/Developer/Xcode/DerivedData/Glist-cufzzxofvqwyuzetuqpkvqdnmner/Build/Products/Debug-iphonesimulator -L/Applications/Xcode.app/Contents/Developer/Platforms/iPhoneSimulator.platform/Developer/usr/lib -F/Users/etch/Library/Developer/Xcode/DerivedData/Glist-cufzzxofvqwyuzetuqpkvqdnmner/Build/Intermediates.noindex/EagerLinkingTBDs/Debug-iphonesimulator -F/Users/etch/Library/Developer/Xcode/DerivedData/Glist-cufzzxofvqwyuzetuqpkvqdnmner/Build/Products/Debug-iphonesimulator -iframework /Applications/Xcode.app/Contents/Developer/Platforms/iPhoneSimulator.platform/Developer/Library/Frameworks -iframework /Applications/Xcode.app/Contents/Developer/Platforms/iPhoneSimulator.platform/Developer/SDKs/iPhoneSimulator26.0.sdk/Developer/Library/Frameworks -filelist /Users/etch/Library/Developer/Xcode/DerivedData/Glist-cufzzxofvqwyuzetuqpkvqdnmner/Build/Intermediates.noindex/Firebase.build/Debug-iphonesimulator/FirebaseFirestoreInternalWrapper.build/Objects-normal/arm64/FirebaseFirestoreInternalWrapper.LinkFileList -nostdlib -Xlinker -object_path_lto -Xlinker /Users/etch/Library/Developer/Xcode/DerivedData/Glist-cufzzxofvqwyuzetuqpkvqdnmner/Build/Intermediates.noindex/Firebase.build/Debug-iphonesimulator/FirebaseFirestoreInternalWrapper.build/Objects-normal/arm64/FirebaseFirestoreInternalWrapper_lto.o -rdynamic -Xlinker -no_deduplicate -Xlinker -objc_abi_version -Xlinker 2 -Xlinker -debug_variant -Xlinker -dependency_info -Xlinker /Users/etch/Library/Developer/Xcode/DerivedData/Glist-cufzzxofvqwyuzetuqpkvqdnmner/Build/Intermediates.noindex/Firebase.build/Debug-iphonesimulator/FirebaseFirestoreInternalWrapper.build/Objects-normal/arm64/FirebaseFirestoreInternalWrapper_dependency_info.dat -fobjc-arc -fobjc-link-runtime -o /Users/etch/Library/Developer/Xcode/DerivedData/Glist-cufzzxofvqwyuzetuqpkvqdnmner/Build/Products/Debug-iphonesimulator/FirebaseFirestoreInternalWrapper.o

Ld /Users/etch/Library/Developer/Xcode/DerivedData/Glist-cufzzxofvqwyuzetuqpkvqdnmner/Build/Products/Debug-iphonesimulator/FirebaseAuthInterop.o normal (in target 'FirebaseAuthInterop' from project 'Firebase')
    cd /Users/etch/Library/Developer/Xcode/DerivedData/Glist-cufzzxofvqwyuzetuqpkvqdnmner/SourcePackages/checkouts/firebase-ios-sdk
    /Applications/Xcode.app/Contents/Developer/Toolchains/XcodeDefault.xctoolchain/usr/bin/clang -Xlinker -reproducible -target arm64-apple-ios15.0-simulator -r -isysroot /Applications/Xcode.app/Contents/Developer/Platforms/iPhoneSimulator.platform/Developer/SDKs/iPhoneSimulator26.0.sdk -O0 -w -L/Users/etch/Library/Developer/Xcode/DerivedData/Glist-cufzzxofvqwyuzetuqpkvqdnmner/Build/Intermediates.noindex/EagerLinkingTBDs/Debug-iphonesimulator -L/Users/etch/Library/Developer/Xcode/DerivedData/Glist-cufzzxofvqwyuzetuqpkvqdnmner/Build/Products/Debug-iphonesimulator -L/Applications/Xcode.app/Contents/Developer/Platforms/iPhoneSimulator.platform/Developer/usr/lib -F/Users/etch/Library/Developer/Xcode/DerivedData/Glist-cufzzxofvqwyuzetuqpkvqdnmner/Build/Intermediates.noindex/EagerLinkingTBDs/Debug-iphonesimulator -F/Users/etch/Library/Developer/Xcode/DerivedData/Glist-cufzzxofvqwyuzetuqpkvqdnmner/Build/Products/Debug-iphonesimulator -iframework /Applications/Xcode.app/Contents/Developer/Platforms/iPhoneSimulator.platform/Developer/Library/Frameworks -iframework /Applications/Xcode.app/Contents/Developer/Platforms/iPhoneSimulator.platform/Developer/SDKs/iPhoneSimulator26.0.sdk/Developer/Library/Frameworks -filelist /Users/etch/Library/Developer/Xcode/DerivedData/Glist-cufzzxofvqwyuzetuqpkvqdnmner/Build/Intermediates.noindex/Firebase.build/Debug-iphonesimulator/FirebaseAuthInterop.build/Objects-normal/arm64/FirebaseAuthInterop.LinkFileList -nostdlib -Xlinker -object_path_lto -Xlinker /Users/etch/Library/Developer/Xcode/DerivedData/Glist-cufzzxofvqwyuzetuqpkvqdnmner/Build/Intermediates.noindex/Firebase.build/Debug-iphonesimulator/FirebaseAuthInterop.build/Objects-normal/arm64/FirebaseAuthInterop_lto.o -rdynamic -Xlinker -no_deduplicate -Xlinker -objc_abi_version -Xlinker 2 -Xlinker -debug_variant -Xlinker -dependency_info -Xlinker /Users/etch/Library/Developer/Xcode/DerivedData/Glist-cufzzxofvqwyuzetuqpkvqdnmner/Build/Intermediates.noindex/Firebase.build/Debug-iphonesimulator/FirebaseAuthInterop.build/Objects-normal/arm64/FirebaseAuthInterop_dependency_info.dat -fobjc-arc -fobjc-link-runtime -o /Users/etch/Library/Developer/Xcode/DerivedData/Glist-cufzzxofvqwyuzetuqpkvqdnmner/Build/Products/Debug-iphonesimulator/FirebaseAuthInterop.o

Ld /Users/etch/Library/Developer/Xcode/DerivedData/Glist-cufzzxofvqwyuzetuqpkvqdnmner/Build/Products/Debug-iphonesimulator/FirebaseAppCheckInterop.o normal (in target 'FirebaseAppCheckInterop' from project 'Firebase')
    cd /Users/etch/Library/Developer/Xcode/DerivedData/Glist-cufzzxofvqwyuzetuqpkvqdnmner/SourcePackages/checkouts/firebase-ios-sdk
    /Applications/Xcode.app/Contents/Developer/Toolchains/XcodeDefault.xctoolchain/usr/bin/clang -Xlinker -reproducible -target arm64-apple-ios15.0-simulator -r -isysroot /Applications/Xcode.app/Contents/Developer/Platforms/iPhoneSimulator.platform/Developer/SDKs/iPhoneSimulator26.0.sdk -O0 -w -L/Users/etch/Library/Developer/Xcode/DerivedData/Glist-cufzzxofvqwyuzetuqpkvqdnmner/Build/Intermediates.noindex/EagerLinkingTBDs/Debug-iphonesimulator -L/Users/etch/Library/Developer/Xcode/DerivedData/Glist-cufzzxofvqwyuzetuqpkvqdnmner/Build/Products/Debug-iphonesimulator -L/Applications/Xcode.app/Contents/Developer/Platforms/iPhoneSimulator.platform/Developer/usr/lib -F/Users/etch/Library/Developer/Xcode/DerivedData/Glist-cufzzxofvqwyuzetuqpkvqdnmner/Build/Intermediates.noindex/EagerLinkingTBDs/Debug-iphonesimulator -F/Users/etch/Library/Developer/Xcode/DerivedData/Glist-cufzzxofvqwyuzetuqpkvqdnmner/Build/Products/Debug-iphonesimulator -iframework /Applications/Xcode.app/Contents/Developer/Platforms/iPhoneSimulator.platform/Developer/Library/Frameworks -iframework /Applications/Xcode.app/Contents/Developer/Platforms/iPhoneSimulator.platform/Developer/SDKs/iPhoneSimulator26.0.sdk/Developer/Library/Frameworks -filelist /Users/etch/Library/Developer/Xcode/DerivedData/Glist-cufzzxofvqwyuzetuqpkvqdnmner/Build/Intermediates.noindex/Firebase.build/Debug-iphonesimulator/FirebaseAppCheckInterop.build/Objects-normal/arm64/FirebaseAppCheckInterop.LinkFileList -nostdlib -Xlinker -object_path_lto -Xlinker /Users/etch/Library/Developer/Xcode/DerivedData/Glist-cufzzxofvqwyuzetuqpkvqdnmner/Build/Intermediates.noindex/Firebase.build/Debug-iphonesimulator/FirebaseAppCheckInterop.build/Objects-normal/arm64/FirebaseAppCheckInterop_lto.o -rdynamic -Xlinker -no_deduplicate -Xlinker -objc_abi_version -Xlinker 2 -Xlinker -debug_variant -Xlinker -dependency_info -Xlinker /Users/etch/Library/Developer/Xcode/DerivedData/Glist-cufzzxofvqwyuzetuqpkvqdnmner/Build/Intermediates.noindex/Firebase.build/Debug-iphonesimulator/FirebaseAppCheckInterop.build/Objects-normal/arm64/FirebaseAppCheckInterop_dependency_info.dat -fobjc-arc -fobjc-link-runtime -o /Users/etch/Library/Developer/Xcode/DerivedData/Glist-cufzzxofvqwyuzetuqpkvqdnmner/Build/Products/Debug-iphonesimulator/FirebaseAppCheckInterop.o

Ld /Users/etch/Library/Developer/Xcode/DerivedData/Glist-cufzzxofvqwyuzetuqpkvqdnmner/Build/Products/Debug-iphonesimulator/Firebase.o normal (in target 'Firebase' from project 'Firebase')
    cd /Users/etch/Library/Developer/Xcode/DerivedData/Glist-cufzzxofvqwyuzetuqpkvqdnmner/SourcePackages/checkouts/firebase-ios-sdk
    /Applications/Xcode.app/Contents/Developer/Toolchains/XcodeDefault.xctoolchain/usr/bin/clang -Xlinker -reproducible -target arm64-apple-ios15.0-simulator -r -isysroot /Applications/Xcode.app/Contents/Developer/Platforms/iPhoneSimulator.platform/Developer/SDKs/iPhoneSimulator26.0.sdk -O0 -w -L/Users/etch/Library/Developer/Xcode/DerivedData/Glist-cufzzxofvqwyuzetuqpkvqdnmner/Build/Intermediates.noindex/EagerLinkingTBDs/Debug-iphonesimulator -L/Users/etch/Library/Developer/Xcode/DerivedData/Glist-cufzzxofvqwyuzetuqpkvqdnmner/Build/Products/Debug-iphonesimulator -L/Applications/Xcode.app/Contents/Developer/Platforms/iPhoneSimulator.platform/Developer/usr/lib -F/Users/etch/Library/Developer/Xcode/DerivedData/Glist-cufzzxofvqwyuzetuqpkvqdnmner/Build/Intermediates.noindex/EagerLinkingTBDs/Debug-iphonesimulator -F/Users/etch/Library/Developer/Xcode/DerivedData/Glist-cufzzxofvqwyuzetuqpkvqdnmner/Build/Products/Debug-iphonesimulator -iframework /Applications/Xcode.app/Contents/Developer/Platforms/iPhoneSimulator.platform/Developer/Library/Frameworks -iframework /Applications/Xcode.app/Contents/Developer/Platforms/iPhoneSimulator.platform/Developer/SDKs/iPhoneSimulator26.0.sdk/Developer/Library/Frameworks -filelist /Users/etch/Library/Developer/Xcode/DerivedData/Glist-cufzzxofvqwyuzetuqpkvqdnmner/Build/Intermediates.noindex/Firebase.build/Debug-iphonesimulator/Firebase.build/Objects-normal/arm64/Firebase.LinkFileList -nostdlib -Xlinker -object_path_lto -Xlinker /Users/etch/Library/Developer/Xcode/DerivedData/Glist-cufzzxofvqwyuzetuqpkvqdnmner/Build/Intermediates.noindex/Firebase.build/Debug-iphonesimulator/Firebase.build/Objects-normal/arm64/Firebase_lto.o -rdynamic -Xlinker -no_deduplicate -Xlinker -objc_abi_version -Xlinker 2 -Xlinker -debug_variant -Xlinker -dependency_info -Xlinker /Users/etch/Library/Developer/Xcode/DerivedData/Glist-cufzzxofvqwyuzetuqpkvqdnmner/Build/Intermediates.noindex/Firebase.build/Debug-iphonesimulator/Firebase.build/Objects-normal/arm64/Firebase_dependency_info.dat -fobjc-arc -fobjc-link-runtime -o /Users/etch/Library/Developer/Xcode/DerivedData/Glist-cufzzxofvqwyuzetuqpkvqdnmner/Build/Products/Debug-iphonesimulator/Firebase.o

Ld /Users/etch/Library/Developer/Xcode/DerivedData/Glist-cufzzxofvqwyuzetuqpkvqdnmner/Build/Products/Debug-iphonesimulator/opensslWrapper.o normal (in target 'opensslWrapper' from project 'gRPC')
    cd /Users/etch/Library/Developer/Xcode/DerivedData/Glist-cufzzxofvqwyuzetuqpkvqdnmner/SourcePackages/checkouts/grpc-binary
    /Applications/Xcode.app/Contents/Developer/Toolchains/XcodeDefault.xctoolchain/usr/bin/clang -Xlinker -reproducible -target arm64-apple-ios12.0-simulator -r -isysroot /Applications/Xcode.app/Contents/Developer/Platforms/iPhoneSimulator.platform/Developer/SDKs/iPhoneSimulator26.0.sdk -O0 -w -L/Users/etch/Library/Developer/Xcode/DerivedData/Glist-cufzzxofvqwyuzetuqpkvqdnmner/Build/Intermediates.noindex/EagerLinkingTBDs/Debug-iphonesimulator -L/Users/etch/Library/Developer/Xcode/DerivedData/Glist-cufzzxofvqwyuzetuqpkvqdnmner/Build/Products/Debug-iphonesimulator -L/Applications/Xcode.app/Contents/Developer/Platforms/iPhoneSimulator.platform/Developer/usr/lib -F/Users/etch/Library/Developer/Xcode/DerivedData/Glist-cufzzxofvqwyuzetuqpkvqdnmner/Build/Intermediates.noindex/EagerLinkingTBDs/Debug-iphonesimulator -F/Users/etch/Library/Developer/Xcode/DerivedData/Glist-cufzzxofvqwyuzetuqpkvqdnmner/Build/Products/Debug-iphonesimulator -iframework /Applications/Xcode.app/Contents/Developer/Platforms/iPhoneSimulator.platform/Developer/Library/Frameworks -iframework /Applications/Xcode.app/Contents/Developer/Platforms/iPhoneSimulator.platform/Developer/SDKs/iPhoneSimulator26.0.sdk/Developer/Library/Frameworks -filelist /Users/etch/Library/Developer/Xcode/DerivedData/Glist-cufzzxofvqwyuzetuqpkvqdnmner/Build/Intermediates.noindex/gRPC.build/Debug-iphonesimulator/opensslWrapper.build/Objects-normal/arm64/opensslWrapper.LinkFileList -nostdlib -Xlinker -object_path_lto -Xlinker /Users/etch/Library/Developer/Xcode/DerivedData/Glist-cufzzxofvqwyuzetuqpkvqdnmner/Build/Intermediates.noindex/gRPC.build/Debug-iphonesimulator/opensslWrapper.build/Objects-normal/arm64/opensslWrapper_lto.o -rdynamic -Xlinker -no_deduplicate -Xlinker -objc_abi_version -Xlinker 2 -Xlinker -debug_variant -Xlinker -dependency_info -Xlinker /Users/etch/Library/Developer/Xcode/DerivedData/Glist-cufzzxofvqwyuzetuqpkvqdnmner/Build/Intermediates.noindex/gRPC.build/Debug-iphonesimulator/opensslWrapper.build/Objects-normal/arm64/opensslWrapper_dependency_info.dat -fobjc-arc -fobjc-link-runtime -o /Users/etch/Library/Developer/Xcode/DerivedData/Glist-cufzzxofvqwyuzetuqpkvqdnmner/Build/Products/Debug-iphonesimulator/opensslWrapper.o

Ld /Users/etch/Library/Developer/Xcode/DerivedData/Glist-cufzzxofvqwyuzetuqpkvqdnmner/Build/Products/Debug-iphonesimulator/leveldb.o normal (in target 'leveldb' from project 'leveldb')
    cd /Users/etch/Library/Developer/Xcode/DerivedData/Glist-cufzzxofvqwyuzetuqpkvqdnmner/SourcePackages/checkouts/leveldb
    /Applications/Xcode.app/Contents/Developer/Toolchains/XcodeDefault.xctoolchain/usr/bin/clang++ -Xlinker -reproducible -target arm64-apple-ios12.0-simulator -r -isysroot /Applications/Xcode.app/Contents/Developer/Platforms/iPhoneSimulator.platform/Developer/SDKs/iPhoneSimulator26.0.sdk -O0 -w -L/Users/etch/Library/Developer/Xcode/DerivedData/Glist-cufzzxofvqwyuzetuqpkvqdnmner/Build/Intermediates.noindex/EagerLinkingTBDs/Debug-iphonesimulator -L/Users/etch/Library/Developer/Xcode/DerivedData/Glist-cufzzxofvqwyuzetuqpkvqdnmner/Build/Products/Debug-iphonesimulator -L/Applications/Xcode.app/Contents/Developer/Platforms/iPhoneSimulator.platform/Developer/usr/lib -F/Users/etch/Library/Developer/Xcode/DerivedData/Glist-cufzzxofvqwyuzetuqpkvqdnmner/Build/Intermediates.noindex/EagerLinkingTBDs/Debug-iphonesimulator -F/Users/etch/Library/Developer/Xcode/DerivedData/Glist-cufzzxofvqwyuzetuqpkvqdnmner/Build/Products/Debug-iphonesimulator -iframework /Applications/Xcode.app/Contents/Developer/Platforms/iPhoneSimulator.platform/Developer/Library/Frameworks -iframework /Applications/Xcode.app/Contents/Developer/Platforms/iPhoneSimulator.platform/Developer/SDKs/iPhoneSimulator26.0.sdk/Developer/Library/Frameworks -filelist /Users/etch/Library/Developer/Xcode/DerivedData/Glist-cufzzxofvqwyuzetuqpkvqdnmner/Build/Intermediates.noindex/leveldb.build/Debug-iphonesimulator/leveldb.build/Objects-normal/arm64/leveldb.LinkFileList -nostdlib -Xlinker -object_path_lto -Xlinker /Users/etch/Library/Developer/Xcode/DerivedData/Glist-cufzzxofvqwyuzetuqpkvqdnmner/Build/Intermediates.noindex/leveldb.build/Debug-iphonesimulator/leveldb.build/Objects-normal/arm64/leveldb_lto.o -rdynamic -Xlinker -no_deduplicate -Xlinker -objc_abi_version -Xlinker 2 -Xlinker -debug_variant -Xlinker -dependency_info -Xlinker /Users/etch/Library/Developer/Xcode/DerivedData/Glist-cufzzxofvqwyuzetuqpkvqdnmner/Build/Intermediates.noindex/leveldb.build/Debug-iphonesimulator/leveldb.build/Objects-normal/arm64/leveldb_dependency_info.dat -fobjc-arc -fobjc-link-runtime -o /Users/etch/Library/Developer/Xcode/DerivedData/Glist-cufzzxofvqwyuzetuqpkvqdnmner/Build/Products/Debug-iphonesimulator/leveldb.o

Ld /Users/etch/Library/Developer/Xcode/DerivedData/Glist-cufzzxofvqwyuzetuqpkvqdnmner/Build/Products/Debug-iphonesimulator/nanopb.o normal (in target 'nanopb' from project 'nanopb')
    cd /Users/etch/Library/Developer/Xcode/DerivedData/Glist-cufzzxofvqwyuzetuqpkvqdnmner/SourcePackages/checkouts/nanopb
    /Applications/Xcode.app/Contents/Developer/Toolchains/XcodeDefault.xctoolchain/usr/bin/clang -Xlinker -reproducible -target arm64-apple-ios12.0-simulator -r -isysroot /Applications/Xcode.app/Contents/Developer/Platforms/iPhoneSimulator.platform/Developer/SDKs/iPhoneSimulator26.0.sdk -O0 -w -L/Users/etch/Library/Developer/Xcode/DerivedData/Glist-cufzzxofvqwyuzetuqpkvqdnmner/Build/Intermediates.noindex/EagerLinkingTBDs/Debug-iphonesimulator -L/Users/etch/Library/Developer/Xcode/DerivedData/Glist-cufzzxofvqwyuzetuqpkvqdnmner/Build/Products/Debug-iphonesimulator -L/Applications/Xcode.app/Contents/Developer/Platforms/iPhoneSimulator.platform/Developer/usr/lib -F/Users/etch/Library/Developer/Xcode/DerivedData/Glist-cufzzxofvqwyuzetuqpkvqdnmner/Build/Intermediates.noindex/EagerLinkingTBDs/Debug-iphonesimulator -F/Users/etch/Library/Developer/Xcode/DerivedData/Glist-cufzzxofvqwyuzetuqpkvqdnmner/Build/Products/Debug-iphonesimulator -iframework /Applications/Xcode.app/Contents/Developer/Platforms/iPhoneSimulator.platform/Developer/Library/Frameworks -iframework /Applications/Xcode.app/Contents/Developer/Platforms/iPhoneSimulator.platform/Developer/SDKs/iPhoneSimulator26.0.sdk/Developer/Library/Frameworks -filelist /Users/etch/Library/Developer/Xcode/DerivedData/Glist-cufzzxofvqwyuzetuqpkvqdnmner/Build/Intermediates.noindex/nanopb.build/Debug-iphonesimulator/nanopb.build/Objects-normal/arm64/nanopb.LinkFileList -nostdlib -Xlinker -object_path_lto -Xlinker /Users/etch/Library/Developer/Xcode/DerivedData/Glist-cufzzxofvqwyuzetuqpkvqdnmner/Build/Intermediates.noindex/nanopb.build/Debug-iphonesimulator/nanopb.build/Objects-normal/arm64/nanopb_lto.o -rdynamic -Xlinker -no_deduplicate -Xlinker -objc_abi_version -Xlinker 2 -Xlinker -debug_variant -Xlinker -dependency_info -Xlinker /Users/etch/Library/Developer/Xcode/DerivedData/Glist-cufzzxofvqwyuzetuqpkvqdnmner/Build/Intermediates.noindex/nanopb.build/Debug-iphonesimulator/nanopb.build/Objects-normal/arm64/nanopb_dependency_info.dat -fobjc-arc -fobjc-link-runtime -o /Users/etch/Library/Developer/Xcode/DerivedData/Glist-cufzzxofvqwyuzetuqpkvqdnmner/Build/Products/Debug-iphonesimulator/nanopb.o

Ld /Users/etch/Library/Developer/Xcode/DerivedData/Glist-cufzzxofvqwyuzetuqpkvqdnmner/Build/Products/Debug-iphonesimulator/grpcWrapper.o normal (in target 'grpcWrapper' from project 'gRPC')
    cd /Users/etch/Library/Developer/Xcode/DerivedData/Glist-cufzzxofvqwyuzetuqpkvqdnmner/SourcePackages/checkouts/grpc-binary
    /Applications/Xcode.app/Contents/Developer/Toolchains/XcodeDefault.xctoolchain/usr/bin/clang -Xlinker -reproducible -target arm64-apple-ios12.0-simulator -r -isysroot /Applications/Xcode.app/Contents/Developer/Platforms/iPhoneSimulator.platform/Developer/SDKs/iPhoneSimulator26.0.sdk -O0 -w -L/Users/etch/Library/Developer/Xcode/DerivedData/Glist-cufzzxofvqwyuzetuqpkvqdnmner/Build/Intermediates.noindex/EagerLinkingTBDs/Debug-iphonesimulator -L/Users/etch/Library/Developer/Xcode/DerivedData/Glist-cufzzxofvqwyuzetuqpkvqdnmner/Build/Products/Debug-iphonesimulator -L/Applications/Xcode.app/Contents/Developer/Platforms/iPhoneSimulator.platform/Developer/usr/lib -F/Users/etch/Library/Developer/Xcode/DerivedData/Glist-cufzzxofvqwyuzetuqpkvqdnmner/Build/Intermediates.noindex/EagerLinkingTBDs/Debug-iphonesimulator -F/Users/etch/Library/Developer/Xcode/DerivedData/Glist-cufzzxofvqwyuzetuqpkvqdnmner/Build/Products/Debug-iphonesimulator -iframework /Applications/Xcode.app/Contents/Developer/Platforms/iPhoneSimulator.platform/Developer/Library/Frameworks -iframework /Applications/Xcode.app/Contents/Developer/Platforms/iPhoneSimulator.platform/Developer/SDKs/iPhoneSimulator26.0.sdk/Developer/Library/Frameworks -filelist /Users/etch/Library/Developer/Xcode/DerivedData/Glist-cufzzxofvqwyuzetuqpkvqdnmner/Build/Intermediates.noindex/gRPC.build/Debug-iphonesimulator/grpcWrapper.build/Objects-normal/arm64/grpcWrapper.LinkFileList -nostdlib -Xlinker -object_path_lto -Xlinker /Users/etch/Library/Developer/Xcode/DerivedData/Glist-cufzzxofvqwyuzetuqpkvqdnmner/Build/Intermediates.noindex/gRPC.build/Debug-iphonesimulator/grpcWrapper.build/Objects-normal/arm64/grpcWrapper_lto.o -rdynamic -Xlinker -no_deduplicate -Xlinker -objc_abi_version -Xlinker 2 -Xlinker -debug_variant -Xlinker -dependency_info -Xlinker /Users/etch/Library/Developer/Xcode/DerivedData/Glist-cufzzxofvqwyuzetuqpkvqdnmner/Build/Intermediates.noindex/gRPC.build/Debug-iphonesimulator/grpcWrapper.build/Objects-normal/arm64/grpcWrapper_dependency_info.dat -fobjc-arc -fobjc-link-runtime -o /Users/etch/Library/Developer/Xcode/DerivedData/Glist-cufzzxofvqwyuzetuqpkvqdnmner/Build/Products/Debug-iphonesimulator/grpcWrapper.o

Ld /Users/etch/Library/Developer/Xcode/DerivedData/Glist-cufzzxofvqwyuzetuqpkvqdnmner/Build/Products/Debug-iphonesimulator/abslWrapper.o normal (in target 'abslWrapper' from project 'abseil')
    cd /Users/etch/Library/Developer/Xcode/DerivedData/Glist-cufzzxofvqwyuzetuqpkvqdnmner/SourcePackages/checkouts/abseil-cpp-binary
    /Applications/Xcode.app/Contents/Developer/Toolchains/XcodeDefault.xctoolchain/usr/bin/clang -Xlinker -reproducible -target arm64-apple-ios12.0-simulator -r -isysroot /Applications/Xcode.app/Contents/Developer/Platforms/iPhoneSimulator.platform/Developer/SDKs/iPhoneSimulator26.0.sdk -O0 -w -L/Users/etch/Library/Developer/Xcode/DerivedData/Glist-cufzzxofvqwyuzetuqpkvqdnmner/Build/Intermediates.noindex/EagerLinkingTBDs/Debug-iphonesimulator -L/Users/etch/Library/Developer/Xcode/DerivedData/Glist-cufzzxofvqwyuzetuqpkvqdnmner/Build/Products/Debug-iphonesimulator -L/Applications/Xcode.app/Contents/Developer/Platforms/iPhoneSimulator.platform/Developer/usr/lib -F/Users/etch/Library/Developer/Xcode/DerivedData/Glist-cufzzxofvqwyuzetuqpkvqdnmner/Build/Intermediates.noindex/EagerLinkingTBDs/Debug-iphonesimulator -F/Users/etch/Library/Developer/Xcode/DerivedData/Glist-cufzzxofvqwyuzetuqpkvqdnmner/Build/Products/Debug-iphonesimulator -iframework /Applications/Xcode.app/Contents/Developer/Platforms/iPhoneSimulator.platform/Developer/Library/Frameworks -iframework /Applications/Xcode.app/Contents/Developer/Platforms/iPhoneSimulator.platform/Developer/SDKs/iPhoneSimulator26.0.sdk/Developer/Library/Frameworks -filelist /Users/etch/Library/Developer/Xcode/DerivedData/Glist-cufzzxofvqwyuzetuqpkvqdnmner/Build/Intermediates.noindex/abseil.build/Debug-iphonesimulator/abslWrapper.build/Objects-normal/arm64/abslWrapper.LinkFileList -nostdlib -Xlinker -object_path_lto -Xlinker /Users/etch/Library/Developer/Xcode/DerivedData/Glist-cufzzxofvqwyuzetuqpkvqdnmner/Build/Intermediates.noindex/abseil.build/Debug-iphonesimulator/abslWrapper.build/Objects-normal/arm64/abslWrapper_lto.o -rdynamic -Xlinker -no_deduplicate -Xlinker -objc_abi_version -Xlinker 2 -Xlinker -debug_variant -Xlinker -dependency_info -Xlinker /Users/etch/Library/Developer/Xcode/DerivedData/Glist-cufzzxofvqwyuzetuqpkvqdnmner/Build/Intermediates.noindex/abseil.build/Debug-iphonesimulator/abslWrapper.build/Objects-normal/arm64/abslWrapper_dependency_info.dat -fobjc-arc -fobjc-link-runtime -o /Users/etch/Library/Developer/Xcode/DerivedData/Glist-cufzzxofvqwyuzetuqpkvqdnmner/Build/Products/Debug-iphonesimulator/abslWrapper.o

Ld /Users/etch/Library/Developer/Xcode/DerivedData/Glist-cufzzxofvqwyuzetuqpkvqdnmner/Build/Products/Debug-iphonesimulator/GoogleUtilities-NSData.o normal (in target 'GoogleUtilities-NSData' from project 'GoogleUtilities')
    cd /Users/etch/Library/Developer/Xcode/DerivedData/Glist-cufzzxofvqwyuzetuqpkvqdnmner/SourcePackages/checkouts/GoogleUtilities
    /Applications/Xcode.app/Contents/Developer/Toolchains/XcodeDefault.xctoolchain/usr/bin/clang -Xlinker -reproducible -target arm64-apple-ios12.0-simulator -r -isysroot /Applications/Xcode.app/Contents/Developer/Platforms/iPhoneSimulator.platform/Developer/SDKs/iPhoneSimulator26.0.sdk -O0 -w -L/Users/etch/Library/Developer/Xcode/DerivedData/Glist-cufzzxofvqwyuzetuqpkvqdnmner/Build/Intermediates.noindex/EagerLinkingTBDs/Debug-iphonesimulator -L/Users/etch/Library/Developer/Xcode/DerivedData/Glist-cufzzxofvqwyuzetuqpkvqdnmner/Build/Products/Debug-iphonesimulator -L/Applications/Xcode.app/Contents/Developer/Platforms/iPhoneSimulator.platform/Developer/usr/lib -F/Users/etch/Library/Developer/Xcode/DerivedData/Glist-cufzzxofvqwyuzetuqpkvqdnmner/Build/Intermediates.noindex/EagerLinkingTBDs/Debug-iphonesimulator -F/Users/etch/Library/Developer/Xcode/DerivedData/Glist-cufzzxofvqwyuzetuqpkvqdnmner/Build/Products/Debug-iphonesimulator -iframework /Applications/Xcode.app/Contents/Developer/Platforms/iPhoneSimulator.platform/Developer/Library/Frameworks -iframework /Applications/Xcode.app/Contents/Developer/Platforms/iPhoneSimulator.platform/Developer/SDKs/iPhoneSimulator26.0.sdk/Developer/Library/Frameworks -filelist /Users/etch/Library/Developer/Xcode/DerivedData/Glist-cufzzxofvqwyuzetuqpkvqdnmner/Build/Intermediates.noindex/GoogleUtilities.build/Debug-iphonesimulator/GoogleUtilities-NSData.build/Objects-normal/arm64/GoogleUtilities-NSData.LinkFileList -nostdlib -Xlinker -object_path_lto -Xlinker /Users/etch/Library/Developer/Xcode/DerivedData/Glist-cufzzxofvqwyuzetuqpkvqdnmner/Build/Intermediates.noindex/GoogleUtilities.build/Debug-iphonesimulator/GoogleUtilities-NSData.build/Objects-normal/arm64/GoogleUtilities-NSData_lto.o -rdynamic -Xlinker -no_deduplicate -Xlinker -objc_abi_version -Xlinker 2 -Xlinker -debug_variant -Xlinker -dependency_info -Xlinker /Users/etch/Library/Developer/Xcode/DerivedData/Glist-cufzzxofvqwyuzetuqpkvqdnmner/Build/Intermediates.noindex/GoogleUtilities.build/Debug-iphonesimulator/GoogleUtilities-NSData.build/Objects-normal/arm64/GoogleUtilities-NSData_dependency_info.dat -fobjc-arc -fobjc-link-runtime -o /Users/etch/Library/Developer/Xcode/DerivedData/Glist-cufzzxofvqwyuzetuqpkvqdnmner/Build/Products/Debug-iphonesimulator/GoogleUtilities-NSData.o

Ld /Users/etch/Library/Developer/Xcode/DerivedData/Glist-cufzzxofvqwyuzetuqpkvqdnmner/Build/Products/Debug-iphonesimulator/GTMSessionFetcherCore.o normal (in target 'GTMSessionFetcherCore' from project 'GTMSessionFetcher')
    cd /Users/etch/Library/Developer/Xcode/DerivedData/Glist-cufzzxofvqwyuzetuqpkvqdnmner/SourcePackages/checkouts/gtm-session-fetcher
    /Applications/Xcode.app/Contents/Developer/Toolchains/XcodeDefault.xctoolchain/usr/bin/clang -Xlinker -reproducible -target arm64-apple-ios15.0-simulator -r -isysroot /Applications/Xcode.app/Contents/Developer/Platforms/iPhoneSimulator.platform/Developer/SDKs/iPhoneSimulator26.0.sdk -O0 -w -L/Users/etch/Library/Developer/Xcode/DerivedData/Glist-cufzzxofvqwyuzetuqpkvqdnmner/Build/Intermediates.noindex/EagerLinkingTBDs/Debug-iphonesimulator -L/Users/etch/Library/Developer/Xcode/DerivedData/Glist-cufzzxofvqwyuzetuqpkvqdnmner/Build/Products/Debug-iphonesimulator -L/Applications/Xcode.app/Contents/Developer/Platforms/iPhoneSimulator.platform/Developer/usr/lib -F/Users/etch/Library/Developer/Xcode/DerivedData/Glist-cufzzxofvqwyuzetuqpkvqdnmner/Build/Intermediates.noindex/EagerLinkingTBDs/Debug-iphonesimulator -F/Users/etch/Library/Developer/Xcode/DerivedData/Glist-cufzzxofvqwyuzetuqpkvqdnmner/Build/Products/Debug-iphonesimulator -iframework /Applications/Xcode.app/Contents/Developer/Platforms/iPhoneSimulator.platform/Developer/Library/Frameworks -iframework /Applications/Xcode.app/Contents/Developer/Platforms/iPhoneSimulator.platform/Developer/SDKs/iPhoneSimulator26.0.sdk/Developer/Library/Frameworks -filelist /Users/etch/Library/Developer/Xcode/DerivedData/Glist-cufzzxofvqwyuzetuqpkvqdnmner/Build/Intermediates.noindex/GTMSessionFetcher.build/Debug-iphonesimulator/GTMSessionFetcherCore.build/Objects-normal/arm64/GTMSessionFetcherCore.LinkFileList -nostdlib -Xlinker -object_path_lto -Xlinker /Users/etch/Library/Developer/Xcode/DerivedData/Glist-cufzzxofvqwyuzetuqpkvqdnmner/Build/Intermediates.noindex/GTMSessionFetcher.build/Debug-iphonesimulator/GTMSessionFetcherCore.build/Objects-normal/arm64/GTMSessionFetcherCore_lto.o -rdynamic -Xlinker -no_deduplicate -Xlinker -objc_abi_version -Xlinker 2 -Xlinker -debug_variant -Xlinker -dependency_info -Xlinker /Users/etch/Library/Developer/Xcode/DerivedData/Glist-cufzzxofvqwyuzetuqpkvqdnmner/Build/Intermediates.noindex/GTMSessionFetcher.build/Debug-iphonesimulator/GTMSessionFetcherCore.build/Objects-normal/arm64/GTMSessionFetcherCore_dependency_info.dat -fobjc-arc -fobjc-link-runtime -o /Users/etch/Library/Developer/Xcode/DerivedData/Glist-cufzzxofvqwyuzetuqpkvqdnmner/Build/Products/Debug-iphonesimulator/GTMSessionFetcherCore.o

Ld /Users/etch/Library/Developer/Xcode/DerivedData/Glist-cufzzxofvqwyuzetuqpkvqdnmner/Build/Products/Debug-iphonesimulator/FirebaseCoreExtension.o normal (in target 'FirebaseCoreExtension' from project 'Firebase')
    cd /Users/etch/Library/Developer/Xcode/DerivedData/Glist-cufzzxofvqwyuzetuqpkvqdnmner/SourcePackages/checkouts/firebase-ios-sdk
    /Applications/Xcode.app/Contents/Developer/Toolchains/XcodeDefault.xctoolchain/usr/bin/clang -Xlinker -reproducible -target arm64-apple-ios15.0-simulator -r -isysroot /Applications/Xcode.app/Contents/Developer/Platforms/iPhoneSimulator.platform/Developer/SDKs/iPhoneSimulator26.0.sdk -O0 -w -L/Users/etch/Library/Developer/Xcode/DerivedData/Glist-cufzzxofvqwyuzetuqpkvqdnmner/Build/Intermediates.noindex/EagerLinkingTBDs/Debug-iphonesimulator -L/Users/etch/Library/Developer/Xcode/DerivedData/Glist-cufzzxofvqwyuzetuqpkvqdnmner/Build/Products/Debug-iphonesimulator -L/Applications/Xcode.app/Contents/Developer/Platforms/iPhoneSimulator.platform/Developer/usr/lib -F/Users/etch/Library/Developer/Xcode/DerivedData/Glist-cufzzxofvqwyuzetuqpkvqdnmner/Build/Intermediates.noindex/EagerLinkingTBDs/Debug-iphonesimulator -F/Users/etch/Library/Developer/Xcode/DerivedData/Glist-cufzzxofvqwyuzetuqpkvqdnmner/Build/Products/Debug-iphonesimulator -iframework /Applications/Xcode.app/Contents/Developer/Platforms/iPhoneSimulator.platform/Developer/Library/Frameworks -iframework /Applications/Xcode.app/Contents/Developer/Platforms/iPhoneSimulator.platform/Developer/SDKs/iPhoneSimulator26.0.sdk/Developer/Library/Frameworks -filelist /Users/etch/Library/Developer/Xcode/DerivedData/Glist-cufzzxofvqwyuzetuqpkvqdnmner/Build/Intermediates.noindex/Firebase.build/Debug-iphonesimulator/FirebaseCoreExtension.build/Objects-normal/arm64/FirebaseCoreExtension.LinkFileList -nostdlib -Xlinker -object_path_lto -Xlinker /Users/etch/Library/Developer/Xcode/DerivedData/Glist-cufzzxofvqwyuzetuqpkvqdnmner/Build/Intermediates.noindex/Firebase.build/Debug-iphonesimulator/FirebaseCoreExtension.build/Objects-normal/arm64/FirebaseCoreExtension_lto.o -rdynamic -Xlinker -no_deduplicate -Xlinker -objc_abi_version -Xlinker 2 -Xlinker -debug_variant -Xlinker -dependency_info -Xlinker /Users/etch/Library/Developer/Xcode/DerivedData/Glist-cufzzxofvqwyuzetuqpkvqdnmner/Build/Intermediates.noindex/Firebase.build/Debug-iphonesimulator/FirebaseCoreExtension.build/Objects-normal/arm64/FirebaseCoreExtension_dependency_info.dat -fobjc-arc -fobjc-link-runtime -o /Users/etch/Library/Developer/Xcode/DerivedData/Glist-cufzzxofvqwyuzetuqpkvqdnmner/Build/Products/Debug-iphonesimulator/FirebaseCoreExtension.o

Ld /Users/etch/Library/Developer/Xcode/DerivedData/Glist-cufzzxofvqwyuzetuqpkvqdnmner/Build/Products/Debug-iphonesimulator/FBLPromises.o normal (in target 'FBLPromises' from project 'Promises')
    cd /Users/etch/Library/Developer/Xcode/DerivedData/Glist-cufzzxofvqwyuzetuqpkvqdnmner/SourcePackages/checkouts/promises
    /Applications/Xcode.app/Contents/Developer/Toolchains/XcodeDefault.xctoolchain/usr/bin/clang -Xlinker -reproducible -target arm64-apple-ios12.0-simulator -r -isysroot /Applications/Xcode.app/Contents/Developer/Platforms/iPhoneSimulator.platform/Developer/SDKs/iPhoneSimulator26.0.sdk -O0 -w -L/Users/etch/Library/Developer/Xcode/DerivedData/Glist-cufzzxofvqwyuzetuqpkvqdnmner/Build/Intermediates.noindex/EagerLinkingTBDs/Debug-iphonesimulator -L/Users/etch/Library/Developer/Xcode/DerivedData/Glist-cufzzxofvqwyuzetuqpkvqdnmner/Build/Products/Debug-iphonesimulator -L/Applications/Xcode.app/Contents/Developer/Platforms/iPhoneSimulator.platform/Developer/usr/lib -F/Users/etch/Library/Developer/Xcode/DerivedData/Glist-cufzzxofvqwyuzetuqpkvqdnmner/Build/Intermediates.noindex/EagerLinkingTBDs/Debug-iphonesimulator -F/Users/etch/Library/Developer/Xcode/DerivedData/Glist-cufzzxofvqwyuzetuqpkvqdnmner/Build/Products/Debug-iphonesimulator -iframework /Applications/Xcode.app/Contents/Developer/Platforms/iPhoneSimulator.platform/Developer/Library/Frameworks -iframework /Applications/Xcode.app/Contents/Developer/Platforms/iPhoneSimulator.platform/Developer/SDKs/iPhoneSimulator26.0.sdk/Developer/Library/Frameworks -filelist /Users/etch/Library/Developer/Xcode/DerivedData/Glist-cufzzxofvqwyuzetuqpkvqdnmner/Build/Intermediates.noindex/Promises.build/Debug-iphonesimulator/FBLPromises.build/Objects-normal/arm64/FBLPromises.LinkFileList -nostdlib -Xlinker -object_path_lto -Xlinker /Users/etch/Library/Developer/Xcode/DerivedData/Glist-cufzzxofvqwyuzetuqpkvqdnmner/Build/Intermediates.noindex/Promises.build/Debug-iphonesimulator/FBLPromises.build/Objects-normal/arm64/FBLPromises_lto.o -rdynamic -Xlinker -no_deduplicate -Xlinker -objc_abi_version -Xlinker 2 -Xlinker -debug_variant -Xlinker -dependency_info -Xlinker /Users/etch/Library/Developer/Xcode/DerivedData/Glist-cufzzxofvqwyuzetuqpkvqdnmner/Build/Intermediates.noindex/Promises.build/Debug-iphonesimulator/FBLPromises.build/Objects-normal/arm64/FBLPromises_dependency_info.dat -fobjc-arc -fobjc-link-runtime -o /Users/etch/Library/Developer/Xcode/DerivedData/Glist-cufzzxofvqwyuzetuqpkvqdnmner/Build/Products/Debug-iphonesimulator/FBLPromises.o

ProcessProductPackaging "" /Users/etch/Library/Developer/Xcode/DerivedData/Glist-cufzzxofvqwyuzetuqpkvqdnmner/Build/Intermediates.noindex/Glist.build/Debug-iphonesimulator/Glist.build/Glist.app-Simulated.xcent (in target 'Glist' from project 'Glist')
    cd /Users/etch/Downloads/APPS/glist/Glist
    
    Entitlements:
    
    {
    "application-identifier" = "CHSAVJ5X6U.com.etch.glist";
}
    
    builtin-productPackagingUtility -entitlements -format xml -o /Users/etch/Library/Developer/Xcode/DerivedData/Glist-cufzzxofvqwyuzetuqpkvqdnmner/Build/Intermediates.noindex/Glist.build/Debug-iphonesimulator/Glist.build/Glist.app-Simulated.xcent

RegisterExecutionPolicyException /Users/etch/Library/Developer/Xcode/DerivedData/Glist-cufzzxofvqwyuzetuqpkvqdnmner/Build/Products/Debug-iphonesimulator/opensslWrapper.o (in target 'opensslWrapper' from project 'gRPC')
    cd /Users/etch/Library/Developer/Xcode/DerivedData/Glist-cufzzxofvqwyuzetuqpkvqdnmner/SourcePackages/checkouts/grpc-binary
    builtin-RegisterExecutionPolicyException /Users/etch/Library/Developer/Xcode/DerivedData/Glist-cufzzxofvqwyuzetuqpkvqdnmner/Build/Products/Debug-iphonesimulator/opensslWrapper.o

ExtractAppIntentsMetadata (in target 'FirebaseSharedSwift' from project 'Firebase')
    cd /Users/etch/Library/Developer/Xcode/DerivedData/Glist-cufzzxofvqwyuzetuqpkvqdnmner/SourcePackages/checkouts/firebase-ios-sdk
    /Applications/Xcode.app/Contents/Developer/Toolchains/XcodeDefault.xctoolchain/usr/bin/appintentsmetadataprocessor --toolchain-dir /Applications/Xcode.app/Contents/Developer/Toolchains/XcodeDefault.xctoolchain --module-name FirebaseSharedSwift --sdk-root /Applications/Xcode.app/Contents/Developer/Platforms/iPhoneSimulator.platform/Developer/SDKs/iPhoneSimulator26.0.sdk --xcode-version 17A400 --platform-family iOS --deployment-target 15.0 --bundle-identifier firebase-ios-sdk.FirebaseSharedSwift --output /Users/etch/Library/Developer/Xcode/DerivedData/Glist-cufzzxofvqwyuzetuqpkvqdnmner/Build/Products/Debug-iphonesimulator/FirebaseSharedSwift.appintents --target-triple arm64-apple-ios15.0-simulator --binary-file /Users/etch/Library/Developer/Xcode/DerivedData/Glist-cufzzxofvqwyuzetuqpkvqdnmner/Build/Products/Debug-iphonesimulator/FirebaseSharedSwift.o --dependency-file /Users/etch/Library/Developer/Xcode/DerivedData/Glist-cufzzxofvqwyuzetuqpkvqdnmner/Build/Intermediates.noindex/Firebase.build/Debug-iphonesimulator/FirebaseSharedSwift.build/Objects-normal/arm64/FirebaseSharedSwift_dependency_info.dat --stringsdata-file /Users/etch/Library/Developer/Xcode/DerivedData/Glist-cufzzxofvqwyuzetuqpkvqdnmner/Build/Intermediates.noindex/Firebase.build/Debug-iphonesimulator/FirebaseSharedSwift.build/Objects-normal/arm64/ExtractedAppShortcutsMetadata.stringsdata --source-file-list /Users/etch/Library/Developer/Xcode/DerivedData/Glist-cufzzxofvqwyuzetuqpkvqdnmner/Build/Intermediates.noindex/Firebase.build/Debug-iphonesimulator/FirebaseSharedSwift.build/Objects-normal/arm64/FirebaseSharedSwift.SwiftFileList --metadata-file-list /Users/etch/Library/Developer/Xcode/DerivedData/Glist-cufzzxofvqwyuzetuqpkvqdnmner/Build/Intermediates.noindex/Firebase.build/Debug-iphonesimulator/FirebaseSharedSwift.build/FirebaseSharedSwift.DependencyMetadataFileList --static-metadata-file-list /Users/etch/Library/Developer/Xcode/DerivedData/Glist-cufzzxofvqwyuzetuqpkvqdnmner/Build/Intermediates.noindex/Firebase.build/Debug-iphonesimulator/FirebaseSharedSwift.build/FirebaseSharedSwift.DependencyStaticMetadataFileList --swift-const-vals-list /Users/etch/Library/Developer/Xcode/DerivedData/Glist-cufzzxofvqwyuzetuqpkvqdnmner/Build/Intermediates.noindex/Firebase.build/Debug-iphonesimulator/FirebaseSharedSwift.build/Objects-normal/arm64/FirebaseSharedSwift.SwiftConstValuesFileList --force --compile-time-extraction --deployment-aware-processing --validate-assistant-intents --no-app-shortcuts-localization
2025-11-24 05:44:02.722 appintentsmetadataprocessor[8603:2165221] Starting appintentsmetadataprocessor export
2025-11-24 05:44:02.976 appintentsmetadataprocessor[8603:2165221] Extracted no relevant App Intents symbols, skipping writing output

RegisterExecutionPolicyException /Users/etch/Library/Developer/Xcode/DerivedData/Glist-cufzzxofvqwyuzetuqpkvqdnmner/Build/Products/Debug-iphonesimulator/third-party-IsAppEncrypted.o (in target 'third-party-IsAppEncrypted' from project 'GoogleUtilities')
    cd /Users/etch/Library/Developer/Xcode/DerivedData/Glist-cufzzxofvqwyuzetuqpkvqdnmner/SourcePackages/checkouts/GoogleUtilities
    builtin-RegisterExecutionPolicyException /Users/etch/Library/Developer/Xcode/DerivedData/Glist-cufzzxofvqwyuzetuqpkvqdnmner/Build/Products/Debug-iphonesimulator/third-party-IsAppEncrypted.o

RegisterExecutionPolicyException /Users/etch/Library/Developer/Xcode/DerivedData/Glist-cufzzxofvqwyuzetuqpkvqdnmner/Build/Products/Debug-iphonesimulator/grpcWrapper.o (in target 'grpcWrapper' from project 'gRPC')
    cd /Users/etch/Library/Developer/Xcode/DerivedData/Glist-cufzzxofvqwyuzetuqpkvqdnmner/SourcePackages/checkouts/grpc-binary
    builtin-RegisterExecutionPolicyException /Users/etch/Library/Developer/Xcode/DerivedData/Glist-cufzzxofvqwyuzetuqpkvqdnmner/Build/Products/Debug-iphonesimulator/grpcWrapper.o

RegisterExecutionPolicyException /Users/etch/Library/Developer/Xcode/DerivedData/Glist-cufzzxofvqwyuzetuqpkvqdnmner/Build/Products/Debug-iphonesimulator/abslWrapper.o (in target 'abslWrapper' from project 'abseil')
    cd /Users/etch/Library/Developer/Xcode/DerivedData/Glist-cufzzxofvqwyuzetuqpkvqdnmner/SourcePackages/checkouts/abseil-cpp-binary
    builtin-RegisterExecutionPolicyException /Users/etch/Library/Developer/Xcode/DerivedData/Glist-cufzzxofvqwyuzetuqpkvqdnmner/Build/Products/Debug-iphonesimulator/abslWrapper.o

RegisterExecutionPolicyException /Users/etch/Library/Developer/Xcode/DerivedData/Glist-cufzzxofvqwyuzetuqpkvqdnmner/Build/Products/Debug-iphonesimulator/RecaptchaInterop.o (in target 'RecaptchaInterop' from project 'InteropForGoogle')
    cd /Users/etch/Library/Developer/Xcode/DerivedData/Glist-cufzzxofvqwyuzetuqpkvqdnmner/SourcePackages/checkouts/interop-ios-for-google-sdks
    builtin-RegisterExecutionPolicyException /Users/etch/Library/Developer/Xcode/DerivedData/Glist-cufzzxofvqwyuzetuqpkvqdnmner/Build/Products/Debug-iphonesimulator/RecaptchaInterop.o

ProcessProductPackagingDER /Users/etch/Library/Developer/Xcode/DerivedData/Glist-cufzzxofvqwyuzetuqpkvqdnmner/Build/Intermediates.noindex/Glist.build/Debug-iphonesimulator/Glist.build/Glist.app-Simulated.xcent /Users/etch/Library/Developer/Xcode/DerivedData/Glist-cufzzxofvqwyuzetuqpkvqdnmner/Build/Intermediates.noindex/Glist.build/Debug-iphonesimulator/Glist.build/Glist.app-Simulated.xcent.der (in target 'Glist' from project 'Glist')
    cd /Users/etch/Downloads/APPS/glist/Glist
    /usr/bin/derq query -f xml -i /Users/etch/Library/Developer/Xcode/DerivedData/Glist-cufzzxofvqwyuzetuqpkvqdnmner/Build/Intermediates.noindex/Glist.build/Debug-iphonesimulator/Glist.build/Glist.app-Simulated.xcent -o /Users/etch/Library/Developer/Xcode/DerivedData/Glist-cufzzxofvqwyuzetuqpkvqdnmner/Build/Intermediates.noindex/Glist.build/Debug-iphonesimulator/Glist.build/Glist.app-Simulated.xcent.der --raw

RegisterExecutionPolicyException /Users/etch/Library/Developer/Xcode/DerivedData/Glist-cufzzxofvqwyuzetuqpkvqdnmner/Build/Products/Debug-iphonesimulator/FirebaseFirestoreInternalWrapper.o (in target 'FirebaseFirestoreInternalWrapper' from project 'Firebase')
    cd /Users/etch/Library/Developer/Xcode/DerivedData/Glist-cufzzxofvqwyuzetuqpkvqdnmner/SourcePackages/checkouts/firebase-ios-sdk
    builtin-RegisterExecutionPolicyException /Users/etch/Library/Developer/Xcode/DerivedData/Glist-cufzzxofvqwyuzetuqpkvqdnmner/Build/Products/Debug-iphonesimulator/FirebaseFirestoreInternalWrapper.o

RegisterExecutionPolicyException /Users/etch/Library/Developer/Xcode/DerivedData/Glist-cufzzxofvqwyuzetuqpkvqdnmner/Build/Products/Debug-iphonesimulator/FirebaseAppCheckInterop.o (in target 'FirebaseAppCheckInterop' from project 'Firebase')
    cd /Users/etch/Library/Developer/Xcode/DerivedData/Glist-cufzzxofvqwyuzetuqpkvqdnmner/SourcePackages/checkouts/firebase-ios-sdk
    builtin-RegisterExecutionPolicyException /Users/etch/Library/Developer/Xcode/DerivedData/Glist-cufzzxofvqwyuzetuqpkvqdnmner/Build/Products/Debug-iphonesimulator/FirebaseAppCheckInterop.o

RegisterExecutionPolicyException /Users/etch/Library/Developer/Xcode/DerivedData/Glist-cufzzxofvqwyuzetuqpkvqdnmner/Build/Products/Debug-iphonesimulator/Firebase.o (in target 'Firebase' from project 'Firebase')
    cd /Users/etch/Library/Developer/Xcode/DerivedData/Glist-cufzzxofvqwyuzetuqpkvqdnmner/SourcePackages/checkouts/firebase-ios-sdk
    builtin-RegisterExecutionPolicyException /Users/etch/Library/Developer/Xcode/DerivedData/Glist-cufzzxofvqwyuzetuqpkvqdnmner/Build/Products/Debug-iphonesimulator/Firebase.o

RegisterExecutionPolicyException /Users/etch/Library/Developer/Xcode/DerivedData/Glist-cufzzxofvqwyuzetuqpkvqdnmner/Build/Products/Debug-iphonesimulator/nanopb.o (in target 'nanopb' from project 'nanopb')
    cd /Users/etch/Library/Developer/Xcode/DerivedData/Glist-cufzzxofvqwyuzetuqpkvqdnmner/SourcePackages/checkouts/nanopb
    builtin-RegisterExecutionPolicyException /Users/etch/Library/Developer/Xcode/DerivedData/Glist-cufzzxofvqwyuzetuqpkvqdnmner/Build/Products/Debug-iphonesimulator/nanopb.o

RegisterExecutionPolicyException /Users/etch/Library/Developer/Xcode/DerivedData/Glist-cufzzxofvqwyuzetuqpkvqdnmner/Build/Products/Debug-iphonesimulator/leveldb.o (in target 'leveldb' from project 'leveldb')
    cd /Users/etch/Library/Developer/Xcode/DerivedData/Glist-cufzzxofvqwyuzetuqpkvqdnmner/SourcePackages/checkouts/leveldb
    builtin-RegisterExecutionPolicyException /Users/etch/Library/Developer/Xcode/DerivedData/Glist-cufzzxofvqwyuzetuqpkvqdnmner/Build/Products/Debug-iphonesimulator/leveldb.o

Ld /Users/etch/Library/Developer/Xcode/DerivedData/Glist-cufzzxofvqwyuzetuqpkvqdnmner/Build/Products/Debug-iphonesimulator/GoogleUtilities-Environment.o normal (in target 'GoogleUtilities-Environment' from project 'GoogleUtilities')
    cd /Users/etch/Library/Developer/Xcode/DerivedData/Glist-cufzzxofvqwyuzetuqpkvqdnmner/SourcePackages/checkouts/GoogleUtilities
    /Applications/Xcode.app/Contents/Developer/Toolchains/XcodeDefault.xctoolchain/usr/bin/clang -Xlinker -reproducible -target arm64-apple-ios12.0-simulator -r -isysroot /Applications/Xcode.app/Contents/Developer/Platforms/iPhoneSimulator.platform/Developer/SDKs/iPhoneSimulator26.0.sdk -O0 -w -L/Users/etch/Library/Developer/Xcode/DerivedData/Glist-cufzzxofvqwyuzetuqpkvqdnmner/Build/Intermediates.noindex/EagerLinkingTBDs/Debug-iphonesimulator -L/Users/etch/Library/Developer/Xcode/DerivedData/Glist-cufzzxofvqwyuzetuqpkvqdnmner/Build/Products/Debug-iphonesimulator -L/Applications/Xcode.app/Contents/Developer/Platforms/iPhoneSimulator.platform/Developer/usr/lib -F/Users/etch/Library/Developer/Xcode/DerivedData/Glist-cufzzxofvqwyuzetuqpkvqdnmner/Build/Intermediates.noindex/EagerLinkingTBDs/Debug-iphonesimulator -F/Users/etch/Library/Developer/Xcode/DerivedData/Glist-cufzzxofvqwyuzetuqpkvqdnmner/Build/Products/Debug-iphonesimulator/PackageFrameworks -F/Users/etch/Library/Developer/Xcode/DerivedData/Glist-cufzzxofvqwyuzetuqpkvqdnmner/Build/Products/Debug-iphonesimulator -iframework /Applications/Xcode.app/Contents/Developer/Platforms/iPhoneSimulator.platform/Developer/Library/Frameworks -iframework /Applications/Xcode.app/Contents/Developer/Platforms/iPhoneSimulator.platform/Developer/SDKs/iPhoneSimulator26.0.sdk/Developer/Library/Frameworks -filelist /Users/etch/Library/Developer/Xcode/DerivedData/Glist-cufzzxofvqwyuzetuqpkvqdnmner/Build/Intermediates.noindex/GoogleUtilities.build/Debug-iphonesimulator/GoogleUtilities-Environment.build/Objects-normal/arm64/GoogleUtilities-Environment.LinkFileList -nostdlib -Xlinker -object_path_lto -Xlinker /Users/etch/Library/Developer/Xcode/DerivedData/Glist-cufzzxofvqwyuzetuqpkvqdnmner/Build/Intermediates.noindex/GoogleUtilities.build/Debug-iphonesimulator/GoogleUtilities-Environment.build/Objects-normal/arm64/GoogleUtilities-Environment_lto.o -rdynamic -Xlinker -no_deduplicate -Xlinker -objc_abi_version -Xlinker 2 -Xlinker -debug_variant -Xlinker -dependency_info -Xlinker /Users/etch/Library/Developer/Xcode/DerivedData/Glist-cufzzxofvqwyuzetuqpkvqdnmner/Build/Intermediates.noindex/GoogleUtilities.build/Debug-iphonesimulator/GoogleUtilities-Environment.build/Objects-normal/arm64/GoogleUtilities-Environment_dependency_info.dat -fobjc-arc -fobjc-link-runtime -o /Users/etch/Library/Developer/Xcode/DerivedData/Glist-cufzzxofvqwyuzetuqpkvqdnmner/Build/Products/Debug-iphonesimulator/GoogleUtilities-Environment.o

SwiftDriver Glist normal arm64 com.apple.xcode.tools.swift.compiler (in target 'Glist' from project 'Glist')
    cd /Users/etch/Downloads/APPS/glist/Glist
    builtin-SwiftDriver -- /Applications/Xcode.app/Contents/Developer/Toolchains/XcodeDefault.xctoolchain/usr/bin/swiftc -module-name Glist -Onone -enforce-exclusivity\=checked @/Users/etch/Library/Developer/Xcode/DerivedData/Glist-cufzzxofvqwyuzetuqpkvqdnmner/Build/Intermediates.noindex/Glist.build/Debug-iphonesimulator/Glist.build/Objects-normal/arm64/Glist.SwiftFileList -DDEBUG -Xcc -fmodule-map-file\=/Users/etch/Library/Developer/Xcode/DerivedData/Glist-cufzzxofvqwyuzetuqpkvqdnmner/Build/Intermediates.noindex/GeneratedModuleMaps-iphonesimulator/RecaptchaInterop.modulemap -Xcc -fmodule-map-file\=/Users/etch/Library/Developer/Xcode/DerivedData/Glist-cufzzxofvqwyuzetuqpkvqdnmner/Build/Intermediates.noindex/GeneratedModuleMaps-iphonesimulator/FirebaseAuthInternal.modulemap -Xcc -fmodule-map-file\=/Users/etch/Library/Developer/Xcode/DerivedData/Glist-cufzzxofvqwyuzetuqpkvqdnmner/Build/Intermediates.noindex/GeneratedModuleMaps-iphonesimulator/abslWrapper.modulemap -Xcc -fmodule-map-file\=/Users/etch/Library/Developer/Xcode/DerivedData/Glist-cufzzxofvqwyuzetuqpkvqdnmner/Build/Intermediates.noindex/GeneratedModuleMaps-iphonesimulator/opensslWrapper.modulemap -Xcc -fmodule-map-file\=/Users/etch/Library/Developer/Xcode/DerivedData/Glist-cufzzxofvqwyuzetuqpkvqdnmner/Build/Intermediates.noindex/GeneratedModuleMaps-iphonesimulator/grpcWrapper.modulemap -Xcc -fmodule-map-file\=/Users/etch/Library/Developer/Xcode/DerivedData/Glist-cufzzxofvqwyuzetuqpkvqdnmner/Build/Intermediates.noindex/GeneratedModuleMaps-iphonesimulator/grpcppWrapper.modulemap -Xcc -fmodule-map-file\=/Users/etch/Library/Developer/Xcode/DerivedData/Glist-cufzzxofvqwyuzetuqpkvqdnmner/Build/Intermediates.noindex/GeneratedModuleMaps-iphonesimulator/leveldb.modulemap -Xcc -fmodule-map-file\=/Users/etch/Library/Developer/Xcode/DerivedData/Glist-cufzzxofvqwyuzetuqpkvqdnmner/Build/Intermediates.noindex/GeneratedModuleMaps-iphonesimulator/FirebaseFirestoreInternalWrapper.modulemap -Xcc -fmodule-map-file\=/Users/etch/Library/Developer/Xcode/DerivedData/Glist-cufzzxofvqwyuzetuqpkvqdnmner/Build/Intermediates.noindex/GeneratedModuleMaps-iphonesimulator/FirebaseFirestoreTarget.modulemap -Xcc -fmodule-map-file\=/Users/etch/Library/Developer/Xcode/DerivedData/Glist-cufzzxofvqwyuzetuqpkvqdnmner/Build/Intermediates.noindex/GeneratedModuleMaps-iphonesimulator/GTMSessionFetcherCore.modulemap -Xcc -fmodule-map-file\=/Users/etch/Library/Developer/Xcode/DerivedData/Glist-cufzzxofvqwyuzetuqpkvqdnmner/Build/Intermediates.noindex/GeneratedModuleMaps-iphonesimulator/FirebaseCoreExtension.modulemap -Xcc -fmodule-map-file\=/Users/etch/Library/Developer/Xcode/DerivedData/Glist-cufzzxofvqwyuzetuqpkvqdnmner/Build/Intermediates.noindex/GeneratedModuleMaps-iphonesimulator/FirebaseAuthInterop.modulemap -Xcc -fmodule-map-file\=/Users/etch/Library/Developer/Xcode/DerivedData/Glist-cufzzxofvqwyuzetuqpkvqdnmner/Build/Intermediates.noindex/GeneratedModuleMaps-iphonesimulator/FirebaseAppCheckInterop.modulemap -Xcc -fmodule-map-file\=/Users/etch/Library/Developer/Xcode/DerivedData/Glist-cufzzxofvqwyuzetuqpkvqdnmner/Build/Intermediates.noindex/GeneratedModuleMaps-iphonesimulator/GoogleUtilities-UserDefaults.modulemap -Xcc -fmodule-map-file\=/Users/etch/Library/Developer/Xcode/DerivedData/Glist-cufzzxofvqwyuzetuqpkvqdnmner/Build/Intermediates.noindex/GeneratedModuleMaps-iphonesimulator/GoogleUtilities-Network.modulemap -Xcc -fmodule-map-file\=/Users/etch/Library/Developer/Xcode/DerivedData/Glist-cufzzxofvqwyuzetuqpkvqdnmner/Build/Intermediates.noindex/GeneratedModuleMaps-iphonesimulator/GoogleUtilities-NSData.modulemap -Xcc -fmodule-map-file\=/Users/etch/Library/Developer/Xcode/DerivedData/Glist-cufzzxofvqwyuzetuqpkvqdnmner/Build/Intermediates.noindex/GeneratedModuleMaps-iphonesimulator/GoogleUtilities-AppDelegateSwizzler.modulemap -Xcc -fmodule-map-file\=/Users/etch/Library/Developer/Xcode/DerivedData/Glist-cufzzxofvqwyuzetuqpkvqdnmner/Build/Intermediates.noindex/GeneratedModuleMaps-iphonesimulator/GoogleUtilities-Logger.modulemap -Xcc -fmodule-map-file\=/Users/etch/Library/Developer/Xcode/DerivedData/Glist-cufzzxofvqwyuzetuqpkvqdnmner/Build/Intermediates.noindex/GeneratedModuleMaps-iphonesimulator/GoogleUtilities-Environment.modulemap -Xcc -fmodule-map-file\=/Users/etch/Library/Developer/Xcode/DerivedData/Glist-cufzzxofvqwyuzetuqpkvqdnmner/Build/Intermediates.noindex/GeneratedModuleMaps-iphonesimulator/third-party-IsAppEncrypted.modulemap -Xcc -fmodule-map-file\=/Users/etch/Library/Developer/Xcode/DerivedData/Glist-cufzzxofvqwyuzetuqpkvqdnmner/Build/Intermediates.noindex/GeneratedModuleMaps-iphonesimulator/GoogleUtilities-Reachability.modulemap -Xcc -fmodule-map-file\=/Users/etch/Library/Developer/Xcode/DerivedData/Glist-cufzzxofvqwyuzetuqpkvqdnmner/Build/Intermediates.noindex/GeneratedModuleMaps-iphonesimulator/GoogleDataTransport.modulemap -Xcc -fmodule-map-file\=/Users/etch/Library/Developer/Xcode/DerivedData/Glist-cufzzxofvqwyuzetuqpkvqdnmner/Build/Intermediates.noindex/GeneratedModuleMaps-iphonesimulator/nanopb.modulemap -Xcc -fmodule-map-file\=/Users/etch/Library/Developer/Xcode/DerivedData/Glist-cufzzxofvqwyuzetuqpkvqdnmner/Build/Intermediates.noindex/GeneratedModuleMaps-iphonesimulator/FirebaseInstallations.modulemap -Xcc -fmodule-map-file\=/Users/etch/Library/Developer/Xcode/DerivedData/Glist-cufzzxofvqwyuzetuqpkvqdnmner/Build/Intermediates.noindex/GeneratedModuleMaps-iphonesimulator/FirebaseCore.modulemap -Xcc -fmodule-map-file\=/Users/etch/Library/Developer/Xcode/DerivedData/Glist-cufzzxofvqwyuzetuqpkvqdnmner/Build/Intermediates.noindex/GeneratedModuleMaps-iphonesimulator/FirebaseMessaging.modulemap -default-isolation\=MainActor -enable-bare-slash-regex -enable-upcoming-feature MemberImportVisibility -enable-experimental-feature DebugDescriptionMacro -sdk /Applications/Xcode.app/Contents/Developer/Platforms/iPhoneSimulator.platform/Developer/SDKs/iPhoneSimulator26.0.sdk -target arm64-apple-ios18.0-simulator -g -module-cache-path /Users/etch/Library/Developer/Xcode/DerivedData/ModuleCache.noindex -Xfrontend -serialize-debugging-options -profile-coverage-mapping -profile-generate -enable-testing -index-store-path /Users/etch/Library/Developer/Xcode/DerivedData/Glist-cufzzxofvqwyuzetuqpkvqdnmner/Index.noindex/DataStore -Xcc -D_LIBCPP_HARDENING_MODE\=_LIBCPP_HARDENING_MODE_DEBUG -swift-version 5 -I /Users/etch/Library/Developer/Xcode/DerivedData/Glist-cufzzxofvqwyuzetuqpkvqdnmner/Build/Products/Debug-iphonesimulator -F /Users/etch/Library/Developer/Xcode/DerivedData/Glist-cufzzxofvqwyuzetuqpkvqdnmner/Build/Products/Debug-iphonesimulator/PackageFrameworks -F /Users/etch/Library/Developer/Xcode/DerivedData/Glist-cufzzxofvqwyuzetuqpkvqdnmner/Build/Products/Debug-iphonesimulator/PackageFrameworks -F /Users/etch/Library/Developer/Xcode/DerivedData/Glist-cufzzxofvqwyuzetuqpkvqdnmner/Build/Products/Debug-iphonesimulator/PackageFrameworks -F /Users/etch/Library/Developer/Xcode/DerivedData/Glist-cufzzxofvqwyuzetuqpkvqdnmner/Build/Products/Debug-iphonesimulator/PackageFrameworks -F /Users/etch/Library/Developer/Xcode/DerivedData/Glist-cufzzxofvqwyuzetuqpkvqdnmner/Build/Products/Debug-iphonesimulator/PackageFrameworks -F /Users/etch/Library/Developer/Xcode/DerivedData/Glist-cufzzxofvqwyuzetuqpkvqdnmner/Build/Products/Debug-iphonesimulator/PackageFrameworks -F /Users/etch/Library/Developer/Xcode/DerivedData/Glist-cufzzxofvqwyuzetuqpkvqdnmner/Build/Products/Debug-iphonesimulator/PackageFrameworks -F /Users/etch/Library/Developer/Xcode/DerivedData/Glist-cufzzxofvqwyuzetuqpkvqdnmner/Build/Products/Debug-iphonesimulator/PackageFrameworks -F /Users/etch/Library/Developer/Xcode/DerivedData/Glist-cufzzxofvqwyuzetuqpkvqdnmner/Build/Products/Debug-iphonesimulator/PackageFrameworks -F /Users/etch/Library/Developer/Xcode/DerivedData/Glist-cufzzxofvqwyuzetuqpkvqdnmner/Build/Products/Debug-iphonesimulator/PackageFrameworks -F /Users/etch/Library/Developer/Xcode/DerivedData/Glist-cufzzxofvqwyuzetuqpkvqdnmner/Build/Products/Debug-iphonesimulator/PackageFrameworks -F /Users/etch/Library/Developer/Xcode/DerivedData/Glist-cufzzxofvqwyuzetuqpkvqdnmner/Build/Products/Debug-iphonesimulator/PackageFrameworks -F /Users/etch/Library/Developer/Xcode/DerivedData/Glist-cufzzxofvqwyuzetuqpkvqdnmner/Build/Products/Debug-iphonesimulator/PackageFrameworks -F /Users/etch/Library/Developer/Xcode/DerivedData/Glist-cufzzxofvqwyuzetuqpkvqdnmner/Build/Products/Debug-iphonesimulator/PackageFrameworks -F /Users/etch/Library/Developer/Xcode/DerivedData/Glist-cufzzxofvqwyuzetuqpkvqdnmner/Build/Products/Debug-iphonesimulator/PackageFrameworks -F /Users/etch/Library/Developer/Xcode/DerivedData/Glist-cufzzxofvqwyuzetuqpkvqdnmner/Build/Products/Debug-iphonesimulator/PackageFrameworks -F /Users/etch/Library/Developer/Xcode/DerivedData/Glist-cufzzxofvqwyuzetuqpkvqdnmner/Build/Products/Debug-iphonesimulator/PackageFrameworks -F /Users/etch/Library/Developer/Xcode/DerivedData/Glist-cufzzxofvqwyuzetuqpkvqdnmner/Build/Products/Debug-iphonesimulator/PackageFrameworks -F /Users/etch/Library/Developer/Xcode/DerivedData/Glist-cufzzxofvqwyuzetuqpkvqdnmner/Build/Products/Debug-iphonesimulator/PackageFrameworks -F /Users/etch/Library/Developer/Xcode/DerivedData/Glist-cufzzxofvqwyuzetuqpkvqdnmner/Build/Products/Debug-iphonesimulator/PackageFrameworks -F /Users/etch/Library/Developer/Xcode/DerivedData/Glist-cufzzxofvqwyuzetuqpkvqdnmner/Build/Products/Debug-iphonesimulator/PackageFrameworks -F /Users/etch/Library/Developer/Xcode/DerivedData/Glist-cufzzxofvqwyuzetuqpkvqdnmner/Build/Products/Debug-iphonesimulator/PackageFrameworks -F /Users/etch/Library/Developer/Xcode/DerivedData/Glist-cufzzxofvqwyuzetuqpkvqdnmner/Build/Products/Debug-iphonesimulator/PackageFrameworks -F /Users/etch/Library/Developer/Xcode/DerivedData/Glist-cufzzxofvqwyuzetuqpkvqdnmner/Build/Products/Debug-iphonesimulator/PackageFrameworks -F /Users/etch/Library/Developer/Xcode/DerivedData/Glist-cufzzxofvqwyuzetuqpkvqdnmner/Build/Products/Debug-iphonesimulator/PackageFrameworks -F /Users/etch/Library/Developer/Xcode/DerivedData/Glist-cufzzxofvqwyuzetuqpkvqdnmner/Build/Products/Debug-iphonesimulator/PackageFrameworks -F /Users/etch/Library/Developer/Xcode/DerivedData/Glist-cufzzxofvqwyuzetuqpkvqdnmner/Build/Products/Debug-iphonesimulator/PackageFrameworks -F /Users/etch/Library/Developer/Xcode/DerivedData/Glist-cufzzxofvqwyuzetuqpkvqdnmner/Build/Products/Debug-iphonesimulator/PackageFrameworks -F /Users/etch/Library/Developer/Xcode/DerivedData/Glist-cufzzxofvqwyuzetuqpkvqdnmner/Build/Products/Debug-iphonesimulator/PackageFrameworks -F /Users/etch/Library/Developer/Xcode/DerivedData/Glist-cufzzxofvqwyuzetuqpkvqdnmner/Build/Products/Debug-iphonesimulator/PackageFrameworks -F /Users/etch/Library/Developer/Xcode/DerivedData/Glist-cufzzxofvqwyuzetuqpkvqdnmner/Build/Products/Debug-iphonesimulator/PackageFrameworks -F /Users/etch/Library/Developer/Xcode/DerivedData/Glist-cufzzxofvqwyuzetuqpkvqdnmner/Build/Products/Debug-iphonesimulator/PackageFrameworks -F /Users/etch/Library/Developer/Xcode/DerivedData/Glist-cufzzxofvqwyuzetuqpkvqdnmner/Build/Products/Debug-iphonesimulator/PackageFrameworks -F /Users/etch/Library/Developer/Xcode/DerivedData/Glist-cufzzxofvqwyuzetuqpkvqdnmner/Build/Products/Debug-iphonesimulator -emit-localized-strings -emit-localized-strings-path /Users/etch/Library/Developer/Xcode/DerivedData/Glist-cufzzxofvqwyuzetuqpkvqdnmner/Build/Intermediates.noindex/Glist.build/Debug-iphonesimulator/Glist.build/Objects-normal/arm64 -c -j8 -enable-batch-mode -incremental -Xcc -ivfsstatcache -Xcc /Users/etch/Library/Developer/Xcode/DerivedData/SDKStatCaches.noindex/iphonesimulator26.0-23A339-26257891a6c027eb51374368541b8346.sdkstatcache -output-file-map /Users/etch/Library/Developer/Xcode/DerivedData/Glist-cufzzxofvqwyuzetuqpkvqdnmner/Build/Intermediates.noindex/Glist.build/Debug-iphonesimulator/Glist.build/Objects-normal/arm64/Glist-OutputFileMap.json -use-frontend-parseable-output -save-temps -no-color-diagnostics -explicit-module-build -module-cache-path /Users/etch/Library/Developer/Xcode/DerivedData/Glist-cufzzxofvqwyuzetuqpkvqdnmner/Build/Intermediates.noindex/SwiftExplicitPrecompiledModules -clang-scanner-module-cache-path /Users/etch/Library/Developer/Xcode/DerivedData/ModuleCache.noindex -sdk-module-cache-path /Users/etch/Library/Developer/Xcode/DerivedData/ModuleCache.noindex -serialize-diagnostics -emit-dependencies -emit-module -emit-module-path /Users/etch/Library/Developer/Xcode/DerivedData/Glist-cufzzxofvqwyuzetuqpkvqdnmner/Build/Intermediates.noindex/Glist.build/Debug-iphonesimulator/Glist.build/Objects-normal/arm64/Glist.swiftmodule -validate-clang-modules-once -clang-build-session-file /Users/etch/Library/Developer/Xcode/DerivedData/ModuleCache.noindex/Session.modulevalidation -Xcc -I/Users/etch/Library/Developer/Xcode/DerivedData/Glist-cufzzxofvqwyuzetuqpkvqdnmner/Build/Intermediates.noindex/Glist.build/Debug-iphonesimulator/Glist.build/swift-overrides.hmap -emit-const-values -Xfrontend -const-gather-protocols-file -Xfrontend /Users/etch/Library/Developer/Xcode/DerivedData/Glist-cufzzxofvqwyuzetuqpkvqdnmner/Build/Intermediates.noindex/Glist.build/Debug-iphonesimulator/Glist.build/Objects-normal/arm64/Glist_const_extract_protocols.json -Xcc -iquote -Xcc /Users/etch/Library/Developer/Xcode/DerivedData/Glist-cufzzxofvqwyuzetuqpkvqdnmner/Build/Intermediates.noindex/Glist.build/Debug-iphonesimulator/Glist.build/Glist-generated-files.hmap -Xcc -I/Users/etch/Library/Developer/Xcode/DerivedData/Glist-cufzzxofvqwyuzetuqpkvqdnmner/Build/Intermediates.noindex/Glist.build/Debug-iphonesimulator/Glist.build/Glist-own-target-headers.hmap -Xcc -I/Users/etch/Library/Developer/Xcode/DerivedData/Glist-cufzzxofvqwyuzetuqpkvqdnmner/Build/Intermediates.noindex/Glist.build/Debug-iphonesimulator/Glist.build/Glist-all-non-framework-target-headers.hmap -Xcc -ivfsoverlay -Xcc /Users/etch/Library/Developer/Xcode/DerivedData/Glist-cufzzxofvqwyuzetuqpkvqdnmner/Build/Intermediates.noindex/Glist.build/Debug-iphonesimulator/Glist-03e8b4f6d21d97b1ae14d663310a2c4d-VFS-iphonesimulator/all-product-headers.yaml -Xcc -iquote -Xcc /Users/etch/Library/Developer/Xcode/DerivedData/Glist-cufzzxofvqwyuzetuqpkvqdnmner/Build/Intermediates.noindex/Glist.build/Debug-iphonesimulator/Glist.build/Glist-project-headers.hmap -Xcc -I/Users/etch/Library/Developer/Xcode/DerivedData/Glist-cufzzxofvqwyuzetuqpkvqdnmner/SourcePackages/checkouts/interop-ios-for-google-sdks/RecaptchaEnterprise/RecaptchaInterop/Public -Xcc -I/Users/etch/Library/Developer/Xcode/DerivedData/Glist-cufzzxofvqwyuzetuqpkvqdnmner/SourcePackages/checkouts/firebase-ios-sdk/FirebaseAuth/Sources/Public -Xcc -I/Users/etch/Library/Developer/Xcode/DerivedData/Glist-cufzzxofvqwyuzetuqpkvqdnmner/SourcePackages/checkouts/abseil-cpp-binary/absl-Wrapper/include -Xcc -I/Users/etch/Library/Developer/Xcode/DerivedData/Glist-cufzzxofvqwyuzetuqpkvqdnmner/SourcePackages/checkouts/grpc-binary/openssl-grpc-Wrapper/include -Xcc -I/Users/etch/Library/Developer/Xcode/DerivedData/Glist-cufzzxofvqwyuzetuqpkvqdnmner/SourcePackages/checkouts/grpc-binary/grpc-Wrapper/include -Xcc -I/Users/etch/Library/Developer/Xcode/DerivedData/Glist-cufzzxofvqwyuzetuqpkvqdnmner/SourcePackages/checkouts/grpc-binary/grpcpp-Wrapper/include -Xcc -I/Users/etch/Library/Developer/Xcode/DerivedData/Glist-cufzzxofvqwyuzetuqpkvqdnmner/SourcePackages/checkouts/leveldb/include -Xcc -I/Users/etch/Library/Developer/Xcode/DerivedData/Glist-cufzzxofvqwyuzetuqpkvqdnmner/SourcePackages/checkouts/firebase-ios-sdk/FirebaseFirestoreInternal -Xcc -I/Users/etch/Library/Developer/Xcode/DerivedData/Glist-cufzzxofvqwyuzetuqpkvqdnmner/SourcePackages/checkouts/firebase-ios-sdk/SwiftPM-PlatformExclude/FirebaseFirestoreWrap/include -Xcc -I/Users/etch/Library/Developer/Xcode/DerivedData/Glist-cufzzxofvqwyuzetuqpkvqdnmner/SourcePackages/checkouts/gtm-session-fetcher/Sources/Core/Public -Xcc -I/Users/etch/Library/Developer/Xcode/DerivedData/Glist-cufzzxofvqwyuzetuqpkvqdnmner/SourcePackages/checkouts/firebase-ios-sdk/FirebaseCore/Extension -Xcc -I/Users/etch/Library/Developer/Xcode/DerivedData/Glist-cufzzxofvqwyuzetuqpkvqdnmner/SourcePackages/checkouts/firebase-ios-sdk/FirebaseAuth/Interop/Public -Xcc -I/Users/etch/Library/Developer/Xcode/DerivedData/Glist-cufzzxofvqwyuzetuqpkvqdnmner/SourcePackages/checkouts/firebase-ios-sdk/FirebaseAppCheck/Interop/Public -Xcc -I/Users/etch/Library/Developer/Xcode/DerivedData/Glist-cufzzxofvqwyuzetuqpkvqdnmner/SourcePackages/checkouts/promises/Sources/FBLPromises/include -Xcc -I/Users/etch/Library/Developer/Xcode/DerivedData/Glist-cufzzxofvqwyuzetuqpkvqdnmner/SourcePackages/checkouts/GoogleUtilities/GoogleUtilities/UserDefaults/Public -Xcc -I/Users/etch/Library/Developer/Xcode/DerivedData/Glist-cufzzxofvqwyuzetuqpkvqdnmner/SourcePackages/checkouts/GoogleUtilities/GoogleUtilities/Network/Public -Xcc -I/Users/etch/Library/Developer/Xcode/DerivedData/Glist-cufzzxofvqwyuzetuqpkvqdnmner/SourcePackages/checkouts/GoogleUtilities/GoogleUtilities/NSData+zlib/Public -Xcc -I/Users/etch/Library/Developer/Xcode/DerivedData/Glist-cufzzxofvqwyuzetuqpkvqdnmner/SourcePackages/checkouts/GoogleUtilities/GoogleUtilities/AppDelegateSwizzler/Public -Xcc -I/Users/etch/Library/Developer/Xcode/DerivedData/Glist-cufzzxofvqwyuzetuqpkvqdnmner/SourcePackages/checkouts/GoogleUtilities/GoogleUtilities/Logger/Public -Xcc -I/Users/etch/Library/Developer/Xcode/DerivedData/Glist-cufzzxofvqwyuzetuqpkvqdnmner/SourcePackages/checkouts/GoogleUtilities/GoogleUtilities/Environment/Public -Xcc -I/Users/etch/Library/Developer/Xcode/DerivedData/Glist-cufzzxofvqwyuzetuqpkvqdnmner/SourcePackages/checkouts/GoogleUtilities/third_party/IsAppEncrypted/Public -Xcc -I/Users/etch/Library/Developer/Xcode/DerivedData/Glist-cufzzxofvqwyuzetuqpkvqdnmner/SourcePackages/checkouts/GoogleUtilities/GoogleUtilities/Reachability/Public -Xcc -I/Users/etch/Library/Developer/Xcode/DerivedData/Glist-cufzzxofvqwyuzetuqpkvqdnmner/SourcePackages/checkouts/GoogleDataTransport/GoogleDataTransport/GDTCORLibrary/Public -Xcc -I/Users/etch/Library/Developer/Xcode/DerivedData/Glist-cufzzxofvqwyuzetuqpkvqdnmner/SourcePackages/checkouts/nanopb/spm_headers -Xcc -I/Users/etch/Library/Developer/Xcode/DerivedData/Glist-cufzzxofvqwyuzetuqpkvqdnmner/SourcePackages/checkouts/firebase-ios-sdk/FirebaseInstallations/Source/Library/Public -Xcc -I/Users/etch/Library/Developer/Xcode/DerivedData/Glist-cufzzxofvqwyuzetuqpkvqdnmner/SourcePackages/checkouts/firebase-ios-sdk/FirebaseCore/Sources/Public -Xcc -I/Users/etch/Library/Developer/Xcode/DerivedData/Glist-cufzzxofvqwyuzetuqpkvqdnmner/SourcePackages/checkouts/firebase-ios-sdk/CoreOnly/Sources -Xcc -I/Users/etch/Library/Developer/Xcode/DerivedData/Glist-cufzzxofvqwyuzetuqpkvqdnmner/SourcePackages/checkouts/firebase-ios-sdk/FirebaseMessaging/Sources/Public -Xcc -I/Users/etch/Library/Developer/Xcode/DerivedData/Glist-cufzzxofvqwyuzetuqpkvqdnmner/Build/Products/Debug-iphonesimulator/include -Xcc -I/Users/etch/Library/Developer/Xcode/DerivedData/Glist-cufzzxofvqwyuzetuqpkvqdnmner/Build/Intermediates.noindex/Glist.build/Debug-iphonesimulator/Glist.build/DerivedSources-normal/arm64 -Xcc -I/Users/etch/Library/Developer/Xcode/DerivedData/Glist-cufzzxofvqwyuzetuqpkvqdnmner/Build/Intermediates.noindex/Glist.build/Debug-iphonesimulator/Glist.build/DerivedSources/arm64 -Xcc -I/Users/etch/Library/Developer/Xcode/DerivedData/Glist-cufzzxofvqwyuzetuqpkvqdnmner/Build/Intermediates.noindex/Glist.build/Debug-iphonesimulator/Glist.build/DerivedSources -Xcc -DDEBUG\=1 -emit-objc-header -emit-objc-header-path /Users/etch/Library/Developer/Xcode/DerivedData/Glist-cufzzxofvqwyuzetuqpkvqdnmner/Build/Intermediates.noindex/Glist.build/Debug-iphonesimulator/Glist.build/Objects-normal/arm64/Glist-Swift.h -working-directory /Users/etch/Downloads/APPS/glist/Glist -experimental-emit-module-separately -disable-cmo

Ld /Users/etch/Library/Developer/Xcode/DerivedData/Glist-cufzzxofvqwyuzetuqpkvqdnmner/Build/Products/Debug-iphonesimulator/FirebaseAuthInternal.o normal (in target 'FirebaseAuthInternal' from project 'Firebase')
    cd /Users/etch/Library/Developer/Xcode/DerivedData/Glist-cufzzxofvqwyuzetuqpkvqdnmner/SourcePackages/checkouts/firebase-ios-sdk
    /Applications/Xcode.app/Contents/Developer/Toolchains/XcodeDefault.xctoolchain/usr/bin/clang -Xlinker -reproducible -target arm64-apple-ios15.0-simulator -r -isysroot /Applications/Xcode.app/Contents/Developer/Platforms/iPhoneSimulator.platform/Developer/SDKs/iPhoneSimulator26.0.sdk -O0 -w -L/Users/etch/Library/Developer/Xcode/DerivedData/Glist-cufzzxofvqwyuzetuqpkvqdnmner/Build/Intermediates.noindex/EagerLinkingTBDs/Debug-iphonesimulator -L/Users/etch/Library/Developer/Xcode/DerivedData/Glist-cufzzxofvqwyuzetuqpkvqdnmner/Build/Products/Debug-iphonesimulator -L/Applications/Xcode.app/Contents/Developer/Platforms/iPhoneSimulator.platform/Developer/usr/lib -F/Users/etch/Library/Developer/Xcode/DerivedData/Glist-cufzzxofvqwyuzetuqpkvqdnmner/Build/Intermediates.noindex/EagerLinkingTBDs/Debug-iphonesimulator -F/Users/etch/Library/Developer/Xcode/DerivedData/Glist-cufzzxofvqwyuzetuqpkvqdnmner/Build/Products/Debug-iphonesimulator/PackageFrameworks -F/Users/etch/Library/Developer/Xcode/DerivedData/Glist-cufzzxofvqwyuzetuqpkvqdnmner/Build/Products/Debug-iphonesimulator -iframework /Applications/Xcode.app/Contents/Developer/Platforms/iPhoneSimulator.platform/Developer/Library/Frameworks -iframework /Applications/Xcode.app/Contents/Developer/Platforms/iPhoneSimulator.platform/Developer/SDKs/iPhoneSimulator26.0.sdk/Developer/Library/Frameworks -filelist /Users/etch/Library/Developer/Xcode/DerivedData/Glist-cufzzxofvqwyuzetuqpkvqdnmner/Build/Intermediates.noindex/Firebase.build/Debug-iphonesimulator/FirebaseAuthInternal.build/Objects-normal/arm64/FirebaseAuthInternal.LinkFileList -nostdlib -Xlinker -object_path_lto -Xlinker /Users/etch/Library/Developer/Xcode/DerivedData/Glist-cufzzxofvqwyuzetuqpkvqdnmner/Build/Intermediates.noindex/Firebase.build/Debug-iphonesimulator/FirebaseAuthInternal.build/Objects-normal/arm64/FirebaseAuthInternal_lto.o -rdynamic -Xlinker -no_deduplicate -Xlinker -objc_abi_version -Xlinker 2 -Xlinker -debug_variant -Xlinker -dependency_info -Xlinker /Users/etch/Library/Developer/Xcode/DerivedData/Glist-cufzzxofvqwyuzetuqpkvqdnmner/Build/Intermediates.noindex/Firebase.build/Debug-iphonesimulator/FirebaseAuthInternal.build/Objects-normal/arm64/FirebaseAuthInternal_dependency_info.dat -fobjc-arc -fobjc-link-runtime -o /Users/etch/Library/Developer/Xcode/DerivedData/Glist-cufzzxofvqwyuzetuqpkvqdnmner/Build/Products/Debug-iphonesimulator/FirebaseAuthInternal.o

RegisterExecutionPolicyException /Users/etch/Library/Developer/Xcode/DerivedData/Glist-cufzzxofvqwyuzetuqpkvqdnmner/Build/Products/Debug-iphonesimulator/GoogleUtilities-NSData.o (in target 'GoogleUtilities-NSData' from project 'GoogleUtilities')
    cd /Users/etch/Library/Developer/Xcode/DerivedData/Glist-cufzzxofvqwyuzetuqpkvqdnmner/SourcePackages/checkouts/GoogleUtilities
    builtin-RegisterExecutionPolicyException /Users/etch/Library/Developer/Xcode/DerivedData/Glist-cufzzxofvqwyuzetuqpkvqdnmner/Build/Products/Debug-iphonesimulator/GoogleUtilities-NSData.o

Ld /Users/etch/Library/Developer/Xcode/DerivedData/Glist-cufzzxofvqwyuzetuqpkvqdnmner/Build/Products/Debug-iphonesimulator/grpcppWrapper.o normal (in target 'grpcppWrapper' from project 'gRPC')
    cd /Users/etch/Library/Developer/Xcode/DerivedData/Glist-cufzzxofvqwyuzetuqpkvqdnmner/SourcePackages/checkouts/grpc-binary
    /Applications/Xcode.app/Contents/Developer/Toolchains/XcodeDefault.xctoolchain/usr/bin/clang -Xlinker -reproducible -target arm64-apple-ios12.0-simulator -r -isysroot /Applications/Xcode.app/Contents/Developer/Platforms/iPhoneSimulator.platform/Developer/SDKs/iPhoneSimulator26.0.sdk -O0 -w -L/Users/etch/Library/Developer/Xcode/DerivedData/Glist-cufzzxofvqwyuzetuqpkvqdnmner/Build/Intermediates.noindex/EagerLinkingTBDs/Debug-iphonesimulator -L/Users/etch/Library/Developer/Xcode/DerivedData/Glist-cufzzxofvqwyuzetuqpkvqdnmner/Build/Products/Debug-iphonesimulator -L/Applications/Xcode.app/Contents/Developer/Platforms/iPhoneSimulator.platform/Developer/usr/lib -F/Users/etch/Library/Developer/Xcode/DerivedData/Glist-cufzzxofvqwyuzetuqpkvqdnmner/Build/Intermediates.noindex/EagerLinkingTBDs/Debug-iphonesimulator -F/Users/etch/Library/Developer/Xcode/DerivedData/Glist-cufzzxofvqwyuzetuqpkvqdnmner/Build/Products/Debug-iphonesimulator/PackageFrameworks -F/Users/etch/Library/Developer/Xcode/DerivedData/Glist-cufzzxofvqwyuzetuqpkvqdnmner/Build/Products/Debug-iphonesimulator/PackageFrameworks -F/Users/etch/Library/Developer/Xcode/DerivedData/Glist-cufzzxofvqwyuzetuqpkvqdnmner/Build/Products/Debug-iphonesimulator/PackageFrameworks -F/Users/etch/Library/Developer/Xcode/DerivedData/Glist-cufzzxofvqwyuzetuqpkvqdnmner/Build/Products/Debug-iphonesimulator -iframework /Applications/Xcode.app/Contents/Developer/Platforms/iPhoneSimulator.platform/Developer/Library/Frameworks -iframework /Applications/Xcode.app/Contents/Developer/Platforms/iPhoneSimulator.platform/Developer/SDKs/iPhoneSimulator26.0.sdk/Developer/Library/Frameworks -filelist /Users/etch/Library/Developer/Xcode/DerivedData/Glist-cufzzxofvqwyuzetuqpkvqdnmner/Build/Intermediates.noindex/gRPC.build/Debug-iphonesimulator/grpcppWrapper.build/Objects-normal/arm64/grpcppWrapper.LinkFileList -nostdlib -Xlinker -object_path_lto -Xlinker /Users/etch/Library/Developer/Xcode/DerivedData/Glist-cufzzxofvqwyuzetuqpkvqdnmner/Build/Intermediates.noindex/gRPC.build/Debug-iphonesimulator/grpcppWrapper.build/Objects-normal/arm64/grpcppWrapper_lto.o -rdynamic -Xlinker -no_deduplicate -Xlinker -objc_abi_version -Xlinker 2 -Xlinker -debug_variant -Xlinker -dependency_info -Xlinker /Users/etch/Library/Developer/Xcode/DerivedData/Glist-cufzzxofvqwyuzetuqpkvqdnmner/Build/Intermediates.noindex/gRPC.build/Debug-iphonesimulator/grpcppWrapper.build/Objects-normal/arm64/grpcppWrapper_dependency_info.dat -fobjc-arc -fobjc-link-runtime -o /Users/etch/Library/Developer/Xcode/DerivedData/Glist-cufzzxofvqwyuzetuqpkvqdnmner/Build/Products/Debug-iphonesimulator/grpcppWrapper.o

CompileAssetCatalogVariant thinned /Users/etch/Library/Developer/Xcode/DerivedData/Glist-cufzzxofvqwyuzetuqpkvqdnmner/Build/Products/Debug-iphonesimulator/Glist.app /Users/etch/Downloads/APPS/glist/Glist/Glist/Assets.xcassets (in target 'Glist' from project 'Glist')
    cd /Users/etch/Downloads/APPS/glist/Glist
    /Applications/Xcode.app/Contents/Developer/usr/bin/actool /Users/etch/Downloads/APPS/glist/Glist/Glist/Assets.xcassets --compile /Users/etch/Library/Developer/Xcode/DerivedData/Glist-cufzzxofvqwyuzetuqpkvqdnmner/Build/Intermediates.noindex/Glist.build/Debug-iphonesimulator/Glist.build/assetcatalog_output/thinned --output-format human-readable-text --notices --warnings --export-dependency-info /Users/etch/Library/Developer/Xcode/DerivedData/Glist-cufzzxofvqwyuzetuqpkvqdnmner/Build/Intermediates.noindex/Glist.build/Debug-iphonesimulator/Glist.build/assetcatalog_dependencies_thinned --output-partial-info-plist /Users/etch/Library/Developer/Xcode/DerivedData/Glist-cufzzxofvqwyuzetuqpkvqdnmner/Build/Intermediates.noindex/Glist.build/Debug-iphonesimulator/Glist.build/assetcatalog_generated_info.plist_thinned --app-icon AppIcon --accent-color AccentColor --compress-pngs --enable-on-demand-resources YES --filter-for-thinning-device-configuration iPhone17,1 --filter-for-device-os-version 26.0.1 --development-region en --target-device iphone --target-device ipad --minimum-deployment-target 18.0 --platform iphonesimulator
objc[8627]: Class _NoAnimationDelegate is implemented in both /Library/Developer/CoreSimulator/Volumes/iOS_23A8464/Library/Developer/CoreSimulator/Profiles/Runtimes/iOS 26.0.simruntime/Contents/Resources/RuntimeRoot/System/Library/Frameworks/SwiftUICore.framework/SwiftUICore (0x13e2a0130) and /Library/Developer/CoreSimulator/Volumes/iOS_23A8464/Library/Developer/CoreSimulator/Profiles/Runtimes/iOS 26.0.simruntime/Contents/Resources/RuntimeRoot/System/Library/PrivateFrameworks/UIKitCore.framework/UIKitCore (0x14383d198). This may cause spurious casting failures and mysterious crashes. One of the duplicates must be removed or renamed.

RegisterExecutionPolicyException /Users/etch/Library/Developer/Xcode/DerivedData/Glist-cufzzxofvqwyuzetuqpkvqdnmner/Build/Products/Debug-iphonesimulator/GTMSessionFetcherCore.o (in target 'GTMSessionFetcherCore' from project 'GTMSessionFetcher')
    cd /Users/etch/Library/Developer/Xcode/DerivedData/Glist-cufzzxofvqwyuzetuqpkvqdnmner/SourcePackages/checkouts/gtm-session-fetcher
    builtin-RegisterExecutionPolicyException /Users/etch/Library/Developer/Xcode/DerivedData/Glist-cufzzxofvqwyuzetuqpkvqdnmner/Build/Products/Debug-iphonesimulator/GTMSessionFetcherCore.o

RegisterExecutionPolicyException /Users/etch/Library/Developer/Xcode/DerivedData/Glist-cufzzxofvqwyuzetuqpkvqdnmner/Build/Products/Debug-iphonesimulator/GoogleUtilities-Environment.o (in target 'GoogleUtilities-Environment' from project 'GoogleUtilities')
    cd /Users/etch/Library/Developer/Xcode/DerivedData/Glist-cufzzxofvqwyuzetuqpkvqdnmner/SourcePackages/checkouts/GoogleUtilities
    builtin-RegisterExecutionPolicyException /Users/etch/Library/Developer/Xcode/DerivedData/Glist-cufzzxofvqwyuzetuqpkvqdnmner/Build/Products/Debug-iphonesimulator/GoogleUtilities-Environment.o

RegisterExecutionPolicyException /Users/etch/Library/Developer/Xcode/DerivedData/Glist-cufzzxofvqwyuzetuqpkvqdnmner/Build/Products/Debug-iphonesimulator/FBLPromises.o (in target 'FBLPromises' from project 'Promises')
    cd /Users/etch/Library/Developer/Xcode/DerivedData/Glist-cufzzxofvqwyuzetuqpkvqdnmner/SourcePackages/checkouts/promises
    builtin-RegisterExecutionPolicyException /Users/etch/Library/Developer/Xcode/DerivedData/Glist-cufzzxofvqwyuzetuqpkvqdnmner/Build/Products/Debug-iphonesimulator/FBLPromises.o

RegisterExecutionPolicyException /Users/etch/Library/Developer/Xcode/DerivedData/Glist-cufzzxofvqwyuzetuqpkvqdnmner/Build/Products/Debug-iphonesimulator/FirebaseAuthInterop.o (in target 'FirebaseAuthInterop' from project 'Firebase')
    cd /Users/etch/Library/Developer/Xcode/DerivedData/Glist-cufzzxofvqwyuzetuqpkvqdnmner/SourcePackages/checkouts/firebase-ios-sdk
    builtin-RegisterExecutionPolicyException /Users/etch/Library/Developer/Xcode/DerivedData/Glist-cufzzxofvqwyuzetuqpkvqdnmner/Build/Products/Debug-iphonesimulator/FirebaseAuthInterop.o

Ld /Users/etch/Library/Developer/Xcode/DerivedData/Glist-cufzzxofvqwyuzetuqpkvqdnmner/Build/Products/Debug-iphonesimulator/FirebaseCoreInternal.o normal (in target 'FirebaseCoreInternal' from project 'Firebase')
    cd /Users/etch/Library/Developer/Xcode/DerivedData/Glist-cufzzxofvqwyuzetuqpkvqdnmner/SourcePackages/checkouts/firebase-ios-sdk
    /Applications/Xcode.app/Contents/Developer/Toolchains/XcodeDefault.xctoolchain/usr/bin/clang -Xlinker -reproducible -target arm64-apple-ios15.0-simulator -r -isysroot /Applications/Xcode.app/Contents/Developer/Platforms/iPhoneSimulator.platform/Developer/SDKs/iPhoneSimulator26.0.sdk -O0 -w -L/Users/etch/Library/Developer/Xcode/DerivedData/Glist-cufzzxofvqwyuzetuqpkvqdnmner/Build/Intermediates.noindex/EagerLinkingTBDs/Debug-iphonesimulator -L/Users/etch/Library/Developer/Xcode/DerivedData/Glist-cufzzxofvqwyuzetuqpkvqdnmner/Build/Products/Debug-iphonesimulator -L/Applications/Xcode.app/Contents/Developer/Platforms/iPhoneSimulator.platform/Developer/usr/lib -F/Users/etch/Library/Developer/Xcode/DerivedData/Glist-cufzzxofvqwyuzetuqpkvqdnmner/Build/Intermediates.noindex/EagerLinkingTBDs/Debug-iphonesimulator -F/Users/etch/Library/Developer/Xcode/DerivedData/Glist-cufzzxofvqwyuzetuqpkvqdnmner/Build/Products/Debug-iphonesimulator/PackageFrameworks -F/Users/etch/Library/Developer/Xcode/DerivedData/Glist-cufzzxofvqwyuzetuqpkvqdnmner/Build/Products/Debug-iphonesimulator -iframework /Applications/Xcode.app/Contents/Developer/Platforms/iPhoneSimulator.platform/Developer/Library/Frameworks -iframework /Applications/Xcode.app/Contents/Developer/Platforms/iPhoneSimulator.platform/Developer/SDKs/iPhoneSimulator26.0.sdk/Developer/Library/Frameworks -filelist /Users/etch/Library/Developer/Xcode/DerivedData/Glist-cufzzxofvqwyuzetuqpkvqdnmner/Build/Intermediates.noindex/Firebase.build/Debug-iphonesimulator/FirebaseCoreInternal.build/Objects-normal/arm64/FirebaseCoreInternal.LinkFileList -nostdlib -Xlinker -object_path_lto -Xlinker /Users/etch/Library/Developer/Xcode/DerivedData/Glist-cufzzxofvqwyuzetuqpkvqdnmner/Build/Intermediates.noindex/Firebase.build/Debug-iphonesimulator/FirebaseCoreInternal.build/Objects-normal/arm64/FirebaseCoreInternal_lto.o -rdynamic -Xlinker -no_deduplicate -Xlinker -objc_abi_version -Xlinker 2 -Xlinker -debug_variant -Xlinker -dependency_info -Xlinker /Users/etch/Library/Developer/Xcode/DerivedData/Glist-cufzzxofvqwyuzetuqpkvqdnmner/Build/Intermediates.noindex/Firebase.build/Debug-iphonesimulator/FirebaseCoreInternal.build/Objects-normal/arm64/FirebaseCoreInternal_dependency_info.dat -fobjc-link-runtime -L/Applications/Xcode.app/Contents/Developer/Toolchains/XcodeDefault.xctoolchain/usr/lib/swift/iphonesimulator -L/usr/lib/swift -Xlinker -add_ast_path -Xlinker /Users/etch/Library/Developer/Xcode/DerivedData/Glist-cufzzxofvqwyuzetuqpkvqdnmner/Build/Intermediates.noindex/Firebase.build/Debug-iphonesimulator/FirebaseCoreInternal.build/Objects-normal/arm64/FirebaseCoreInternal.swiftmodule @/Users/etch/Library/Developer/Xcode/DerivedData/Glist-cufzzxofvqwyuzetuqpkvqdnmner/Build/Intermediates.noindex/Firebase.build/Debug-iphonesimulator/FirebaseCoreInternal.build/Objects-normal/arm64/FirebaseCoreInternal-linker-args.resp -o /Users/etch/Library/Developer/Xcode/DerivedData/Glist-cufzzxofvqwyuzetuqpkvqdnmner/Build/Products/Debug-iphonesimulator/FirebaseCoreInternal.o

RegisterExecutionPolicyException /Users/etch/Library/Developer/Xcode/DerivedData/Glist-cufzzxofvqwyuzetuqpkvqdnmner/Build/Products/Debug-iphonesimulator/grpcppWrapper.o (in target 'grpcppWrapper' from project 'gRPC')
    cd /Users/etch/Library/Developer/Xcode/DerivedData/Glist-cufzzxofvqwyuzetuqpkvqdnmner/SourcePackages/checkouts/grpc-binary
    builtin-RegisterExecutionPolicyException /Users/etch/Library/Developer/Xcode/DerivedData/Glist-cufzzxofvqwyuzetuqpkvqdnmner/Build/Products/Debug-iphonesimulator/grpcppWrapper.o

Ld /Users/etch/Library/Developer/Xcode/DerivedData/Glist-cufzzxofvqwyuzetuqpkvqdnmner/Build/Products/Debug-iphonesimulator/GoogleUtilities-Logger.o normal (in target 'GoogleUtilities-Logger' from project 'GoogleUtilities')
    cd /Users/etch/Library/Developer/Xcode/DerivedData/Glist-cufzzxofvqwyuzetuqpkvqdnmner/SourcePackages/checkouts/GoogleUtilities
    /Applications/Xcode.app/Contents/Developer/Toolchains/XcodeDefault.xctoolchain/usr/bin/clang -Xlinker -reproducible -target arm64-apple-ios12.0-simulator -r -isysroot /Applications/Xcode.app/Contents/Developer/Platforms/iPhoneSimulator.platform/Developer/SDKs/iPhoneSimulator26.0.sdk -O0 -w -L/Users/etch/Library/Developer/Xcode/DerivedData/Glist-cufzzxofvqwyuzetuqpkvqdnmner/Build/Intermediates.noindex/EagerLinkingTBDs/Debug-iphonesimulator -L/Users/etch/Library/Developer/Xcode/DerivedData/Glist-cufzzxofvqwyuzetuqpkvqdnmner/Build/Products/Debug-iphonesimulator -L/Applications/Xcode.app/Contents/Developer/Platforms/iPhoneSimulator.platform/Developer/usr/lib -F/Users/etch/Library/Developer/Xcode/DerivedData/Glist-cufzzxofvqwyuzetuqpkvqdnmner/Build/Intermediates.noindex/EagerLinkingTBDs/Debug-iphonesimulator -F/Users/etch/Library/Developer/Xcode/DerivedData/Glist-cufzzxofvqwyuzetuqpkvqdnmner/Build/Products/Debug-iphonesimulator/PackageFrameworks -F/Users/etch/Library/Developer/Xcode/DerivedData/Glist-cufzzxofvqwyuzetuqpkvqdnmner/Build/Products/Debug-iphonesimulator/PackageFrameworks -F/Users/etch/Library/Developer/Xcode/DerivedData/Glist-cufzzxofvqwyuzetuqpkvqdnmner/Build/Products/Debug-iphonesimulator -iframework /Applications/Xcode.app/Contents/Developer/Platforms/iPhoneSimulator.platform/Developer/Library/Frameworks -iframework /Applications/Xcode.app/Contents/Developer/Platforms/iPhoneSimulator.platform/Developer/SDKs/iPhoneSimulator26.0.sdk/Developer/Library/Frameworks -filelist /Users/etch/Library/Developer/Xcode/DerivedData/Glist-cufzzxofvqwyuzetuqpkvqdnmner/Build/Intermediates.noindex/GoogleUtilities.build/Debug-iphonesimulator/GoogleUtilities-Logger.build/Objects-normal/arm64/GoogleUtilities-Logger.LinkFileList -nostdlib -Xlinker -object_path_lto -Xlinker /Users/etch/Library/Developer/Xcode/DerivedData/Glist-cufzzxofvqwyuzetuqpkvqdnmner/Build/Intermediates.noindex/GoogleUtilities.build/Debug-iphonesimulator/GoogleUtilities-Logger.build/Objects-normal/arm64/GoogleUtilities-Logger_lto.o -rdynamic -Xlinker -no_deduplicate -Xlinker -objc_abi_version -Xlinker 2 -Xlinker -debug_variant -Xlinker -dependency_info -Xlinker /Users/etch/Library/Developer/Xcode/DerivedData/Glist-cufzzxofvqwyuzetuqpkvqdnmner/Build/Intermediates.noindex/GoogleUtilities.build/Debug-iphonesimulator/GoogleUtilities-Logger.build/Objects-normal/arm64/GoogleUtilities-Logger_dependency_info.dat -fobjc-arc -fobjc-link-runtime -o /Users/etch/Library/Developer/Xcode/DerivedData/Glist-cufzzxofvqwyuzetuqpkvqdnmner/Build/Products/Debug-iphonesimulator/GoogleUtilities-Logger.o

Ld /Users/etch/Library/Developer/Xcode/DerivedData/Glist-cufzzxofvqwyuzetuqpkvqdnmner/Build/Products/Debug-iphonesimulator/GoogleDataTransport.o normal (in target 'GoogleDataTransport' from project 'GoogleDataTransport')
    cd /Users/etch/Library/Developer/Xcode/DerivedData/Glist-cufzzxofvqwyuzetuqpkvqdnmner/SourcePackages/checkouts/GoogleDataTransport
    /Applications/Xcode.app/Contents/Developer/Toolchains/XcodeDefault.xctoolchain/usr/bin/clang -Xlinker -reproducible -target arm64-apple-ios12.0-simulator -r -isysroot /Applications/Xcode.app/Contents/Developer/Platforms/iPhoneSimulator.platform/Developer/SDKs/iPhoneSimulator26.0.sdk -O0 -w -L/Users/etch/Library/Developer/Xcode/DerivedData/Glist-cufzzxofvqwyuzetuqpkvqdnmner/Build/Intermediates.noindex/EagerLinkingTBDs/Debug-iphonesimulator -L/Users/etch/Library/Developer/Xcode/DerivedData/Glist-cufzzxofvqwyuzetuqpkvqdnmner/Build/Products/Debug-iphonesimulator -L/Applications/Xcode.app/Contents/Developer/Platforms/iPhoneSimulator.platform/Developer/usr/lib -F/Users/etch/Library/Developer/Xcode/DerivedData/Glist-cufzzxofvqwyuzetuqpkvqdnmner/Build/Intermediates.noindex/EagerLinkingTBDs/Debug-iphonesimulator -F/Users/etch/Library/Developer/Xcode/DerivedData/Glist-cufzzxofvqwyuzetuqpkvqdnmner/Build/Products/Debug-iphonesimulator/PackageFrameworks -F/Users/etch/Library/Developer/Xcode/DerivedData/Glist-cufzzxofvqwyuzetuqpkvqdnmner/Build/Products/Debug-iphonesimulator/PackageFrameworks -F/Users/etch/Library/Developer/Xcode/DerivedData/Glist-cufzzxofvqwyuzetuqpkvqdnmner/Build/Products/Debug-iphonesimulator -iframework /Applications/Xcode.app/Contents/Developer/Platforms/iPhoneSimulator.platform/Developer/Library/Frameworks -iframework /Applications/Xcode.app/Contents/Developer/Platforms/iPhoneSimulator.platform/Developer/SDKs/iPhoneSimulator26.0.sdk/Developer/Library/Frameworks -filelist /Users/etch/Library/Developer/Xcode/DerivedData/Glist-cufzzxofvqwyuzetuqpkvqdnmner/Build/Intermediates.noindex/GoogleDataTransport.build/Debug-iphonesimulator/GoogleDataTransport.build/Objects-normal/arm64/GoogleDataTransport.LinkFileList -nostdlib -Xlinker -object_path_lto -Xlinker /Users/etch/Library/Developer/Xcode/DerivedData/Glist-cufzzxofvqwyuzetuqpkvqdnmner/Build/Intermediates.noindex/GoogleDataTransport.build/Debug-iphonesimulator/GoogleDataTransport.build/Objects-normal/arm64/GoogleDataTransport_lto.o -rdynamic -Xlinker -no_deduplicate -Xlinker -objc_abi_version -Xlinker 2 -Xlinker -debug_variant -Xlinker -dependency_info -Xlinker /Users/etch/Library/Developer/Xcode/DerivedData/Glist-cufzzxofvqwyuzetuqpkvqdnmner/Build/Intermediates.noindex/GoogleDataTransport.build/Debug-iphonesimulator/GoogleDataTransport.build/Objects-normal/arm64/GoogleDataTransport_dependency_info.dat -fobjc-arc -fobjc-link-runtime -o /Users/etch/Library/Developer/Xcode/DerivedData/Glist-cufzzxofvqwyuzetuqpkvqdnmner/Build/Products/Debug-iphonesimulator/GoogleDataTransport.o

ExtractAppIntentsMetadata (in target 'FirebaseCoreInternal' from project 'Firebase')
    cd /Users/etch/Library/Developer/Xcode/DerivedData/Glist-cufzzxofvqwyuzetuqpkvqdnmner/SourcePackages/checkouts/firebase-ios-sdk
    /Applications/Xcode.app/Contents/Developer/Toolchains/XcodeDefault.xctoolchain/usr/bin/appintentsmetadataprocessor --toolchain-dir /Applications/Xcode.app/Contents/Developer/Toolchains/XcodeDefault.xctoolchain --module-name FirebaseCoreInternal --sdk-root /Applications/Xcode.app/Contents/Developer/Platforms/iPhoneSimulator.platform/Developer/SDKs/iPhoneSimulator26.0.sdk --xcode-version 17A400 --platform-family iOS --deployment-target 15.0 --bundle-identifier firebase-ios-sdk.FirebaseCoreInternal --output /Users/etch/Library/Developer/Xcode/DerivedData/Glist-cufzzxofvqwyuzetuqpkvqdnmner/Build/Products/Debug-iphonesimulator/FirebaseCoreInternal.appintents --target-triple arm64-apple-ios15.0-simulator --binary-file /Users/etch/Library/Developer/Xcode/DerivedData/Glist-cufzzxofvqwyuzetuqpkvqdnmner/Build/Products/Debug-iphonesimulator/FirebaseCoreInternal.o --dependency-file /Users/etch/Library/Developer/Xcode/DerivedData/Glist-cufzzxofvqwyuzetuqpkvqdnmner/Build/Intermediates.noindex/Firebase.build/Debug-iphonesimulator/FirebaseCoreInternal.build/Objects-normal/arm64/FirebaseCoreInternal_dependency_info.dat --stringsdata-file /Users/etch/Library/Developer/Xcode/DerivedData/Glist-cufzzxofvqwyuzetuqpkvqdnmner/Build/Intermediates.noindex/Firebase.build/Debug-iphonesimulator/FirebaseCoreInternal.build/Objects-normal/arm64/ExtractedAppShortcutsMetadata.stringsdata --source-file-list /Users/etch/Library/Developer/Xcode/DerivedData/Glist-cufzzxofvqwyuzetuqpkvqdnmner/Build/Intermediates.noindex/Firebase.build/Debug-iphonesimulator/FirebaseCoreInternal.build/Objects-normal/arm64/FirebaseCoreInternal.SwiftFileList --metadata-file-list /Users/etch/Library/Developer/Xcode/DerivedData/Glist-cufzzxofvqwyuzetuqpkvqdnmner/Build/Intermediates.noindex/Firebase.build/Debug-iphonesimulator/FirebaseCoreInternal.build/FirebaseCoreInternal.DependencyMetadataFileList --static-metadata-file-list /Users/etch/Library/Developer/Xcode/DerivedData/Glist-cufzzxofvqwyuzetuqpkvqdnmner/Build/Intermediates.noindex/Firebase.build/Debug-iphonesimulator/FirebaseCoreInternal.build/FirebaseCoreInternal.DependencyStaticMetadataFileList --swift-const-vals-list /Users/etch/Library/Developer/Xcode/DerivedData/Glist-cufzzxofvqwyuzetuqpkvqdnmner/Build/Intermediates.noindex/Firebase.build/Debug-iphonesimulator/FirebaseCoreInternal.build/Objects-normal/arm64/FirebaseCoreInternal.SwiftConstValuesFileList --force --compile-time-extraction --deployment-aware-processing --validate-assistant-intents --no-app-shortcuts-localization
2025-11-24 05:44:02.766 appintentsmetadataprocessor[8619:2165290] Starting appintentsmetadataprocessor export
2025-11-24 05:44:02.975 appintentsmetadataprocessor[8619:2165290] Extracted no relevant App Intents symbols, skipping writing output

RegisterExecutionPolicyException /Users/etch/Library/Developer/Xcode/DerivedData/Glist-cufzzxofvqwyuzetuqpkvqdnmner/Build/Products/Debug-iphonesimulator/FirebaseAuthInternal.o (in target 'FirebaseAuthInternal' from project 'Firebase')
    cd /Users/etch/Library/Developer/Xcode/DerivedData/Glist-cufzzxofvqwyuzetuqpkvqdnmner/SourcePackages/checkouts/firebase-ios-sdk
    builtin-RegisterExecutionPolicyException /Users/etch/Library/Developer/Xcode/DerivedData/Glist-cufzzxofvqwyuzetuqpkvqdnmner/Build/Products/Debug-iphonesimulator/FirebaseAuthInternal.o

RegisterExecutionPolicyException /Users/etch/Library/Developer/Xcode/DerivedData/Glist-cufzzxofvqwyuzetuqpkvqdnmner/Build/Products/Debug-iphonesimulator/GoogleUtilities-Logger.o (in target 'GoogleUtilities-Logger' from project 'GoogleUtilities')
    cd /Users/etch/Library/Developer/Xcode/DerivedData/Glist-cufzzxofvqwyuzetuqpkvqdnmner/SourcePackages/checkouts/GoogleUtilities
    builtin-RegisterExecutionPolicyException /Users/etch/Library/Developer/Xcode/DerivedData/Glist-cufzzxofvqwyuzetuqpkvqdnmner/Build/Products/Debug-iphonesimulator/GoogleUtilities-Logger.o

Ld /Users/etch/Library/Developer/Xcode/DerivedData/Glist-cufzzxofvqwyuzetuqpkvqdnmner/Build/Products/Debug-iphonesimulator/GoogleUtilities-UserDefaults.o normal (in target 'GoogleUtilities-UserDefaults' from project 'GoogleUtilities')
    cd /Users/etch/Library/Developer/Xcode/DerivedData/Glist-cufzzxofvqwyuzetuqpkvqdnmner/SourcePackages/checkouts/GoogleUtilities
    /Applications/Xcode.app/Contents/Developer/Toolchains/XcodeDefault.xctoolchain/usr/bin/clang -Xlinker -reproducible -target arm64-apple-ios12.0-simulator -r -isysroot /Applications/Xcode.app/Contents/Developer/Platforms/iPhoneSimulator.platform/Developer/SDKs/iPhoneSimulator26.0.sdk -O0 -w -L/Users/etch/Library/Developer/Xcode/DerivedData/Glist-cufzzxofvqwyuzetuqpkvqdnmner/Build/Intermediates.noindex/EagerLinkingTBDs/Debug-iphonesimulator -L/Users/etch/Library/Developer/Xcode/DerivedData/Glist-cufzzxofvqwyuzetuqpkvqdnmner/Build/Products/Debug-iphonesimulator -L/Applications/Xcode.app/Contents/Developer/Platforms/iPhoneSimulator.platform/Developer/usr/lib -F/Users/etch/Library/Developer/Xcode/DerivedData/Glist-cufzzxofvqwyuzetuqpkvqdnmner/Build/Intermediates.noindex/EagerLinkingTBDs/Debug-iphonesimulator -F/Users/etch/Library/Developer/Xcode/DerivedData/Glist-cufzzxofvqwyuzetuqpkvqdnmner/Build/Products/Debug-iphonesimulator/PackageFrameworks -F/Users/etch/Library/Developer/Xcode/DerivedData/Glist-cufzzxofvqwyuzetuqpkvqdnmner/Build/Products/Debug-iphonesimulator/PackageFrameworks -F/Users/etch/Library/Developer/Xcode/DerivedData/Glist-cufzzxofvqwyuzetuqpkvqdnmner/Build/Products/Debug-iphonesimulator/PackageFrameworks -F/Users/etch/Library/Developer/Xcode/DerivedData/Glist-cufzzxofvqwyuzetuqpkvqdnmner/Build/Products/Debug-iphonesimulator -iframework /Applications/Xcode.app/Contents/Developer/Platforms/iPhoneSimulator.platform/Developer/Library/Frameworks -iframework /Applications/Xcode.app/Contents/Developer/Platforms/iPhoneSimulator.platform/Developer/SDKs/iPhoneSimulator26.0.sdk/Developer/Library/Frameworks -filelist /Users/etch/Library/Developer/Xcode/DerivedData/Glist-cufzzxofvqwyuzetuqpkvqdnmner/Build/Intermediates.noindex/GoogleUtilities.build/Debug-iphonesimulator/GoogleUtilities-UserDefaults.build/Objects-normal/arm64/GoogleUtilities-UserDefaults.LinkFileList -nostdlib -Xlinker -object_path_lto -Xlinker /Users/etch/Library/Developer/Xcode/DerivedData/Glist-cufzzxofvqwyuzetuqpkvqdnmner/Build/Intermediates.noindex/GoogleUtilities.build/Debug-iphonesimulator/GoogleUtilities-UserDefaults.build/Objects-normal/arm64/GoogleUtilities-UserDefaults_lto.o -rdynamic -Xlinker -no_deduplicate -Xlinker -objc_abi_version -Xlinker 2 -Xlinker -debug_variant -Xlinker -dependency_info -Xlinker /Users/etch/Library/Developer/Xcode/DerivedData/Glist-cufzzxofvqwyuzetuqpkvqdnmner/Build/Intermediates.noindex/GoogleUtilities.build/Debug-iphonesimulator/GoogleUtilities-UserDefaults.build/Objects-normal/arm64/GoogleUtilities-UserDefaults_dependency_info.dat -fobjc-arc -fobjc-link-runtime -o /Users/etch/Library/Developer/Xcode/DerivedData/Glist-cufzzxofvqwyuzetuqpkvqdnmner/Build/Products/Debug-iphonesimulator/GoogleUtilities-UserDefaults.o

Ld /Users/etch/Library/Developer/Xcode/DerivedData/Glist-cufzzxofvqwyuzetuqpkvqdnmner/Build/Products/Debug-iphonesimulator/GoogleUtilities-Reachability.o normal (in target 'GoogleUtilities-Reachability' from project 'GoogleUtilities')
    cd /Users/etch/Library/Developer/Xcode/DerivedData/Glist-cufzzxofvqwyuzetuqpkvqdnmner/SourcePackages/checkouts/GoogleUtilities
    /Applications/Xcode.app/Contents/Developer/Toolchains/XcodeDefault.xctoolchain/usr/bin/clang -Xlinker -reproducible -target arm64-apple-ios12.0-simulator -r -isysroot /Applications/Xcode.app/Contents/Developer/Platforms/iPhoneSimulator.platform/Developer/SDKs/iPhoneSimulator26.0.sdk -O0 -w -L/Users/etch/Library/Developer/Xcode/DerivedData/Glist-cufzzxofvqwyuzetuqpkvqdnmner/Build/Intermediates.noindex/EagerLinkingTBDs/Debug-iphonesimulator -L/Users/etch/Library/Developer/Xcode/DerivedData/Glist-cufzzxofvqwyuzetuqpkvqdnmner/Build/Products/Debug-iphonesimulator -L/Applications/Xcode.app/Contents/Developer/Platforms/iPhoneSimulator.platform/Developer/usr/lib -F/Users/etch/Library/Developer/Xcode/DerivedData/Glist-cufzzxofvqwyuzetuqpkvqdnmner/Build/Intermediates.noindex/EagerLinkingTBDs/Debug-iphonesimulator -F/Users/etch/Library/Developer/Xcode/DerivedData/Glist-cufzzxofvqwyuzetuqpkvqdnmner/Build/Products/Debug-iphonesimulator/PackageFrameworks -F/Users/etch/Library/Developer/Xcode/DerivedData/Glist-cufzzxofvqwyuzetuqpkvqdnmner/Build/Products/Debug-iphonesimulator/PackageFrameworks -F/Users/etch/Library/Developer/Xcode/DerivedData/Glist-cufzzxofvqwyuzetuqpkvqdnmner/Build/Products/Debug-iphonesimulator/PackageFrameworks -F/Users/etch/Library/Developer/Xcode/DerivedData/Glist-cufzzxofvqwyuzetuqpkvqdnmner/Build/Products/Debug-iphonesimulator -iframework /Applications/Xcode.app/Contents/Developer/Platforms/iPhoneSimulator.platform/Developer/Library/Frameworks -iframework /Applications/Xcode.app/Contents/Developer/Platforms/iPhoneSimulator.platform/Developer/SDKs/iPhoneSimulator26.0.sdk/Developer/Library/Frameworks -filelist /Users/etch/Library/Developer/Xcode/DerivedData/Glist-cufzzxofvqwyuzetuqpkvqdnmner/Build/Intermediates.noindex/GoogleUtilities.build/Debug-iphonesimulator/GoogleUtilities-Reachability.build/Objects-normal/arm64/GoogleUtilities-Reachability.LinkFileList -nostdlib -Xlinker -object_path_lto -Xlinker /Users/etch/Library/Developer/Xcode/DerivedData/Glist-cufzzxofvqwyuzetuqpkvqdnmner/Build/Intermediates.noindex/GoogleUtilities.build/Debug-iphonesimulator/GoogleUtilities-Reachability.build/Objects-normal/arm64/GoogleUtilities-Reachability_lto.o -rdynamic -Xlinker -no_deduplicate -Xlinker -objc_abi_version -Xlinker 2 -Xlinker -debug_variant -Xlinker -dependency_info -Xlinker /Users/etch/Library/Developer/Xcode/DerivedData/Glist-cufzzxofvqwyuzetuqpkvqdnmner/Build/Intermediates.noindex/GoogleUtilities.build/Debug-iphonesimulator/GoogleUtilities-Reachability.build/Objects-normal/arm64/GoogleUtilities-Reachability_dependency_info.dat -fobjc-arc -fobjc-link-runtime -o /Users/etch/Library/Developer/Xcode/DerivedData/Glist-cufzzxofvqwyuzetuqpkvqdnmner/Build/Products/Debug-iphonesimulator/GoogleUtilities-Reachability.o

RegisterExecutionPolicyException /Users/etch/Library/Developer/Xcode/DerivedData/Glist-cufzzxofvqwyuzetuqpkvqdnmner/Build/Products/Debug-iphonesimulator/GoogleDataTransport.o (in target 'GoogleDataTransport' from project 'GoogleDataTransport')
    cd /Users/etch/Library/Developer/Xcode/DerivedData/Glist-cufzzxofvqwyuzetuqpkvqdnmner/SourcePackages/checkouts/GoogleDataTransport
    builtin-RegisterExecutionPolicyException /Users/etch/Library/Developer/Xcode/DerivedData/Glist-cufzzxofvqwyuzetuqpkvqdnmner/Build/Products/Debug-iphonesimulator/GoogleDataTransport.o

RegisterExecutionPolicyException /Users/etch/Library/Developer/Xcode/DerivedData/Glist-cufzzxofvqwyuzetuqpkvqdnmner/Build/Products/Debug-iphonesimulator/GoogleUtilities-Reachability.o (in target 'GoogleUtilities-Reachability' from project 'GoogleUtilities')
    cd /Users/etch/Library/Developer/Xcode/DerivedData/Glist-cufzzxofvqwyuzetuqpkvqdnmner/SourcePackages/checkouts/GoogleUtilities
    builtin-RegisterExecutionPolicyException /Users/etch/Library/Developer/Xcode/DerivedData/Glist-cufzzxofvqwyuzetuqpkvqdnmner/Build/Products/Debug-iphonesimulator/GoogleUtilities-Reachability.o

RegisterExecutionPolicyException /Users/etch/Library/Developer/Xcode/DerivedData/Glist-cufzzxofvqwyuzetuqpkvqdnmner/Build/Products/Debug-iphonesimulator/GoogleUtilities-UserDefaults.o (in target 'GoogleUtilities-UserDefaults' from project 'GoogleUtilities')
    cd /Users/etch/Library/Developer/Xcode/DerivedData/Glist-cufzzxofvqwyuzetuqpkvqdnmner/SourcePackages/checkouts/GoogleUtilities
    builtin-RegisterExecutionPolicyException /Users/etch/Library/Developer/Xcode/DerivedData/Glist-cufzzxofvqwyuzetuqpkvqdnmner/Build/Products/Debug-iphonesimulator/GoogleUtilities-UserDefaults.o

Ld /Users/etch/Library/Developer/Xcode/DerivedData/Glist-cufzzxofvqwyuzetuqpkvqdnmner/Build/Products/Debug-iphonesimulator/GoogleUtilities-Network.o normal (in target 'GoogleUtilities-Network' from project 'GoogleUtilities')
    cd /Users/etch/Library/Developer/Xcode/DerivedData/Glist-cufzzxofvqwyuzetuqpkvqdnmner/SourcePackages/checkouts/GoogleUtilities
    /Applications/Xcode.app/Contents/Developer/Toolchains/XcodeDefault.xctoolchain/usr/bin/clang -Xlinker -reproducible -target arm64-apple-ios12.0-simulator -r -isysroot /Applications/Xcode.app/Contents/Developer/Platforms/iPhoneSimulator.platform/Developer/SDKs/iPhoneSimulator26.0.sdk -O0 -w -L/Users/etch/Library/Developer/Xcode/DerivedData/Glist-cufzzxofvqwyuzetuqpkvqdnmner/Build/Intermediates.noindex/EagerLinkingTBDs/Debug-iphonesimulator -L/Users/etch/Library/Developer/Xcode/DerivedData/Glist-cufzzxofvqwyuzetuqpkvqdnmner/Build/Products/Debug-iphonesimulator -L/Applications/Xcode.app/Contents/Developer/Platforms/iPhoneSimulator.platform/Developer/usr/lib -F/Users/etch/Library/Developer/Xcode/DerivedData/Glist-cufzzxofvqwyuzetuqpkvqdnmner/Build/Intermediates.noindex/EagerLinkingTBDs/Debug-iphonesimulator -F/Users/etch/Library/Developer/Xcode/DerivedData/Glist-cufzzxofvqwyuzetuqpkvqdnmner/Build/Products/Debug-iphonesimulator/PackageFrameworks -F/Users/etch/Library/Developer/Xcode/DerivedData/Glist-cufzzxofvqwyuzetuqpkvqdnmner/Build/Products/Debug-iphonesimulator/PackageFrameworks -F/Users/etch/Library/Developer/Xcode/DerivedData/Glist-cufzzxofvqwyuzetuqpkvqdnmner/Build/Products/Debug-iphonesimulator/PackageFrameworks -F/Users/etch/Library/Developer/Xcode/DerivedData/Glist-cufzzxofvqwyuzetuqpkvqdnmner/Build/Products/Debug-iphonesimulator/PackageFrameworks -F/Users/etch/Library/Developer/Xcode/DerivedData/Glist-cufzzxofvqwyuzetuqpkvqdnmner/Build/Products/Debug-iphonesimulator/PackageFrameworks -F/Users/etch/Library/Developer/Xcode/DerivedData/Glist-cufzzxofvqwyuzetuqpkvqdnmner/Build/Products/Debug-iphonesimulator -iframework /Applications/Xcode.app/Contents/Developer/Platforms/iPhoneSimulator.platform/Developer/Library/Frameworks -iframework /Applications/Xcode.app/Contents/Developer/Platforms/iPhoneSimulator.platform/Developer/SDKs/iPhoneSimulator26.0.sdk/Developer/Library/Frameworks -filelist /Users/etch/Library/Developer/Xcode/DerivedData/Glist-cufzzxofvqwyuzetuqpkvqdnmner/Build/Intermediates.noindex/GoogleUtilities.build/Debug-iphonesimulator/GoogleUtilities-Network.build/Objects-normal/arm64/GoogleUtilities-Network.LinkFileList -nostdlib -Xlinker -object_path_lto -Xlinker /Users/etch/Library/Developer/Xcode/DerivedData/Glist-cufzzxofvqwyuzetuqpkvqdnmner/Build/Intermediates.noindex/GoogleUtilities.build/Debug-iphonesimulator/GoogleUtilities-Network.build/Objects-normal/arm64/GoogleUtilities-Network_lto.o -rdynamic -Xlinker -no_deduplicate -Xlinker -objc_abi_version -Xlinker 2 -Xlinker -debug_variant -Xlinker -dependency_info -Xlinker /Users/etch/Library/Developer/Xcode/DerivedData/Glist-cufzzxofvqwyuzetuqpkvqdnmner/Build/Intermediates.noindex/GoogleUtilities.build/Debug-iphonesimulator/GoogleUtilities-Network.build/Objects-normal/arm64/GoogleUtilities-Network_dependency_info.dat -fobjc-arc -fobjc-link-runtime -o /Users/etch/Library/Developer/Xcode/DerivedData/Glist-cufzzxofvqwyuzetuqpkvqdnmner/Build/Products/Debug-iphonesimulator/GoogleUtilities-Network.o

RegisterExecutionPolicyException /Users/etch/Library/Developer/Xcode/DerivedData/Glist-cufzzxofvqwyuzetuqpkvqdnmner/Build/Products/Debug-iphonesimulator/GoogleUtilities-Network.o (in target 'GoogleUtilities-Network' from project 'GoogleUtilities')
    cd /Users/etch/Library/Developer/Xcode/DerivedData/Glist-cufzzxofvqwyuzetuqpkvqdnmner/SourcePackages/checkouts/GoogleUtilities
    builtin-RegisterExecutionPolicyException /Users/etch/Library/Developer/Xcode/DerivedData/Glist-cufzzxofvqwyuzetuqpkvqdnmner/Build/Products/Debug-iphonesimulator/GoogleUtilities-Network.o

Ld /Users/etch/Library/Developer/Xcode/DerivedData/Glist-cufzzxofvqwyuzetuqpkvqdnmner/Build/Products/Debug-iphonesimulator/GoogleUtilities-AppDelegateSwizzler.o normal (in target 'GoogleUtilities-AppDelegateSwizzler' from project 'GoogleUtilities')
    cd /Users/etch/Library/Developer/Xcode/DerivedData/Glist-cufzzxofvqwyuzetuqpkvqdnmner/SourcePackages/checkouts/GoogleUtilities
    /Applications/Xcode.app/Contents/Developer/Toolchains/XcodeDefault.xctoolchain/usr/bin/clang -Xlinker -reproducible -target arm64-apple-ios12.0-simulator -r -isysroot /Applications/Xcode.app/Contents/Developer/Platforms/iPhoneSimulator.platform/Developer/SDKs/iPhoneSimulator26.0.sdk -O0 -w -L/Users/etch/Library/Developer/Xcode/DerivedData/Glist-cufzzxofvqwyuzetuqpkvqdnmner/Build/Intermediates.noindex/EagerLinkingTBDs/Debug-iphonesimulator -L/Users/etch/Library/Developer/Xcode/DerivedData/Glist-cufzzxofvqwyuzetuqpkvqdnmner/Build/Products/Debug-iphonesimulator -L/Applications/Xcode.app/Contents/Developer/Platforms/iPhoneSimulator.platform/Developer/usr/lib -F/Users/etch/Library/Developer/Xcode/DerivedData/Glist-cufzzxofvqwyuzetuqpkvqdnmner/Build/Intermediates.noindex/EagerLinkingTBDs/Debug-iphonesimulator -F/Users/etch/Library/Developer/Xcode/DerivedData/Glist-cufzzxofvqwyuzetuqpkvqdnmner/Build/Products/Debug-iphonesimulator/PackageFrameworks -F/Users/etch/Library/Developer/Xcode/DerivedData/Glist-cufzzxofvqwyuzetuqpkvqdnmner/Build/Products/Debug-iphonesimulator/PackageFrameworks -F/Users/etch/Library/Developer/Xcode/DerivedData/Glist-cufzzxofvqwyuzetuqpkvqdnmner/Build/Products/Debug-iphonesimulator/PackageFrameworks -F/Users/etch/Library/Developer/Xcode/DerivedData/Glist-cufzzxofvqwyuzetuqpkvqdnmner/Build/Products/Debug-iphonesimulator/PackageFrameworks -F/Users/etch/Library/Developer/Xcode/DerivedData/Glist-cufzzxofvqwyuzetuqpkvqdnmner/Build/Products/Debug-iphonesimulator/PackageFrameworks -F/Users/etch/Library/Developer/Xcode/DerivedData/Glist-cufzzxofvqwyuzetuqpkvqdnmner/Build/Products/Debug-iphonesimulator/PackageFrameworks -F/Users/etch/Library/Developer/Xcode/DerivedData/Glist-cufzzxofvqwyuzetuqpkvqdnmner/Build/Products/Debug-iphonesimulator -iframework /Applications/Xcode.app/Contents/Developer/Platforms/iPhoneSimulator.platform/Developer/Library/Frameworks -iframework /Applications/Xcode.app/Contents/Developer/Platforms/iPhoneSimulator.platform/Developer/SDKs/iPhoneSimulator26.0.sdk/Developer/Library/Frameworks -filelist /Users/etch/Library/Developer/Xcode/DerivedData/Glist-cufzzxofvqwyuzetuqpkvqdnmner/Build/Intermediates.noindex/GoogleUtilities.build/Debug-iphonesimulator/GoogleUtilities-AppDelegateSwizzler.build/Objects-normal/arm64/GoogleUtilities-AppDelegateSwizzler.LinkFileList -nostdlib -Xlinker -object_path_lto -Xlinker /Users/etch/Library/Developer/Xcode/DerivedData/Glist-cufzzxofvqwyuzetuqpkvqdnmner/Build/Intermediates.noindex/GoogleUtilities.build/Debug-iphonesimulator/GoogleUtilities-AppDelegateSwizzler.build/Objects-normal/arm64/GoogleUtilities-AppDelegateSwizzler_lto.o -rdynamic -Xlinker -no_deduplicate -Xlinker -objc_abi_version -Xlinker 2 -Xlinker -debug_variant -Xlinker -dependency_info -Xlinker /Users/etch/Library/Developer/Xcode/DerivedData/Glist-cufzzxofvqwyuzetuqpkvqdnmner/Build/Intermediates.noindex/GoogleUtilities.build/Debug-iphonesimulator/GoogleUtilities-AppDelegateSwizzler.build/Objects-normal/arm64/GoogleUtilities-AppDelegateSwizzler_dependency_info.dat -fobjc-arc -fobjc-link-runtime -o /Users/etch/Library/Developer/Xcode/DerivedData/Glist-cufzzxofvqwyuzetuqpkvqdnmner/Build/Products/Debug-iphonesimulator/GoogleUtilities-AppDelegateSwizzler.o

RegisterExecutionPolicyException /Users/etch/Library/Developer/Xcode/DerivedData/Glist-cufzzxofvqwyuzetuqpkvqdnmner/Build/Products/Debug-iphonesimulator/FirebaseCoreInternal.o (in target 'FirebaseCoreInternal' from project 'Firebase')
    cd /Users/etch/Library/Developer/Xcode/DerivedData/Glist-cufzzxofvqwyuzetuqpkvqdnmner/SourcePackages/checkouts/firebase-ios-sdk
    builtin-RegisterExecutionPolicyException /Users/etch/Library/Developer/Xcode/DerivedData/Glist-cufzzxofvqwyuzetuqpkvqdnmner/Build/Products/Debug-iphonesimulator/FirebaseCoreInternal.o

Ld /Users/etch/Library/Developer/Xcode/DerivedData/Glist-cufzzxofvqwyuzetuqpkvqdnmner/Build/Products/Debug-iphonesimulator/FirebaseCore.o normal (in target 'FirebaseCore' from project 'Firebase')
    cd /Users/etch/Library/Developer/Xcode/DerivedData/Glist-cufzzxofvqwyuzetuqpkvqdnmner/SourcePackages/checkouts/firebase-ios-sdk
    /Applications/Xcode.app/Contents/Developer/Toolchains/XcodeDefault.xctoolchain/usr/bin/clang -Xlinker -reproducible -target arm64-apple-ios15.0-simulator -r -isysroot /Applications/Xcode.app/Contents/Developer/Platforms/iPhoneSimulator.platform/Developer/SDKs/iPhoneSimulator26.0.sdk -O0 -w -L/Users/etch/Library/Developer/Xcode/DerivedData/Glist-cufzzxofvqwyuzetuqpkvqdnmner/Build/Intermediates.noindex/EagerLinkingTBDs/Debug-iphonesimulator -L/Users/etch/Library/Developer/Xcode/DerivedData/Glist-cufzzxofvqwyuzetuqpkvqdnmner/Build/Products/Debug-iphonesimulator -L/Applications/Xcode.app/Contents/Developer/Platforms/iPhoneSimulator.platform/Developer/usr/lib -F/Users/etch/Library/Developer/Xcode/DerivedData/Glist-cufzzxofvqwyuzetuqpkvqdnmner/Build/Intermediates.noindex/EagerLinkingTBDs/Debug-iphonesimulator -F/Users/etch/Library/Developer/Xcode/DerivedData/Glist-cufzzxofvqwyuzetuqpkvqdnmner/Build/Products/Debug-iphonesimulator/PackageFrameworks -F/Users/etch/Library/Developer/Xcode/DerivedData/Glist-cufzzxofvqwyuzetuqpkvqdnmner/Build/Products/Debug-iphonesimulator/PackageFrameworks -F/Users/etch/Library/Developer/Xcode/DerivedData/Glist-cufzzxofvqwyuzetuqpkvqdnmner/Build/Products/Debug-iphonesimulator/PackageFrameworks -F/Users/etch/Library/Developer/Xcode/DerivedData/Glist-cufzzxofvqwyuzetuqpkvqdnmner/Build/Products/Debug-iphonesimulator/PackageFrameworks -F/Users/etch/Library/Developer/Xcode/DerivedData/Glist-cufzzxofvqwyuzetuqpkvqdnmner/Build/Products/Debug-iphonesimulator/PackageFrameworks -F/Users/etch/Library/Developer/Xcode/DerivedData/Glist-cufzzxofvqwyuzetuqpkvqdnmner/Build/Products/Debug-iphonesimulator/PackageFrameworks -F/Users/etch/Library/Developer/Xcode/DerivedData/Glist-cufzzxofvqwyuzetuqpkvqdnmner/Build/Products/Debug-iphonesimulator -iframework /Applications/Xcode.app/Contents/Developer/Platforms/iPhoneSimulator.platform/Developer/Library/Frameworks -iframework /Applications/Xcode.app/Contents/Developer/Platforms/iPhoneSimulator.platform/Developer/SDKs/iPhoneSimulator26.0.sdk/Developer/Library/Frameworks -filelist /Users/etch/Library/Developer/Xcode/DerivedData/Glist-cufzzxofvqwyuzetuqpkvqdnmner/Build/Intermediates.noindex/Firebase.build/Debug-iphonesimulator/FirebaseCore.build/Objects-normal/arm64/FirebaseCore.LinkFileList -nostdlib -Xlinker -object_path_lto -Xlinker /Users/etch/Library/Developer/Xcode/DerivedData/Glist-cufzzxofvqwyuzetuqpkvqdnmner/Build/Intermediates.noindex/Firebase.build/Debug-iphonesimulator/FirebaseCore.build/Objects-normal/arm64/FirebaseCore_lto.o -rdynamic -Xlinker -no_deduplicate -Xlinker -objc_abi_version -Xlinker 2 -Xlinker -debug_variant -Xlinker -dependency_info -Xlinker /Users/etch/Library/Developer/Xcode/DerivedData/Glist-cufzzxofvqwyuzetuqpkvqdnmner/Build/Intermediates.noindex/Firebase.build/Debug-iphonesimulator/FirebaseCore.build/Objects-normal/arm64/FirebaseCore_dependency_info.dat -fobjc-arc -fobjc-link-runtime -o /Users/etch/Library/Developer/Xcode/DerivedData/Glist-cufzzxofvqwyuzetuqpkvqdnmner/Build/Products/Debug-iphonesimulator/FirebaseCore.o

RegisterExecutionPolicyException /Users/etch/Library/Developer/Xcode/DerivedData/Glist-cufzzxofvqwyuzetuqpkvqdnmner/Build/Products/Debug-iphonesimulator/GoogleUtilities-AppDelegateSwizzler.o (in target 'GoogleUtilities-AppDelegateSwizzler' from project 'GoogleUtilities')
    cd /Users/etch/Library/Developer/Xcode/DerivedData/Glist-cufzzxofvqwyuzetuqpkvqdnmner/SourcePackages/checkouts/GoogleUtilities
    builtin-RegisterExecutionPolicyException /Users/etch/Library/Developer/Xcode/DerivedData/Glist-cufzzxofvqwyuzetuqpkvqdnmner/Build/Products/Debug-iphonesimulator/GoogleUtilities-AppDelegateSwizzler.o

RegisterExecutionPolicyException /Users/etch/Library/Developer/Xcode/DerivedData/Glist-cufzzxofvqwyuzetuqpkvqdnmner/Build/Products/Debug-iphonesimulator/FirebaseCore.o (in target 'FirebaseCore' from project 'Firebase')
    cd /Users/etch/Library/Developer/Xcode/DerivedData/Glist-cufzzxofvqwyuzetuqpkvqdnmner/SourcePackages/checkouts/firebase-ios-sdk
    builtin-RegisterExecutionPolicyException /Users/etch/Library/Developer/Xcode/DerivedData/Glist-cufzzxofvqwyuzetuqpkvqdnmner/Build/Products/Debug-iphonesimulator/FirebaseCore.o

Ld /Users/etch/Library/Developer/Xcode/DerivedData/Glist-cufzzxofvqwyuzetuqpkvqdnmner/Build/Products/Debug-iphonesimulator/FirebaseInstallations.o normal (in target 'FirebaseInstallations' from project 'Firebase')
    cd /Users/etch/Library/Developer/Xcode/DerivedData/Glist-cufzzxofvqwyuzetuqpkvqdnmner/SourcePackages/checkouts/firebase-ios-sdk
    /Applications/Xcode.app/Contents/Developer/Toolchains/XcodeDefault.xctoolchain/usr/bin/clang -Xlinker -reproducible -target arm64-apple-ios15.0-simulator -r -isysroot /Applications/Xcode.app/Contents/Developer/Platforms/iPhoneSimulator.platform/Developer/SDKs/iPhoneSimulator26.0.sdk -O0 -w -L/Users/etch/Library/Developer/Xcode/DerivedData/Glist-cufzzxofvqwyuzetuqpkvqdnmner/Build/Intermediates.noindex/EagerLinkingTBDs/Debug-iphonesimulator -L/Users/etch/Library/Developer/Xcode/DerivedData/Glist-cufzzxofvqwyuzetuqpkvqdnmner/Build/Products/Debug-iphonesimulator -L/Applications/Xcode.app/Contents/Developer/Platforms/iPhoneSimulator.platform/Developer/usr/lib -F/Users/etch/Library/Developer/Xcode/DerivedData/Glist-cufzzxofvqwyuzetuqpkvqdnmner/Build/Intermediates.noindex/EagerLinkingTBDs/Debug-iphonesimulator -F/Users/etch/Library/Developer/Xcode/DerivedData/Glist-cufzzxofvqwyuzetuqpkvqdnmner/Build/Products/Debug-iphonesimulator/PackageFrameworks -F/Users/etch/Library/Developer/Xcode/DerivedData/Glist-cufzzxofvqwyuzetuqpkvqdnmner/Build/Products/Debug-iphonesimulator/PackageFrameworks -F/Users/etch/Library/Developer/Xcode/DerivedData/Glist-cufzzxofvqwyuzetuqpkvqdnmner/Build/Products/Debug-iphonesimulator/PackageFrameworks -F/Users/etch/Library/Developer/Xcode/DerivedData/Glist-cufzzxofvqwyuzetuqpkvqdnmner/Build/Products/Debug-iphonesimulator/PackageFrameworks -F/Users/etch/Library/Developer/Xcode/DerivedData/Glist-cufzzxofvqwyuzetuqpkvqdnmner/Build/Products/Debug-iphonesimulator/PackageFrameworks -F/Users/etch/Library/Developer/Xcode/DerivedData/Glist-cufzzxofvqwyuzetuqpkvqdnmner/Build/Products/Debug-iphonesimulator/PackageFrameworks -F/Users/etch/Library/Developer/Xcode/DerivedData/Glist-cufzzxofvqwyuzetuqpkvqdnmner/Build/Products/Debug-iphonesimulator/PackageFrameworks -F/Users/etch/Library/Developer/Xcode/DerivedData/Glist-cufzzxofvqwyuzetuqpkvqdnmner/Build/Products/Debug-iphonesimulator/PackageFrameworks -F/Users/etch/Library/Developer/Xcode/DerivedData/Glist-cufzzxofvqwyuzetuqpkvqdnmner/Build/Products/Debug-iphonesimulator/PackageFrameworks -F/Users/etch/Library/Developer/Xcode/DerivedData/Glist-cufzzxofvqwyuzetuqpkvqdnmner/Build/Products/Debug-iphonesimulator -iframework /Applications/Xcode.app/Contents/Developer/Platforms/iPhoneSimulator.platform/Developer/Library/Frameworks -iframework /Applications/Xcode.app/Contents/Developer/Platforms/iPhoneSimulator.platform/Developer/SDKs/iPhoneSimulator26.0.sdk/Developer/Library/Frameworks -filelist /Users/etch/Library/Developer/Xcode/DerivedData/Glist-cufzzxofvqwyuzetuqpkvqdnmner/Build/Intermediates.noindex/Firebase.build/Debug-iphonesimulator/FirebaseInstallations.build/Objects-normal/arm64/FirebaseInstallations.LinkFileList -nostdlib -Xlinker -object_path_lto -Xlinker /Users/etch/Library/Developer/Xcode/DerivedData/Glist-cufzzxofvqwyuzetuqpkvqdnmner/Build/Intermediates.noindex/Firebase.build/Debug-iphonesimulator/FirebaseInstallations.build/Objects-normal/arm64/FirebaseInstallations_lto.o -rdynamic -Xlinker -no_deduplicate -Xlinker -objc_abi_version -Xlinker 2 -Xlinker -debug_variant -Xlinker -dependency_info -Xlinker /Users/etch/Library/Developer/Xcode/DerivedData/Glist-cufzzxofvqwyuzetuqpkvqdnmner/Build/Intermediates.noindex/Firebase.build/Debug-iphonesimulator/FirebaseInstallations.build/Objects-normal/arm64/FirebaseInstallations_dependency_info.dat -fobjc-arc -fobjc-link-runtime -o /Users/etch/Library/Developer/Xcode/DerivedData/Glist-cufzzxofvqwyuzetuqpkvqdnmner/Build/Products/Debug-iphonesimulator/FirebaseInstallations.o

RegisterExecutionPolicyException /Users/etch/Library/Developer/Xcode/DerivedData/Glist-cufzzxofvqwyuzetuqpkvqdnmner/Build/Products/Debug-iphonesimulator/FirebaseCoreExtension.o (in target 'FirebaseCoreExtension' from project 'Firebase')
    cd /Users/etch/Library/Developer/Xcode/DerivedData/Glist-cufzzxofvqwyuzetuqpkvqdnmner/SourcePackages/checkouts/firebase-ios-sdk
    builtin-RegisterExecutionPolicyException /Users/etch/Library/Developer/Xcode/DerivedData/Glist-cufzzxofvqwyuzetuqpkvqdnmner/Build/Products/Debug-iphonesimulator/FirebaseCoreExtension.o

Ld /Users/etch/Library/Developer/Xcode/DerivedData/Glist-cufzzxofvqwyuzetuqpkvqdnmner/Build/Products/Debug-iphonesimulator/FirebaseAuth.o normal (in target 'FirebaseAuth' from project 'Firebase')
    cd /Users/etch/Library/Developer/Xcode/DerivedData/Glist-cufzzxofvqwyuzetuqpkvqdnmner/SourcePackages/checkouts/firebase-ios-sdk
    /Applications/Xcode.app/Contents/Developer/Toolchains/XcodeDefault.xctoolchain/usr/bin/clang -Xlinker -reproducible -target arm64-apple-ios15.0-simulator -r -isysroot /Applications/Xcode.app/Contents/Developer/Platforms/iPhoneSimulator.platform/Developer/SDKs/iPhoneSimulator26.0.sdk -O0 -w -L/Users/etch/Library/Developer/Xcode/DerivedData/Glist-cufzzxofvqwyuzetuqpkvqdnmner/Build/Intermediates.noindex/EagerLinkingTBDs/Debug-iphonesimulator -L/Users/etch/Library/Developer/Xcode/DerivedData/Glist-cufzzxofvqwyuzetuqpkvqdnmner/Build/Products/Debug-iphonesimulator -L/Applications/Xcode.app/Contents/Developer/Platforms/iPhoneSimulator.platform/Developer/usr/lib -F/Users/etch/Library/Developer/Xcode/DerivedData/Glist-cufzzxofvqwyuzetuqpkvqdnmner/Build/Intermediates.noindex/EagerLinkingTBDs/Debug-iphonesimulator -F/Users/etch/Library/Developer/Xcode/DerivedData/Glist-cufzzxofvqwyuzetuqpkvqdnmner/Build/Products/Debug-iphonesimulator/PackageFrameworks -F/Users/etch/Library/Developer/Xcode/DerivedData/Glist-cufzzxofvqwyuzetuqpkvqdnmner/Build/Products/Debug-iphonesimulator/PackageFrameworks -F/Users/etch/Library/Developer/Xcode/DerivedData/Glist-cufzzxofvqwyuzetuqpkvqdnmner/Build/Products/Debug-iphonesimulator/PackageFrameworks -F/Users/etch/Library/Developer/Xcode/DerivedData/Glist-cufzzxofvqwyuzetuqpkvqdnmner/Build/Products/Debug-iphonesimulator/PackageFrameworks -F/Users/etch/Library/Developer/Xcode/DerivedData/Glist-cufzzxofvqwyuzetuqpkvqdnmner/Build/Products/Debug-iphonesimulator/PackageFrameworks -F/Users/etch/Library/Developer/Xcode/DerivedData/Glist-cufzzxofvqwyuzetuqpkvqdnmner/Build/Products/Debug-iphonesimulator/PackageFrameworks -F/Users/etch/Library/Developer/Xcode/DerivedData/Glist-cufzzxofvqwyuzetuqpkvqdnmner/Build/Products/Debug-iphonesimulator/PackageFrameworks -F/Users/etch/Library/Developer/Xcode/DerivedData/Glist-cufzzxofvqwyuzetuqpkvqdnmner/Build/Products/Debug-iphonesimulator/PackageFrameworks -F/Users/etch/Library/Developer/Xcode/DerivedData/Glist-cufzzxofvqwyuzetuqpkvqdnmner/Build/Products/Debug-iphonesimulator/PackageFrameworks -F/Users/etch/Library/Developer/Xcode/DerivedData/Glist-cufzzxofvqwyuzetuqpkvqdnmner/Build/Products/Debug-iphonesimulator/PackageFrameworks -F/Users/etch/Library/Developer/Xcode/DerivedData/Glist-cufzzxofvqwyuzetuqpkvqdnmner/Build/Products/Debug-iphonesimulator/PackageFrameworks -F/Users/etch/Library/Developer/Xcode/DerivedData/Glist-cufzzxofvqwyuzetuqpkvqdnmner/Build/Products/Debug-iphonesimulator/PackageFrameworks -F/Users/etch/Library/Developer/Xcode/DerivedData/Glist-cufzzxofvqwyuzetuqpkvqdnmner/Build/Products/Debug-iphonesimulator/PackageFrameworks -F/Users/etch/Library/Developer/Xcode/DerivedData/Glist-cufzzxofvqwyuzetuqpkvqdnmner/Build/Products/Debug-iphonesimulator/PackageFrameworks -F/Users/etch/Library/Developer/Xcode/DerivedData/Glist-cufzzxofvqwyuzetuqpkvqdnmner/Build/Products/Debug-iphonesimulator/PackageFrameworks -F/Users/etch/Library/Developer/Xcode/DerivedData/Glist-cufzzxofvqwyuzetuqpkvqdnmner/Build/Products/Debug-iphonesimulator/PackageFrameworks -F/Users/etch/Library/Developer/Xcode/DerivedData/Glist-cufzzxofvqwyuzetuqpkvqdnmner/Build/Products/Debug-iphonesimulator -iframework /Applications/Xcode.app/Contents/Developer/Platforms/iPhoneSimulator.platform/Developer/Library/Frameworks -iframework /Applications/Xcode.app/Contents/Developer/Platforms/iPhoneSimulator.platform/Developer/SDKs/iPhoneSimulator26.0.sdk/Developer/Library/Frameworks -filelist /Users/etch/Library/Developer/Xcode/DerivedData/Glist-cufzzxofvqwyuzetuqpkvqdnmner/Build/Intermediates.noindex/Firebase.build/Debug-iphonesimulator/FirebaseAuth.build/Objects-normal/arm64/FirebaseAuth.LinkFileList -nostdlib -Xlinker -object_path_lto -Xlinker /Users/etch/Library/Developer/Xcode/DerivedData/Glist-cufzzxofvqwyuzetuqpkvqdnmner/Build/Intermediates.noindex/Firebase.build/Debug-iphonesimulator/FirebaseAuth.build/Objects-normal/arm64/FirebaseAuth_lto.o -rdynamic -Xlinker -no_deduplicate -Xlinker -objc_abi_version -Xlinker 2 -Xlinker -debug_variant -Xlinker -dependency_info -Xlinker /Users/etch/Library/Developer/Xcode/DerivedData/Glist-cufzzxofvqwyuzetuqpkvqdnmner/Build/Intermediates.noindex/Firebase.build/Debug-iphonesimulator/FirebaseAuth.build/Objects-normal/arm64/FirebaseAuth_dependency_info.dat -fobjc-link-runtime -L/Applications/Xcode.app/Contents/Developer/Toolchains/XcodeDefault.xctoolchain/usr/lib/swift/iphonesimulator -L/usr/lib/swift -Xlinker -add_ast_path -Xlinker /Users/etch/Library/Developer/Xcode/DerivedData/Glist-cufzzxofvqwyuzetuqpkvqdnmner/Build/Intermediates.noindex/Firebase.build/Debug-iphonesimulator/FirebaseAuth.build/Objects-normal/arm64/FirebaseAuth.swiftmodule @/Users/etch/Library/Developer/Xcode/DerivedData/Glist-cufzzxofvqwyuzetuqpkvqdnmner/Build/Intermediates.noindex/Firebase.build/Debug-iphonesimulator/FirebaseAuth.build/Objects-normal/arm64/FirebaseAuth-linker-args.resp -o /Users/etch/Library/Developer/Xcode/DerivedData/Glist-cufzzxofvqwyuzetuqpkvqdnmner/Build/Products/Debug-iphonesimulator/FirebaseAuth.o

Ld /Users/etch/Library/Developer/Xcode/DerivedData/Glist-cufzzxofvqwyuzetuqpkvqdnmner/Build/Products/Debug-iphonesimulator/FirebaseStorage.o normal (in target 'FirebaseStorage' from project 'Firebase')
    cd /Users/etch/Library/Developer/Xcode/DerivedData/Glist-cufzzxofvqwyuzetuqpkvqdnmner/SourcePackages/checkouts/firebase-ios-sdk
    /Applications/Xcode.app/Contents/Developer/Toolchains/XcodeDefault.xctoolchain/usr/bin/clang -Xlinker -reproducible -target arm64-apple-ios15.0-simulator -r -isysroot /Applications/Xcode.app/Contents/Developer/Platforms/iPhoneSimulator.platform/Developer/SDKs/iPhoneSimulator26.0.sdk -O0 -w -L/Users/etch/Library/Developer/Xcode/DerivedData/Glist-cufzzxofvqwyuzetuqpkvqdnmner/Build/Intermediates.noindex/EagerLinkingTBDs/Debug-iphonesimulator -L/Users/etch/Library/Developer/Xcode/DerivedData/Glist-cufzzxofvqwyuzetuqpkvqdnmner/Build/Products/Debug-iphonesimulator -L/Applications/Xcode.app/Contents/Developer/Platforms/iPhoneSimulator.platform/Developer/usr/lib -F/Users/etch/Library/Developer/Xcode/DerivedData/Glist-cufzzxofvqwyuzetuqpkvqdnmner/Build/Intermediates.noindex/EagerLinkingTBDs/Debug-iphonesimulator -F/Users/etch/Library/Developer/Xcode/DerivedData/Glist-cufzzxofvqwyuzetuqpkvqdnmner/Build/Products/Debug-iphonesimulator/PackageFrameworks -F/Users/etch/Library/Developer/Xcode/DerivedData/Glist-cufzzxofvqwyuzetuqpkvqdnmner/Build/Products/Debug-iphonesimulator/PackageFrameworks -F/Users/etch/Library/Developer/Xcode/DerivedData/Glist-cufzzxofvqwyuzetuqpkvqdnmner/Build/Products/Debug-iphonesimulator/PackageFrameworks -F/Users/etch/Library/Developer/Xcode/DerivedData/Glist-cufzzxofvqwyuzetuqpkvqdnmner/Build/Products/Debug-iphonesimulator/PackageFrameworks -F/Users/etch/Library/Developer/Xcode/DerivedData/Glist-cufzzxofvqwyuzetuqpkvqdnmner/Build/Products/Debug-iphonesimulator/PackageFrameworks -F/Users/etch/Library/Developer/Xcode/DerivedData/Glist-cufzzxofvqwyuzetuqpkvqdnmner/Build/Products/Debug-iphonesimulator/PackageFrameworks -F/Users/etch/Library/Developer/Xcode/DerivedData/Glist-cufzzxofvqwyuzetuqpkvqdnmner/Build/Products/Debug-iphonesimulator/PackageFrameworks -F/Users/etch/Library/Developer/Xcode/DerivedData/Glist-cufzzxofvqwyuzetuqpkvqdnmner/Build/Products/Debug-iphonesimulator/PackageFrameworks -F/Users/etch/Library/Developer/Xcode/DerivedData/Glist-cufzzxofvqwyuzetuqpkvqdnmner/Build/Products/Debug-iphonesimulator/PackageFrameworks -F/Users/etch/Library/Developer/Xcode/DerivedData/Glist-cufzzxofvqwyuzetuqpkvqdnmner/Build/Products/Debug-iphonesimulator/PackageFrameworks -F/Users/etch/Library/Developer/Xcode/DerivedData/Glist-cufzzxofvqwyuzetuqpkvqdnmner/Build/Products/Debug-iphonesimulator/PackageFrameworks -F/Users/etch/Library/Developer/Xcode/DerivedData/Glist-cufzzxofvqwyuzetuqpkvqdnmner/Build/Products/Debug-iphonesimulator -iframework /Applications/Xcode.app/Contents/Developer/Platforms/iPhoneSimulator.platform/Developer/Library/Frameworks -iframework /Applications/Xcode.app/Contents/Developer/Platforms/iPhoneSimulator.platform/Developer/SDKs/iPhoneSimulator26.0.sdk/Developer/Library/Frameworks -filelist /Users/etch/Library/Developer/Xcode/DerivedData/Glist-cufzzxofvqwyuzetuqpkvqdnmner/Build/Intermediates.noindex/Firebase.build/Debug-iphonesimulator/FirebaseStorage.build/Objects-normal/arm64/FirebaseStorage.LinkFileList -nostdlib -Xlinker -object_path_lto -Xlinker /Users/etch/Library/Developer/Xcode/DerivedData/Glist-cufzzxofvqwyuzetuqpkvqdnmner/Build/Intermediates.noindex/Firebase.build/Debug-iphonesimulator/FirebaseStorage.build/Objects-normal/arm64/FirebaseStorage_lto.o -rdynamic -Xlinker -no_deduplicate -Xlinker -objc_abi_version -Xlinker 2 -Xlinker -debug_variant -Xlinker -dependency_info -Xlinker /Users/etch/Library/Developer/Xcode/DerivedData/Glist-cufzzxofvqwyuzetuqpkvqdnmner/Build/Intermediates.noindex/Firebase.build/Debug-iphonesimulator/FirebaseStorage.build/Objects-normal/arm64/FirebaseStorage_dependency_info.dat -fobjc-link-runtime -L/Applications/Xcode.app/Contents/Developer/Toolchains/XcodeDefault.xctoolchain/usr/lib/swift/iphonesimulator -L/usr/lib/swift -Xlinker -add_ast_path -Xlinker /Users/etch/Library/Developer/Xcode/DerivedData/Glist-cufzzxofvqwyuzetuqpkvqdnmner/Build/Intermediates.noindex/Firebase.build/Debug-iphonesimulator/FirebaseStorage.build/Objects-normal/arm64/FirebaseStorage.swiftmodule @/Users/etch/Library/Developer/Xcode/DerivedData/Glist-cufzzxofvqwyuzetuqpkvqdnmner/Build/Intermediates.noindex/Firebase.build/Debug-iphonesimulator/FirebaseStorage.build/Objects-normal/arm64/FirebaseStorage-linker-args.resp -o /Users/etch/Library/Developer/Xcode/DerivedData/Glist-cufzzxofvqwyuzetuqpkvqdnmner/Build/Products/Debug-iphonesimulator/FirebaseStorage.o

RegisterExecutionPolicyException /Users/etch/Library/Developer/Xcode/DerivedData/Glist-cufzzxofvqwyuzetuqpkvqdnmner/Build/Products/Debug-iphonesimulator/FirebaseSharedSwift.o (in target 'FirebaseSharedSwift' from project 'Firebase')
    cd /Users/etch/Library/Developer/Xcode/DerivedData/Glist-cufzzxofvqwyuzetuqpkvqdnmner/SourcePackages/checkouts/firebase-ios-sdk
    builtin-RegisterExecutionPolicyException /Users/etch/Library/Developer/Xcode/DerivedData/Glist-cufzzxofvqwyuzetuqpkvqdnmner/Build/Products/Debug-iphonesimulator/FirebaseSharedSwift.o

Ld /Users/etch/Library/Developer/Xcode/DerivedData/Glist-cufzzxofvqwyuzetuqpkvqdnmner/Build/Products/Debug-iphonesimulator/FirebaseFirestore.o normal (in target 'FirebaseFirestore' from project 'Firebase')
    cd /Users/etch/Library/Developer/Xcode/DerivedData/Glist-cufzzxofvqwyuzetuqpkvqdnmner/SourcePackages/checkouts/firebase-ios-sdk
    /Applications/Xcode.app/Contents/Developer/Toolchains/XcodeDefault.xctoolchain/usr/bin/clang -Xlinker -reproducible -target arm64-apple-ios15.0-simulator -r -isysroot /Applications/Xcode.app/Contents/Developer/Platforms/iPhoneSimulator.platform/Developer/SDKs/iPhoneSimulator26.0.sdk -O0 -w -L/Users/etch/Library/Developer/Xcode/DerivedData/Glist-cufzzxofvqwyuzetuqpkvqdnmner/Build/Intermediates.noindex/EagerLinkingTBDs/Debug-iphonesimulator -L/Users/etch/Library/Developer/Xcode/DerivedData/Glist-cufzzxofvqwyuzetuqpkvqdnmner/Build/Products/Debug-iphonesimulator -L/Applications/Xcode.app/Contents/Developer/Platforms/iPhoneSimulator.platform/Developer/usr/lib -F/Users/etch/Library/Developer/Xcode/DerivedData/Glist-cufzzxofvqwyuzetuqpkvqdnmner/Build/Intermediates.noindex/EagerLinkingTBDs/Debug-iphonesimulator -F/Users/etch/Library/Developer/Xcode/DerivedData/Glist-cufzzxofvqwyuzetuqpkvqdnmner/Build/Products/Debug-iphonesimulator/PackageFrameworks -F/Users/etch/Library/Developer/Xcode/DerivedData/Glist-cufzzxofvqwyuzetuqpkvqdnmner/Build/Products/Debug-iphonesimulator/PackageFrameworks -F/Users/etch/Library/Developer/Xcode/DerivedData/Glist-cufzzxofvqwyuzetuqpkvqdnmner/Build/Products/Debug-iphonesimulator/PackageFrameworks -F/Users/etch/Library/Developer/Xcode/DerivedData/Glist-cufzzxofvqwyuzetuqpkvqdnmner/Build/Products/Debug-iphonesimulator/PackageFrameworks -F/Users/etch/Library/Developer/Xcode/DerivedData/Glist-cufzzxofvqwyuzetuqpkvqdnmner/Build/Products/Debug-iphonesimulator/PackageFrameworks -F/Users/etch/Library/Developer/Xcode/DerivedData/Glist-cufzzxofvqwyuzetuqpkvqdnmner/Build/Products/Debug-iphonesimulator/PackageFrameworks -F/Users/etch/Library/Developer/Xcode/DerivedData/Glist-cufzzxofvqwyuzetuqpkvqdnmner/Build/Products/Debug-iphonesimulator/PackageFrameworks -F/Users/etch/Library/Developer/Xcode/DerivedData/Glist-cufzzxofvqwyuzetuqpkvqdnmner/Build/Products/Debug-iphonesimulator/PackageFrameworks -F/Users/etch/Library/Developer/Xcode/DerivedData/Glist-cufzzxofvqwyuzetuqpkvqdnmner/Build/Products/Debug-iphonesimulator/PackageFrameworks -F/Users/etch/Library/Developer/Xcode/DerivedData/Glist-cufzzxofvqwyuzetuqpkvqdnmner/Build/Products/Debug-iphonesimulator/PackageFrameworks -F/Users/etch/Library/Developer/Xcode/DerivedData/Glist-cufzzxofvqwyuzetuqpkvqdnmner/Build/Products/Debug-iphonesimulator/PackageFrameworks -F/Users/etch/Library/Developer/Xcode/DerivedData/Glist-cufzzxofvqwyuzetuqpkvqdnmner/Build/Products/Debug-iphonesimulator/PackageFrameworks -F/Users/etch/Library/Developer/Xcode/DerivedData/Glist-cufzzxofvqwyuzetuqpkvqdnmner/Build/Products/Debug-iphonesimulator/PackageFrameworks -F/Users/etch/Library/Developer/Xcode/DerivedData/Glist-cufzzxofvqwyuzetuqpkvqdnmner/Build/Products/Debug-iphonesimulator/PackageFrameworks -F/Users/etch/Library/Developer/Xcode/DerivedData/Glist-cufzzxofvqwyuzetuqpkvqdnmner/Build/Products/Debug-iphonesimulator/PackageFrameworks -F/Users/etch/Library/Developer/Xcode/DerivedData/Glist-cufzzxofvqwyuzetuqpkvqdnmner/Build/Products/Debug-iphonesimulator/PackageFrameworks -F/Users/etch/Library/Developer/Xcode/DerivedData/Glist-cufzzxofvqwyuzetuqpkvqdnmner/Build/Products/Debug-iphonesimulator/PackageFrameworks -F/Users/etch/Library/Developer/Xcode/DerivedData/Glist-cufzzxofvqwyuzetuqpkvqdnmner/Build/Products/Debug-iphonesimulator -iframework /Applications/Xcode.app/Contents/Developer/Platforms/iPhoneSimulator.platform/Developer/Library/Frameworks -iframework /Applications/Xcode.app/Contents/Developer/Platforms/iPhoneSimulator.platform/Developer/SDKs/iPhoneSimulator26.0.sdk/Developer/Library/Frameworks -filelist /Users/etch/Library/Developer/Xcode/DerivedData/Glist-cufzzxofvqwyuzetuqpkvqdnmner/Build/Intermediates.noindex/Firebase.build/Debug-iphonesimulator/FirebaseFirestore.build/Objects-normal/arm64/FirebaseFirestore.LinkFileList -nostdlib -Xlinker -object_path_lto -Xlinker /Users/etch/Library/Developer/Xcode/DerivedData/Glist-cufzzxofvqwyuzetuqpkvqdnmner/Build/Intermediates.noindex/Firebase.build/Debug-iphonesimulator/FirebaseFirestore.build/Objects-normal/arm64/FirebaseFirestore_lto.o -rdynamic -Xlinker -no_deduplicate -Xlinker -objc_abi_version -Xlinker 2 -Xlinker -debug_variant -Xlinker -dependency_info -Xlinker /Users/etch/Library/Developer/Xcode/DerivedData/Glist-cufzzxofvqwyuzetuqpkvqdnmner/Build/Intermediates.noindex/Firebase.build/Debug-iphonesimulator/FirebaseFirestore.build/Objects-normal/arm64/FirebaseFirestore_dependency_info.dat -fobjc-link-runtime -L/Applications/Xcode.app/Contents/Developer/Toolchains/XcodeDefault.xctoolchain/usr/lib/swift/iphonesimulator -L/usr/lib/swift -Xlinker -add_ast_path -Xlinker /Users/etch/Library/Developer/Xcode/DerivedData/Glist-cufzzxofvqwyuzetuqpkvqdnmner/Build/Intermediates.noindex/Firebase.build/Debug-iphonesimulator/FirebaseFirestore.build/Objects-normal/arm64/FirebaseFirestore.swiftmodule @/Users/etch/Library/Developer/Xcode/DerivedData/Glist-cufzzxofvqwyuzetuqpkvqdnmner/Build/Intermediates.noindex/Firebase.build/Debug-iphonesimulator/FirebaseFirestore.build/Objects-normal/arm64/FirebaseFirestore-linker-args.resp -o /Users/etch/Library/Developer/Xcode/DerivedData/Glist-cufzzxofvqwyuzetuqpkvqdnmner/Build/Products/Debug-iphonesimulator/FirebaseFirestore.o

RegisterExecutionPolicyException /Users/etch/Library/Developer/Xcode/DerivedData/Glist-cufzzxofvqwyuzetuqpkvqdnmner/Build/Products/Debug-iphonesimulator/FirebaseInstallations.o (in target 'FirebaseInstallations' from project 'Firebase')
    cd /Users/etch/Library/Developer/Xcode/DerivedData/Glist-cufzzxofvqwyuzetuqpkvqdnmner/SourcePackages/checkouts/firebase-ios-sdk
    builtin-RegisterExecutionPolicyException /Users/etch/Library/Developer/Xcode/DerivedData/Glist-cufzzxofvqwyuzetuqpkvqdnmner/Build/Products/Debug-iphonesimulator/FirebaseInstallations.o

Ld /Users/etch/Library/Developer/Xcode/DerivedData/Glist-cufzzxofvqwyuzetuqpkvqdnmner/Build/Products/Debug-iphonesimulator/FirebaseMessaging.o normal (in target 'FirebaseMessaging' from project 'Firebase')
    cd /Users/etch/Library/Developer/Xcode/DerivedData/Glist-cufzzxofvqwyuzetuqpkvqdnmner/SourcePackages/checkouts/firebase-ios-sdk
    /Applications/Xcode.app/Contents/Developer/Toolchains/XcodeDefault.xctoolchain/usr/bin/clang -Xlinker -reproducible -target arm64-apple-ios15.0-simulator -r -isysroot /Applications/Xcode.app/Contents/Developer/Platforms/iPhoneSimulator.platform/Developer/SDKs/iPhoneSimulator26.0.sdk -O0 -w -L/Users/etch/Library/Developer/Xcode/DerivedData/Glist-cufzzxofvqwyuzetuqpkvqdnmner/Build/Intermediates.noindex/EagerLinkingTBDs/Debug-iphonesimulator -L/Users/etch/Library/Developer/Xcode/DerivedData/Glist-cufzzxofvqwyuzetuqpkvqdnmner/Build/Products/Debug-iphonesimulator -L/Applications/Xcode.app/Contents/Developer/Platforms/iPhoneSimulator.platform/Developer/usr/lib -F/Users/etch/Library/Developer/Xcode/DerivedData/Glist-cufzzxofvqwyuzetuqpkvqdnmner/Build/Intermediates.noindex/EagerLinkingTBDs/Debug-iphonesimulator -F/Users/etch/Library/Developer/Xcode/DerivedData/Glist-cufzzxofvqwyuzetuqpkvqdnmner/Build/Products/Debug-iphonesimulator/PackageFrameworks -F/Users/etch/Library/Developer/Xcode/DerivedData/Glist-cufzzxofvqwyuzetuqpkvqdnmner/Build/Products/Debug-iphonesimulator/PackageFrameworks -F/Users/etch/Library/Developer/Xcode/DerivedData/Glist-cufzzxofvqwyuzetuqpkvqdnmner/Build/Products/Debug-iphonesimulator/PackageFrameworks -F/Users/etch/Library/Developer/Xcode/DerivedData/Glist-cufzzxofvqwyuzetuqpkvqdnmner/Build/Products/Debug-iphonesimulator/PackageFrameworks -F/Users/etch/Library/Developer/Xcode/DerivedData/Glist-cufzzxofvqwyuzetuqpkvqdnmner/Build/Products/Debug-iphonesimulator/PackageFrameworks -F/Users/etch/Library/Developer/Xcode/DerivedData/Glist-cufzzxofvqwyuzetuqpkvqdnmner/Build/Products/Debug-iphonesimulator/PackageFrameworks -F/Users/etch/Library/Developer/Xcode/DerivedData/Glist-cufzzxofvqwyuzetuqpkvqdnmner/Build/Products/Debug-iphonesimulator/PackageFrameworks -F/Users/etch/Library/Developer/Xcode/DerivedData/Glist-cufzzxofvqwyuzetuqpkvqdnmner/Build/Products/Debug-iphonesimulator/PackageFrameworks -F/Users/etch/Library/Developer/Xcode/DerivedData/Glist-cufzzxofvqwyuzetuqpkvqdnmner/Build/Products/Debug-iphonesimulator/PackageFrameworks -F/Users/etch/Library/Developer/Xcode/DerivedData/Glist-cufzzxofvqwyuzetuqpkvqdnmner/Build/Products/Debug-iphonesimulator/PackageFrameworks -F/Users/etch/Library/Developer/Xcode/DerivedData/Glist-cufzzxofvqwyuzetuqpkvqdnmner/Build/Products/Debug-iphonesimulator/PackageFrameworks -F/Users/etch/Library/Developer/Xcode/DerivedData/Glist-cufzzxofvqwyuzetuqpkvqdnmner/Build/Products/Debug-iphonesimulator/PackageFrameworks -F/Users/etch/Library/Developer/Xcode/DerivedData/Glist-cufzzxofvqwyuzetuqpkvqdnmner/Build/Products/Debug-iphonesimulator/PackageFrameworks -F/Users/etch/Library/Developer/Xcode/DerivedData/Glist-cufzzxofvqwyuzetuqpkvqdnmner/Build/Products/Debug-iphonesimulator/PackageFrameworks -F/Users/etch/Library/Developer/Xcode/DerivedData/Glist-cufzzxofvqwyuzetuqpkvqdnmner/Build/Products/Debug-iphonesimulator/PackageFrameworks -F/Users/etch/Library/Developer/Xcode/DerivedData/Glist-cufzzxofvqwyuzetuqpkvqdnmner/Build/Products/Debug-iphonesimulator -iframework /Applications/Xcode.app/Contents/Developer/Platforms/iPhoneSimulator.platform/Developer/Library/Frameworks -iframework /Applications/Xcode.app/Contents/Developer/Platforms/iPhoneSimulator.platform/Developer/SDKs/iPhoneSimulator26.0.sdk/Developer/Library/Frameworks -filelist /Users/etch/Library/Developer/Xcode/DerivedData/Glist-cufzzxofvqwyuzetuqpkvqdnmner/Build/Intermediates.noindex/Firebase.build/Debug-iphonesimulator/FirebaseMessaging.build/Objects-normal/arm64/FirebaseMessaging.LinkFileList -nostdlib -Xlinker -object_path_lto -Xlinker /Users/etch/Library/Developer/Xcode/DerivedData/Glist-cufzzxofvqwyuzetuqpkvqdnmner/Build/Intermediates.noindex/Firebase.build/Debug-iphonesimulator/FirebaseMessaging.build/Objects-normal/arm64/FirebaseMessaging_lto.o -rdynamic -Xlinker -no_deduplicate -Xlinker -objc_abi_version -Xlinker 2 -Xlinker -debug_variant -Xlinker -dependency_info -Xlinker /Users/etch/Library/Developer/Xcode/DerivedData/Glist-cufzzxofvqwyuzetuqpkvqdnmner/Build/Intermediates.noindex/Firebase.build/Debug-iphonesimulator/FirebaseMessaging.build/Objects-normal/arm64/FirebaseMessaging_dependency_info.dat -fobjc-arc -fobjc-link-runtime -o /Users/etch/Library/Developer/Xcode/DerivedData/Glist-cufzzxofvqwyuzetuqpkvqdnmner/Build/Products/Debug-iphonesimulator/FirebaseMessaging.o

ExtractAppIntentsMetadata (in target 'FirebaseStorage' from project 'Firebase')
    cd /Users/etch/Library/Developer/Xcode/DerivedData/Glist-cufzzxofvqwyuzetuqpkvqdnmner/SourcePackages/checkouts/firebase-ios-sdk
    /Applications/Xcode.app/Contents/Developer/Toolchains/XcodeDefault.xctoolchain/usr/bin/appintentsmetadataprocessor --toolchain-dir /Applications/Xcode.app/Contents/Developer/Toolchains/XcodeDefault.xctoolchain --module-name FirebaseStorage --sdk-root /Applications/Xcode.app/Contents/Developer/Platforms/iPhoneSimulator.platform/Developer/SDKs/iPhoneSimulator26.0.sdk --xcode-version 17A400 --platform-family iOS --deployment-target 15.0 --bundle-identifier firebase-ios-sdk.FirebaseStorage --output /Users/etch/Library/Developer/Xcode/DerivedData/Glist-cufzzxofvqwyuzetuqpkvqdnmner/Build/Products/Debug-iphonesimulator/FirebaseStorage.appintents --target-triple arm64-apple-ios15.0-simulator --binary-file /Users/etch/Library/Developer/Xcode/DerivedData/Glist-cufzzxofvqwyuzetuqpkvqdnmner/Build/Products/Debug-iphonesimulator/FirebaseStorage.o --dependency-file /Users/etch/Library/Developer/Xcode/DerivedData/Glist-cufzzxofvqwyuzetuqpkvqdnmner/Build/Intermediates.noindex/Firebase.build/Debug-iphonesimulator/FirebaseStorage.build/Objects-normal/arm64/FirebaseStorage_dependency_info.dat --stringsdata-file /Users/etch/Library/Developer/Xcode/DerivedData/Glist-cufzzxofvqwyuzetuqpkvqdnmner/Build/Intermediates.noindex/Firebase.build/Debug-iphonesimulator/FirebaseStorage.build/Objects-normal/arm64/ExtractedAppShortcutsMetadata.stringsdata --source-file-list /Users/etch/Library/Developer/Xcode/DerivedData/Glist-cufzzxofvqwyuzetuqpkvqdnmner/Build/Intermediates.noindex/Firebase.build/Debug-iphonesimulator/FirebaseStorage.build/Objects-normal/arm64/FirebaseStorage.SwiftFileList --metadata-file-list /Users/etch/Library/Developer/Xcode/DerivedData/Glist-cufzzxofvqwyuzetuqpkvqdnmner/Build/Intermediates.noindex/Firebase.build/Debug-iphonesimulator/FirebaseStorage.build/FirebaseStorage.DependencyMetadataFileList --static-metadata-file-list /Users/etch/Library/Developer/Xcode/DerivedData/Glist-cufzzxofvqwyuzetuqpkvqdnmner/Build/Intermediates.noindex/Firebase.build/Debug-iphonesimulator/FirebaseStorage.build/FirebaseStorage.DependencyStaticMetadataFileList --swift-const-vals-list /Users/etch/Library/Developer/Xcode/DerivedData/Glist-cufzzxofvqwyuzetuqpkvqdnmner/Build/Intermediates.noindex/Firebase.build/Debug-iphonesimulator/FirebaseStorage.build/Objects-normal/arm64/FirebaseStorage.SwiftConstValuesFileList --force --compile-time-extraction --deployment-aware-processing --validate-assistant-intents --no-app-shortcuts-localization
2025-11-24 05:44:03.200 appintentsmetadataprocessor[8642:2165425] Starting appintentsmetadataprocessor export
2025-11-24 05:44:03.382 appintentsmetadataprocessor[8642:2165425] Extracted no relevant App Intents symbols, skipping writing output

ExtractAppIntentsMetadata (in target 'FirebaseFirestore' from project 'Firebase')
    cd /Users/etch/Library/Developer/Xcode/DerivedData/Glist-cufzzxofvqwyuzetuqpkvqdnmner/SourcePackages/checkouts/firebase-ios-sdk
    /Applications/Xcode.app/Contents/Developer/Toolchains/XcodeDefault.xctoolchain/usr/bin/appintentsmetadataprocessor --toolchain-dir /Applications/Xcode.app/Contents/Developer/Toolchains/XcodeDefault.xctoolchain --module-name FirebaseFirestore --sdk-root /Applications/Xcode.app/Contents/Developer/Platforms/iPhoneSimulator.platform/Developer/SDKs/iPhoneSimulator26.0.sdk --xcode-version 17A400 --platform-family iOS --deployment-target 15.0 --bundle-identifier firebase-ios-sdk.FirebaseFirestore --output /Users/etch/Library/Developer/Xcode/DerivedData/Glist-cufzzxofvqwyuzetuqpkvqdnmner/Build/Products/Debug-iphonesimulator/FirebaseFirestore.appintents --target-triple arm64-apple-ios15.0-simulator --binary-file /Users/etch/Library/Developer/Xcode/DerivedData/Glist-cufzzxofvqwyuzetuqpkvqdnmner/Build/Products/Debug-iphonesimulator/FirebaseFirestore.o --dependency-file /Users/etch/Library/Developer/Xcode/DerivedData/Glist-cufzzxofvqwyuzetuqpkvqdnmner/Build/Intermediates.noindex/Firebase.build/Debug-iphonesimulator/FirebaseFirestore.build/Objects-normal/arm64/FirebaseFirestore_dependency_info.dat --stringsdata-file /Users/etch/Library/Developer/Xcode/DerivedData/Glist-cufzzxofvqwyuzetuqpkvqdnmner/Build/Intermediates.noindex/Firebase.build/Debug-iphonesimulator/FirebaseFirestore.build/Objects-normal/arm64/ExtractedAppShortcutsMetadata.stringsdata --source-file-list /Users/etch/Library/Developer/Xcode/DerivedData/Glist-cufzzxofvqwyuzetuqpkvqdnmner/Build/Intermediates.noindex/Firebase.build/Debug-iphonesimulator/FirebaseFirestore.build/Objects-normal/arm64/FirebaseFirestore.SwiftFileList --metadata-file-list /Users/etch/Library/Developer/Xcode/DerivedData/Glist-cufzzxofvqwyuzetuqpkvqdnmner/Build/Intermediates.noindex/Firebase.build/Debug-iphonesimulator/FirebaseFirestore.build/FirebaseFirestore.DependencyMetadataFileList --static-metadata-file-list /Users/etch/Library/Developer/Xcode/DerivedData/Glist-cufzzxofvqwyuzetuqpkvqdnmner/Build/Intermediates.noindex/Firebase.build/Debug-iphonesimulator/FirebaseFirestore.build/FirebaseFirestore.DependencyStaticMetadataFileList --swift-const-vals-list /Users/etch/Library/Developer/Xcode/DerivedData/Glist-cufzzxofvqwyuzetuqpkvqdnmner/Build/Intermediates.noindex/Firebase.build/Debug-iphonesimulator/FirebaseFirestore.build/Objects-normal/arm64/FirebaseFirestore.SwiftConstValuesFileList --force --compile-time-extraction --deployment-aware-processing --validate-assistant-intents --no-app-shortcuts-localization
2025-11-24 05:44:03.243 appintentsmetadataprocessor[8643:2165434] Starting appintentsmetadataprocessor export
2025-11-24 05:44:03.407 appintentsmetadataprocessor[8643:2165434] Extracted no relevant App Intents symbols, skipping writing output

RegisterExecutionPolicyException /Users/etch/Library/Developer/Xcode/DerivedData/Glist-cufzzxofvqwyuzetuqpkvqdnmner/Build/Products/Debug-iphonesimulator/FirebaseMessaging.o (in target 'FirebaseMessaging' from project 'Firebase')
    cd /Users/etch/Library/Developer/Xcode/DerivedData/Glist-cufzzxofvqwyuzetuqpkvqdnmner/SourcePackages/checkouts/firebase-ios-sdk
    builtin-RegisterExecutionPolicyException /Users/etch/Library/Developer/Xcode/DerivedData/Glist-cufzzxofvqwyuzetuqpkvqdnmner/Build/Products/Debug-iphonesimulator/FirebaseMessaging.o

ExtractAppIntentsMetadata (in target 'FirebaseAuth' from project 'Firebase')
    cd /Users/etch/Library/Developer/Xcode/DerivedData/Glist-cufzzxofvqwyuzetuqpkvqdnmner/SourcePackages/checkouts/firebase-ios-sdk
    /Applications/Xcode.app/Contents/Developer/Toolchains/XcodeDefault.xctoolchain/usr/bin/appintentsmetadataprocessor --toolchain-dir /Applications/Xcode.app/Contents/Developer/Toolchains/XcodeDefault.xctoolchain --module-name FirebaseAuth --sdk-root /Applications/Xcode.app/Contents/Developer/Platforms/iPhoneSimulator.platform/Developer/SDKs/iPhoneSimulator26.0.sdk --xcode-version 17A400 --platform-family iOS --deployment-target 15.0 --bundle-identifier firebase-ios-sdk.FirebaseAuth --output /Users/etch/Library/Developer/Xcode/DerivedData/Glist-cufzzxofvqwyuzetuqpkvqdnmner/Build/Products/Debug-iphonesimulator/FirebaseAuth.appintents --target-triple arm64-apple-ios15.0-simulator --binary-file /Users/etch/Library/Developer/Xcode/DerivedData/Glist-cufzzxofvqwyuzetuqpkvqdnmner/Build/Products/Debug-iphonesimulator/FirebaseAuth.o --dependency-file /Users/etch/Library/Developer/Xcode/DerivedData/Glist-cufzzxofvqwyuzetuqpkvqdnmner/Build/Intermediates.noindex/Firebase.build/Debug-iphonesimulator/FirebaseAuth.build/Objects-normal/arm64/FirebaseAuth_dependency_info.dat --stringsdata-file /Users/etch/Library/Developer/Xcode/DerivedData/Glist-cufzzxofvqwyuzetuqpkvqdnmner/Build/Intermediates.noindex/Firebase.build/Debug-iphonesimulator/FirebaseAuth.build/Objects-normal/arm64/ExtractedAppShortcutsMetadata.stringsdata --source-file-list /Users/etch/Library/Developer/Xcode/DerivedData/Glist-cufzzxofvqwyuzetuqpkvqdnmner/Build/Intermediates.noindex/Firebase.build/Debug-iphonesimulator/FirebaseAuth.build/Objects-normal/arm64/FirebaseAuth.SwiftFileList --metadata-file-list /Users/etch/Library/Developer/Xcode/DerivedData/Glist-cufzzxofvqwyuzetuqpkvqdnmner/Build/Intermediates.noindex/Firebase.build/Debug-iphonesimulator/FirebaseAuth.build/FirebaseAuth.DependencyMetadataFileList --static-metadata-file-list /Users/etch/Library/Developer/Xcode/DerivedData/Glist-cufzzxofvqwyuzetuqpkvqdnmner/Build/Intermediates.noindex/Firebase.build/Debug-iphonesimulator/FirebaseAuth.build/FirebaseAuth.DependencyStaticMetadataFileList --swift-const-vals-list /Users/etch/Library/Developer/Xcode/DerivedData/Glist-cufzzxofvqwyuzetuqpkvqdnmner/Build/Intermediates.noindex/Firebase.build/Debug-iphonesimulator/FirebaseAuth.build/Objects-normal/arm64/FirebaseAuth.SwiftConstValuesFileList --force --compile-time-extraction --deployment-aware-processing --validate-assistant-intents --no-app-shortcuts-localization
2025-11-24 05:44:03.279 appintentsmetadataprocessor[8644:2165447] Starting appintentsmetadataprocessor export
2025-11-24 05:44:03.528 appintentsmetadataprocessor[8644:2165447] Extracted no relevant App Intents symbols, skipping writing output

RegisterExecutionPolicyException /Users/etch/Library/Developer/Xcode/DerivedData/Glist-cufzzxofvqwyuzetuqpkvqdnmner/Build/Products/Debug-iphonesimulator/FirebaseStorage.o (in target 'FirebaseStorage' from project 'Firebase')
    cd /Users/etch/Library/Developer/Xcode/DerivedData/Glist-cufzzxofvqwyuzetuqpkvqdnmner/SourcePackages/checkouts/firebase-ios-sdk
    builtin-RegisterExecutionPolicyException /Users/etch/Library/Developer/Xcode/DerivedData/Glist-cufzzxofvqwyuzetuqpkvqdnmner/Build/Products/Debug-iphonesimulator/FirebaseStorage.o

RegisterExecutionPolicyException /Users/etch/Library/Developer/Xcode/DerivedData/Glist-cufzzxofvqwyuzetuqpkvqdnmner/Build/Products/Debug-iphonesimulator/FirebaseFirestore.o (in target 'FirebaseFirestore' from project 'Firebase')
    cd /Users/etch/Library/Developer/Xcode/DerivedData/Glist-cufzzxofvqwyuzetuqpkvqdnmner/SourcePackages/checkouts/firebase-ios-sdk
    builtin-RegisterExecutionPolicyException /Users/etch/Library/Developer/Xcode/DerivedData/Glist-cufzzxofvqwyuzetuqpkvqdnmner/Build/Products/Debug-iphonesimulator/FirebaseFirestore.o

Ld /Users/etch/Library/Developer/Xcode/DerivedData/Glist-cufzzxofvqwyuzetuqpkvqdnmner/Build/Products/Debug-iphonesimulator/FirebaseFirestoreTarget.o normal (in target 'FirebaseFirestoreTarget' from project 'Firebase')
    cd /Users/etch/Library/Developer/Xcode/DerivedData/Glist-cufzzxofvqwyuzetuqpkvqdnmner/SourcePackages/checkouts/firebase-ios-sdk
    /Applications/Xcode.app/Contents/Developer/Toolchains/XcodeDefault.xctoolchain/usr/bin/clang -Xlinker -reproducible -target arm64-apple-ios15.0-simulator -r -isysroot /Applications/Xcode.app/Contents/Developer/Platforms/iPhoneSimulator.platform/Developer/SDKs/iPhoneSimulator26.0.sdk -O0 -w -L/Users/etch/Library/Developer/Xcode/DerivedData/Glist-cufzzxofvqwyuzetuqpkvqdnmner/Build/Intermediates.noindex/EagerLinkingTBDs/Debug-iphonesimulator -L/Users/etch/Library/Developer/Xcode/DerivedData/Glist-cufzzxofvqwyuzetuqpkvqdnmner/Build/Products/Debug-iphonesimulator -L/Applications/Xcode.app/Contents/Developer/Platforms/iPhoneSimulator.platform/Developer/usr/lib -F/Users/etch/Library/Developer/Xcode/DerivedData/Glist-cufzzxofvqwyuzetuqpkvqdnmner/Build/Intermediates.noindex/EagerLinkingTBDs/Debug-iphonesimulator -F/Users/etch/Library/Developer/Xcode/DerivedData/Glist-cufzzxofvqwyuzetuqpkvqdnmner/Build/Products/Debug-iphonesimulator/PackageFrameworks -F/Users/etch/Library/Developer/Xcode/DerivedData/Glist-cufzzxofvqwyuzetuqpkvqdnmner/Build/Products/Debug-iphonesimulator/PackageFrameworks -F/Users/etch/Library/Developer/Xcode/DerivedData/Glist-cufzzxofvqwyuzetuqpkvqdnmner/Build/Products/Debug-iphonesimulator/PackageFrameworks -F/Users/etch/Library/Developer/Xcode/DerivedData/Glist-cufzzxofvqwyuzetuqpkvqdnmner/Build/Products/Debug-iphonesimulator/PackageFrameworks -F/Users/etch/Library/Developer/Xcode/DerivedData/Glist-cufzzxofvqwyuzetuqpkvqdnmner/Build/Products/Debug-iphonesimulator/PackageFrameworks -F/Users/etch/Library/Developer/Xcode/DerivedData/Glist-cufzzxofvqwyuzetuqpkvqdnmner/Build/Products/Debug-iphonesimulator/PackageFrameworks -F/Users/etch/Library/Developer/Xcode/DerivedData/Glist-cufzzxofvqwyuzetuqpkvqdnmner/Build/Products/Debug-iphonesimulator/PackageFrameworks -F/Users/etch/Library/Developer/Xcode/DerivedData/Glist-cufzzxofvqwyuzetuqpkvqdnmner/Build/Products/Debug-iphonesimulator/PackageFrameworks -F/Users/etch/Library/Developer/Xcode/DerivedData/Glist-cufzzxofvqwyuzetuqpkvqdnmner/Build/Products/Debug-iphonesimulator/PackageFrameworks -F/Users/etch/Library/Developer/Xcode/DerivedData/Glist-cufzzxofvqwyuzetuqpkvqdnmner/Build/Products/Debug-iphonesimulator/PackageFrameworks -F/Users/etch/Library/Developer/Xcode/DerivedData/Glist-cufzzxofvqwyuzetuqpkvqdnmner/Build/Products/Debug-iphonesimulator/PackageFrameworks -F/Users/etch/Library/Developer/Xcode/DerivedData/Glist-cufzzxofvqwyuzetuqpkvqdnmner/Build/Products/Debug-iphonesimulator/PackageFrameworks -F/Users/etch/Library/Developer/Xcode/DerivedData/Glist-cufzzxofvqwyuzetuqpkvqdnmner/Build/Products/Debug-iphonesimulator/PackageFrameworks -F/Users/etch/Library/Developer/Xcode/DerivedData/Glist-cufzzxofvqwyuzetuqpkvqdnmner/Build/Products/Debug-iphonesimulator/PackageFrameworks -F/Users/etch/Library/Developer/Xcode/DerivedData/Glist-cufzzxofvqwyuzetuqpkvqdnmner/Build/Products/Debug-iphonesimulator/PackageFrameworks -F/Users/etch/Library/Developer/Xcode/DerivedData/Glist-cufzzxofvqwyuzetuqpkvqdnmner/Build/Products/Debug-iphonesimulator/PackageFrameworks -F/Users/etch/Library/Developer/Xcode/DerivedData/Glist-cufzzxofvqwyuzetuqpkvqdnmner/Build/Products/Debug-iphonesimulator/PackageFrameworks -F/Users/etch/Library/Developer/Xcode/DerivedData/Glist-cufzzxofvqwyuzetuqpkvqdnmner/Build/Products/Debug-iphonesimulator/PackageFrameworks -F/Users/etch/Library/Developer/Xcode/DerivedData/Glist-cufzzxofvqwyuzetuqpkvqdnmner/Build/Products/Debug-iphonesimulator -iframework /Applications/Xcode.app/Contents/Developer/Platforms/iPhoneSimulator.platform/Developer/Library/Frameworks -iframework /Applications/Xcode.app/Contents/Developer/Platforms/iPhoneSimulator.platform/Developer/SDKs/iPhoneSimulator26.0.sdk/Developer/Library/Frameworks -filelist /Users/etch/Library/Developer/Xcode/DerivedData/Glist-cufzzxofvqwyuzetuqpkvqdnmner/Build/Intermediates.noindex/Firebase.build/Debug-iphonesimulator/FirebaseFirestoreTarget.build/Objects-normal/arm64/FirebaseFirestoreTarget.LinkFileList -nostdlib -Xlinker -object_path_lto -Xlinker /Users/etch/Library/Developer/Xcode/DerivedData/Glist-cufzzxofvqwyuzetuqpkvqdnmner/Build/Intermediates.noindex/Firebase.build/Debug-iphonesimulator/FirebaseFirestoreTarget.build/Objects-normal/arm64/FirebaseFirestoreTarget_lto.o -rdynamic -Xlinker -no_deduplicate -Xlinker -objc_abi_version -Xlinker 2 -Xlinker -debug_variant -Xlinker -dependency_info -Xlinker /Users/etch/Library/Developer/Xcode/DerivedData/Glist-cufzzxofvqwyuzetuqpkvqdnmner/Build/Intermediates.noindex/Firebase.build/Debug-iphonesimulator/FirebaseFirestoreTarget.build/Objects-normal/arm64/FirebaseFirestoreTarget_dependency_info.dat -fobjc-arc -fobjc-link-runtime -o /Users/etch/Library/Developer/Xcode/DerivedData/Glist-cufzzxofvqwyuzetuqpkvqdnmner/Build/Products/Debug-iphonesimulator/FirebaseFirestoreTarget.o

RegisterExecutionPolicyException /Users/etch/Library/Developer/Xcode/DerivedData/Glist-cufzzxofvqwyuzetuqpkvqdnmner/Build/Products/Debug-iphonesimulator/FirebaseFirestoreTarget.o (in target 'FirebaseFirestoreTarget' from project 'Firebase')
    cd /Users/etch/Library/Developer/Xcode/DerivedData/Glist-cufzzxofvqwyuzetuqpkvqdnmner/SourcePackages/checkouts/firebase-ios-sdk
    builtin-RegisterExecutionPolicyException /Users/etch/Library/Developer/Xcode/DerivedData/Glist-cufzzxofvqwyuzetuqpkvqdnmner/Build/Products/Debug-iphonesimulator/FirebaseFirestoreTarget.o

RegisterExecutionPolicyException /Users/etch/Library/Developer/Xcode/DerivedData/Glist-cufzzxofvqwyuzetuqpkvqdnmner/Build/Products/Debug-iphonesimulator/FirebaseAuth.o (in target 'FirebaseAuth' from project 'Firebase')
    cd /Users/etch/Library/Developer/Xcode/DerivedData/Glist-cufzzxofvqwyuzetuqpkvqdnmner/SourcePackages/checkouts/firebase-ios-sdk
    builtin-RegisterExecutionPolicyException /Users/etch/Library/Developer/Xcode/DerivedData/Glist-cufzzxofvqwyuzetuqpkvqdnmner/Build/Products/Debug-iphonesimulator/FirebaseAuth.o

Ld /Users/etch/Library/Developer/Xcode/DerivedData/Glist-cufzzxofvqwyuzetuqpkvqdnmner/Build/Products/Debug-iphonesimulator/Glist.app/__preview.dylib normal (in target 'Glist' from project 'Glist')
    cd /Users/etch/Downloads/APPS/glist/Glist
    /Applications/Xcode.app/Contents/Developer/Toolchains/XcodeDefault.xctoolchain/usr/bin/clang -Xlinker -reproducible -target arm64-apple-ios18.0-simulator -dynamiclib -isysroot /Applications/Xcode.app/Contents/Developer/Platforms/iPhoneSimulator.platform/Developer/SDKs/iPhoneSimulator26.0.sdk -O0 -L/Users/etch/Library/Developer/Xcode/DerivedData/Glist-cufzzxofvqwyuzetuqpkvqdnmner/Build/Products/Debug-iphonesimulator -F/Users/etch/Library/Developer/Xcode/DerivedData/Glist-cufzzxofvqwyuzetuqpkvqdnmner/Build/Products/Debug-iphonesimulator/PackageFrameworks -F/Users/etch/Library/Developer/Xcode/DerivedData/Glist-cufzzxofvqwyuzetuqpkvqdnmner/Build/Products/Debug-iphonesimulator/PackageFrameworks -F/Users/etch/Library/Developer/Xcode/DerivedData/Glist-cufzzxofvqwyuzetuqpkvqdnmner/Build/Products/Debug-iphonesimulator/PackageFrameworks -F/Users/etch/Library/Developer/Xcode/DerivedData/Glist-cufzzxofvqwyuzetuqpkvqdnmner/Build/Products/Debug-iphonesimulator/PackageFrameworks -F/Users/etch/Library/Developer/Xcode/DerivedData/Glist-cufzzxofvqwyuzetuqpkvqdnmner/Build/Products/Debug-iphonesimulator/PackageFrameworks -F/Users/etch/Library/Developer/Xcode/DerivedData/Glist-cufzzxofvqwyuzetuqpkvqdnmner/Build/Products/Debug-iphonesimulator/PackageFrameworks -F/Users/etch/Library/Developer/Xcode/DerivedData/Glist-cufzzxofvqwyuzetuqpkvqdnmner/Build/Products/Debug-iphonesimulator/PackageFrameworks -F/Users/etch/Library/Developer/Xcode/DerivedData/Glist-cufzzxofvqwyuzetuqpkvqdnmner/Build/Products/Debug-iphonesimulator/PackageFrameworks -F/Users/etch/Library/Developer/Xcode/DerivedData/Glist-cufzzxofvqwyuzetuqpkvqdnmner/Build/Products/Debug-iphonesimulator/PackageFrameworks -F/Users/etch/Library/Developer/Xcode/DerivedData/Glist-cufzzxofvqwyuzetuqpkvqdnmner/Build/Products/Debug-iphonesimulator/PackageFrameworks -F/Users/etch/Library/Developer/Xcode/DerivedData/Glist-cufzzxofvqwyuzetuqpkvqdnmner/Build/Products/Debug-iphonesimulator/PackageFrameworks -F/Users/etch/Library/Developer/Xcode/DerivedData/Glist-cufzzxofvqwyuzetuqpkvqdnmner/Build/Products/Debug-iphonesimulator/PackageFrameworks -F/Users/etch/Library/Developer/Xcode/DerivedData/Glist-cufzzxofvqwyuzetuqpkvqdnmner/Build/Products/Debug-iphonesimulator/PackageFrameworks -F/Users/etch/Library/Developer/Xcode/DerivedData/Glist-cufzzxofvqwyuzetuqpkvqdnmner/Build/Products/Debug-iphonesimulator/PackageFrameworks -F/Users/etch/Library/Developer/Xcode/DerivedData/Glist-cufzzxofvqwyuzetuqpkvqdnmner/Build/Products/Debug-iphonesimulator/PackageFrameworks -F/Users/etch/Library/Developer/Xcode/DerivedData/Glist-cufzzxofvqwyuzetuqpkvqdnmner/Build/Products/Debug-iphonesimulator/PackageFrameworks -F/Users/etch/Library/Developer/Xcode/DerivedData/Glist-cufzzxofvqwyuzetuqpkvqdnmner/Build/Products/Debug-iphonesimulator/PackageFrameworks -F/Users/etch/Library/Developer/Xcode/DerivedData/Glist-cufzzxofvqwyuzetuqpkvqdnmner/Build/Products/Debug-iphonesimulator/PackageFrameworks -F/Users/etch/Library/Developer/Xcode/DerivedData/Glist-cufzzxofvqwyuzetuqpkvqdnmner/Build/Products/Debug-iphonesimulator/PackageFrameworks -F/Users/etch/Library/Developer/Xcode/DerivedData/Glist-cufzzxofvqwyuzetuqpkvqdnmner/Build/Products/Debug-iphonesimulator/PackageFrameworks -F/Users/etch/Library/Developer/Xcode/DerivedData/Glist-cufzzxofvqwyuzetuqpkvqdnmner/Build/Products/Debug-iphonesimulator/PackageFrameworks -F/Users/etch/Library/Developer/Xcode/DerivedData/Glist-cufzzxofvqwyuzetuqpkvqdnmner/Build/Products/Debug-iphonesimulator/PackageFrameworks -F/Users/etch/Library/Developer/Xcode/DerivedData/Glist-cufzzxofvqwyuzetuqpkvqdnmner/Build/Products/Debug-iphonesimulator/PackageFrameworks -F/Users/etch/Library/Developer/Xcode/DerivedData/Glist-cufzzxofvqwyuzetuqpkvqdnmner/Build/Products/Debug-iphonesimulator/PackageFrameworks -F/Users/etch/Library/Developer/Xcode/DerivedData/Glist-cufzzxofvqwyuzetuqpkvqdnmner/Build/Products/Debug-iphonesimulator/PackageFrameworks -F/Users/etch/Library/Developer/Xcode/DerivedData/Glist-cufzzxofvqwyuzetuqpkvqdnmner/Build/Products/Debug-iphonesimulator/PackageFrameworks -F/Users/etch/Library/Developer/Xcode/DerivedData/Glist-cufzzxofvqwyuzetuqpkvqdnmner/Build/Products/Debug-iphonesimulator/PackageFrameworks -F/Users/etch/Library/Developer/Xcode/DerivedData/Glist-cufzzxofvqwyuzetuqpkvqdnmner/Build/Products/Debug-iphonesimulator/PackageFrameworks -F/Users/etch/Library/Developer/Xcode/DerivedData/Glist-cufzzxofvqwyuzetuqpkvqdnmner/Build/Products/Debug-iphonesimulator/PackageFrameworks -F/Users/etch/Library/Developer/Xcode/DerivedData/Glist-cufzzxofvqwyuzetuqpkvqdnmner/Build/Products/Debug-iphonesimulator/PackageFrameworks -F/Users/etch/Library/Developer/Xcode/DerivedData/Glist-cufzzxofvqwyuzetuqpkvqdnmner/Build/Products/Debug-iphonesimulator/PackageFrameworks -F/Users/etch/Library/Developer/Xcode/DerivedData/Glist-cufzzxofvqwyuzetuqpkvqdnmner/Build/Products/Debug-iphonesimulator/PackageFrameworks -F/Users/etch/Library/Developer/Xcode/DerivedData/Glist-cufzzxofvqwyuzetuqpkvqdnmner/Build/Products/Debug-iphonesimulator/PackageFrameworks -F/Users/etch/Library/Developer/Xcode/DerivedData/Glist-cufzzxofvqwyuzetuqpkvqdnmner/Build/Products/Debug-iphonesimulator -install_name @rpath/Glist.debug.dylib -dead_strip -rdynamic -Xlinker -no_deduplicate -Xlinker -objc_abi_version -Xlinker 2 -Xlinker -debug_variant -Xlinker -dependency_info -Xlinker /Users/etch/Library/Developer/Xcode/DerivedData/Glist-cufzzxofvqwyuzetuqpkvqdnmner/Build/Intermediates.noindex/Glist.build/Debug-iphonesimulator/Glist.build/Objects-normal/arm64/Glist_dependency_info.dat -Xlinker -sectcreate -Xlinker __TEXT -Xlinker __entitlements -Xlinker /Users/etch/Library/Developer/Xcode/DerivedData/Glist-cufzzxofvqwyuzetuqpkvqdnmner/Build/Intermediates.noindex/Glist.build/Debug-iphonesimulator/Glist.build/Glist.app-Simulated.xcent -Xlinker -sectcreate -Xlinker __TEXT -Xlinker __ents_der -Xlinker /Users/etch/Library/Developer/Xcode/DerivedData/Glist-cufzzxofvqwyuzetuqpkvqdnmner/Build/Intermediates.noindex/Glist.build/Debug-iphonesimulator/Glist.build/Glist.app-Simulated.xcent.der -Xlinker -no_adhoc_codesign -o /Users/etch/Library/Developer/Xcode/DerivedData/Glist-cufzzxofvqwyuzetuqpkvqdnmner/Build/Products/Debug-iphonesimulator/Glist.app/__preview.dylib

CompileStoryboard /Users/etch/Downloads/APPS/glist/Glist/Glist/Launch\ Screen.storyboard (in target 'Glist' from project 'Glist')
    cd /Users/etch/Downloads/APPS/glist/Glist
    /Applications/Xcode.app/Contents/Developer/usr/bin/ibtool --errors --warnings --notices --module Glist --output-partial-info-plist /Users/etch/Library/Developer/Xcode/DerivedData/Glist-cufzzxofvqwyuzetuqpkvqdnmner/Build/Intermediates.noindex/Glist.build/Debug-iphonesimulator/Glist.build/Launch\ Screen-SBPartialInfo.plist --auto-activate-custom-fonts --target-device iphone --target-device ipad --minimum-deployment-target 18.0 --output-format human-readable-text /Users/etch/Downloads/APPS/glist/Glist/Glist/Launch\ Screen.storyboard --compilation-directory /Users/etch/Library/Developer/Xcode/DerivedData/Glist-cufzzxofvqwyuzetuqpkvqdnmner/Build/Intermediates.noindex/Glist.build/Debug-iphonesimulator/Glist.build

SwiftCompile normal arm64 Compiling\ InviteManager.swift,\ InviteView.swift,\ Item.swift,\ LocalizationManager.swift,\ LocationManager.swift,\ LoyaltyManager.swift,\ NotificationManager.swift,\ OfflineScanCache.swift /Users/etch/Downloads/APPS/glist/Glist/Glist/InviteManager.swift /Users/etch/Downloads/APPS/glist/Glist/Glist/InviteView.swift /Users/etch/Downloads/APPS/glist/Glist/Glist/Item.swift /Users/etch/Downloads/APPS/glist/Glist/Glist/LocalizationManager.swift /Users/etch/Downloads/APPS/glist/Glist/Glist/LocationManager.swift /Users/etch/Downloads/APPS/glist/Glist/Glist/LoyaltyManager.swift /Users/etch/Downloads/APPS/glist/Glist/Glist/NotificationManager.swift /Users/etch/Downloads/APPS/glist/Glist/Glist/OfflineScanCache.swift (in target 'Glist' from project 'Glist')
SwiftCompile normal arm64 /Users/etch/Downloads/APPS/glist/Glist/Glist/InviteManager.swift (in target 'Glist' from project 'Glist')
    cd /Users/etch/Downloads/APPS/glist/Glist
    

SwiftCompile normal arm64 /Users/etch/Downloads/APPS/glist/Glist/Glist/InviteView.swift (in target 'Glist' from project 'Glist')
    cd /Users/etch/Downloads/APPS/glist/Glist
    

SwiftCompile normal arm64 /Users/etch/Downloads/APPS/glist/Glist/Glist/Item.swift (in target 'Glist' from project 'Glist')
    cd /Users/etch/Downloads/APPS/glist/Glist
    

SwiftCompile normal arm64 /Users/etch/Downloads/APPS/glist/Glist/Glist/LocalizationManager.swift (in target 'Glist' from project 'Glist')
    cd /Users/etch/Downloads/APPS/glist/Glist
    

SwiftCompile normal arm64 /Users/etch/Downloads/APPS/glist/Glist/Glist/LocationManager.swift (in target 'Glist' from project 'Glist')
    cd /Users/etch/Downloads/APPS/glist/Glist
    

SwiftCompile normal arm64 /Users/etch/Downloads/APPS/glist/Glist/Glist/LoyaltyManager.swift (in target 'Glist' from project 'Glist')
    cd /Users/etch/Downloads/APPS/glist/Glist
    

SwiftCompile normal arm64 /Users/etch/Downloads/APPS/glist/Glist/Glist/NotificationManager.swift (in target 'Glist' from project 'Glist')
    cd /Users/etch/Downloads/APPS/glist/Glist
    

SwiftCompile normal arm64 /Users/etch/Downloads/APPS/glist/Glist/Glist/OfflineScanCache.swift (in target 'Glist' from project 'Glist')
    cd /Users/etch/Downloads/APPS/glist/Glist
    

SwiftEmitModule normal arm64 Emitting\ module\ for\ Glist (in target 'Glist' from project 'Glist')
Failed frontend command:
/Applications/Xcode.app/Contents/Developer/Toolchains/XcodeDefault.xctoolchain/usr/bin/swift-frontend -frontend -emit-module -experimental-skip-non-inlinable-function-bodies-without-types /Users/etch/Downloads/APPS/glist/Glist/Glist/AdminView.swift /Users/etch/Downloads/APPS/glist/Glist/Glist/AnalyticsManager.swift /Users/etch/Downloads/APPS/glist/Glist/Glist/AnalyticsManager+Dashboards.swift /Users/etch/Downloads/APPS/glist/Glist/Glist/AnalyticsModels.swift /Users/etch/Downloads/APPS/glist/Glist/Glist/AppleWalletManager.swift /Users/etch/Downloads/APPS/glist/Glist/Glist/AuthManager.swift /Users/etch/Downloads/APPS/glist/Glist/Glist/AuthView.swift /Users/etch/Downloads/APPS/glist/Glist/Glist/Booking.swift /Users/etch/Downloads/APPS/glist/Glist/Glist/BookingCard.swift /Users/etch/Downloads/APPS/glist/Glist/Glist/BookingManager.swift /Users/etch/Downloads/APPS/glist/Glist/Glist/CheckoutView.swift /Users/etch/Downloads/APPS/glist/Glist/Glist/ConciergeChatManager.swift /Users/etch/Downloads/APPS/glist/Glist/Glist/ContentView.swift /Users/etch/Downloads/APPS/glist/Glist/Glist/CurrencyFormatter.swift /Users/etch/Downloads/APPS/glist/Glist/Glist/DatabaseSeedView.swift /Users/etch/Downloads/APPS/glist/Glist/Glist/DatabaseUpdateView.swift /Users/etch/Downloads/APPS/glist/Glist/Glist/DynamicPricingEngine.swift /Users/etch/Downloads/APPS/glist/Glist/Glist/Event.swift /Users/etch/Downloads/APPS/glist/Glist/Glist/EventTicket.swift /Users/etch/Downloads/APPS/glist/Glist/Glist/EventTicketView.swift /Users/etch/Downloads/APPS/glist/Glist/Glist/FavoriteButton.swift /Users/etch/Downloads/APPS/glist/Glist/Glist/FavoritesManager.swift /Users/etch/Downloads/APPS/glist/Glist/Glist/FirestoreManager.swift /Users/etch/Downloads/APPS/glist/Glist/Glist/GListApp.swift /Users/etch/Downloads/APPS/glist/Glist/Glist/GuestListManager.swift /Users/etch/Downloads/APPS/glist/Glist/Glist/InviteManager.swift /Users/etch/Downloads/APPS/glist/Glist/Glist/InviteView.swift /Users/etch/Downloads/APPS/glist/Glist/Glist/Item.swift /Users/etch/Downloads/APPS/glist/Glist/Glist/LocalizationManager.swift /Users/etch/Downloads/APPS/glist/Glist/Glist/LocationManager.swift /Users/etch/Downloads/APPS/glist/Glist/Glist/LoyaltyManager.swift /Users/etch/Downloads/APPS/glist/Glist/Glist/NotificationManager.swift /Users/etch/Downloads/APPS/glist/Glist/Glist/OfflineScanCache.swift /Users/etch/Downloads/APPS/glist/Glist/Glist/PaymentManager.swift /Users/etch/Downloads/APPS/glist/Glist/Glist/PromoterAttributionManager.swift /Users/etch/Downloads/APPS/glist/Glist/Glist/PromoterDashboardView.swift /Users/etch/Downloads/APPS/glist/Glist/Glist/PromoterManager.swift /Users/etch/Downloads/APPS/glist/Glist/Glist/PromoterModels.swift /Users/etch/Downloads/APPS/glist/Glist/Glist/QRCodeGenerator.swift /Users/etch/Downloads/APPS/glist/Glist/Glist/QRCodeView.swift /Users/etch/Downloads/APPS/glist/Glist/Glist/QRScannerView.swift /Users/etch/Downloads/APPS/glist/Glist/Glist/ReadyInFiveView.swift /Users/etch/Downloads/APPS/glist/Glist/Glist/ReportingManager.swift /Users/etch/Downloads/APPS/glist/Glist/Glist/ReservationStateMachine.swift /Users/etch/Downloads/APPS/glist/Glist/Glist/RewardsView.swift /Users/etch/Downloads/APPS/glist/Glist/Glist/ScanModels.swift /Users/etch/Downloads/APPS/glist/Glist/Glist/SettingsViews.swift /Users/etch/Downloads/APPS/glist/Glist/Glist/SocialManager.swift /Users/etch/Downloads/APPS/glist/Glist/Glist/SocialView.swift /Users/etch/Downloads/APPS/glist/Glist/Glist/StaffCheckInView.swift /Users/etch/Downloads/APPS/glist/Glist/Glist/StaffModeManager.swift /Users/etch/Downloads/APPS/glist/Glist/Glist/SubscriptionManager.swift /Users/etch/Downloads/APPS/glist/Glist/Glist/SubscriptionView.swift /Users/etch/Downloads/APPS/glist/Glist/Glist/TableBookingView.swift /Users/etch/Downloads/APPS/glist/Glist/Glist/Theme.swift /Users/etch/Downloads/APPS/glist/Glist/Glist/TicketCard.swift /Users/etch/Downloads/APPS/glist/Glist/Glist/TicketManager.swift /Users/etch/Downloads/APPS/glist/Glist/Glist/TicketPurchaseView.swift /Users/etch/Downloads/APPS/glist/Glist/Glist/Venue.swift /Users/etch/Downloads/APPS/glist/Glist/Glist/VenueData.swift /Users/etch/Downloads/APPS/glist/Glist/Glist/VenueDetailView.swift /Users/etch/Downloads/APPS/glist/Glist/Glist/VenueListView.swift /Users/etch/Downloads/APPS/glist/Glist/Glist/VenueManager.swift /Users/etch/Downloads/APPS/glist/Glist/Glist/VenueMapView.swift /Users/etch/Library/Developer/Xcode/DerivedData/Glist-cufzzxofvqwyuzetuqpkvqdnmner/Build/Intermediates.noindex/Glist.build/Debug-iphonesimulator/Glist.build/DerivedSources/GeneratedAssetSymbols.swift -target arm64-apple-ios18.0-simulator -module-can-import-version DeveloperToolsSupport 23.0.4 23.0.4 -module-can-import-version SwiftUI 7.0.84.1 7.0.84 -module-can-import-version UIKit 9088.1.113 9088.1.113 -disable-cross-import-overlay-search -swift-module-cross-import MapKit /Applications/Xcode.app/Contents/Developer/Platforms/iPhoneSimulator.platform/Developer/SDKs/iPhoneSimulator.sdk/System/Library/Frameworks/MapKit.framework/Modules/MapKit.swiftcrossimport/SwiftUI.swiftoverlay -swift-module-cross-import PassKit /Applications/Xcode.app/Contents/Developer/Platforms/iPhoneSimulator.platform/Developer/SDKs/iPhoneSimulator.sdk/System/Library/Frameworks/PassKit.framework/Modules/PassKit.swiftcrossimport/SwiftUI.swiftoverlay -swift-module-cross-import SwiftData /Applications/Xcode.app/Contents/Developer/Platforms/iPhoneSimulator.platform/Developer/SDKs/iPhoneSimulator26.0.sdk/System/Library/Frameworks/SwiftData.framework/Modules/SwiftData.swiftcrossimport/CoreData.swiftoverlay -swift-module-cross-import SwiftData /Applications/Xcode.app/Contents/Developer/Platforms/iPhoneSimulator.platform/Developer/SDKs/iPhoneSimulator26.0.sdk/System/Library/Frameworks/SwiftData.framework/Modules/SwiftData.swiftcrossimport/SwiftUI.swiftoverlay -load-resolved-plugin /Applications/Xcode.app/Contents/Developer/Platforms/iPhoneOS.platform/Developer/usr/lib/swift/host/plugins/libFoundationMacros.dylib\#/Applications/Xcode.app/Contents/Developer/Platforms/iPhoneOS.platform/Developer/usr/bin/swift-plugin-server\#FoundationMacros -load-resolved-plugin /Applications/Xcode.app/Contents/Developer/Platforms/iPhoneOS.platform/Developer/usr/lib/swift/host/plugins/libObservationMacros.dylib\#/Applications/Xcode.app/Contents/Developer/Platforms/iPhoneOS.platform/Developer/usr/bin/swift-plugin-server\#ObservationMacros -load-resolved-plugin /Applications/Xcode.app/Contents/Developer/Platforms/iPhoneOS.platform/Developer/usr/lib/swift/host/plugins/libPreviewsMacros.dylib\#/Applications/Xcode.app/Contents/Developer/Platforms/iPhoneOS.platform/Developer/usr/bin/swift-plugin-server\#PreviewsMacros -load-resolved-plugin /Applications/Xcode.app/Contents/Developer/Platforms/iPhoneOS.platform/Developer/usr/lib/swift/host/plugins/libSwiftDataMacros.dylib\#/Applications/Xcode.app/Contents/Developer/Platforms/iPhoneOS.platform/Developer/usr/bin/swift-plugin-server\#SwiftDataMacros -load-resolved-plugin /Applications/Xcode.app/Contents/Developer/Platforms/iPhoneOS.platform/Developer/usr/lib/swift/host/plugins/libSwiftMacros.dylib\#/Applications/Xcode.app/Contents/Developer/Platforms/iPhoneOS.platform/Developer/usr/bin/swift-plugin-server\#SwiftMacros -load-resolved-plugin /Applications/Xcode.app/Contents/Developer/Platforms/iPhoneOS.platform/Developer/usr/lib/swift/host/plugins/libSwiftUIMacros.dylib\#/Applications/Xcode.app/Contents/Developer/Platforms/iPhoneOS.platform/Developer/usr/bin/swift-plugin-server\#SwiftUIMacros -disable-implicit-swift-modules -Xcc -fno-implicit-modules -Xcc -fno-implicit-module-maps -explicit-swift-module-map-file /Users/etch/Library/Developer/Xcode/DerivedData/Glist-cufzzxofvqwyuzetuqpkvqdnmner/Build/Intermediates.noindex/Glist.build/Debug-iphonesimulator/Glist.build/Objects-normal/arm64/Glist-dependencies-1.json -Xllvm -aarch64-use-tbi -enable-objc-interop -sdk /Applications/Xcode.app/Contents/Developer/Platforms/iPhoneSimulator.platform/Developer/SDKs/iPhoneSimulator26.0.sdk -I /Users/etch/Library/Developer/Xcode/DerivedData/Glist-cufzzxofvqwyuzetuqpkvqdnmner/Build/Products/Debug-iphonesimulator -F /Users/etch/Library/Developer/Xcode/DerivedData/Glist-cufzzxofvqwyuzetuqpkvqdnmner/Build/Products/Debug-iphonesimulator/PackageFrameworks -F /Users/etch/Library/Developer/Xcode/DerivedData/Glist-cufzzxofvqwyuzetuqpkvqdnmner/Build/Products/Debug-iphonesimulator/PackageFrameworks -F /Users/etch/Library/Developer/Xcode/DerivedData/Glist-cufzzxofvqwyuzetuqpkvqdnmner/Build/Products/Debug-iphonesimulator/PackageFrameworks -F /Users/etch/Library/Developer/Xcode/DerivedData/Glist-cufzzxofvqwyuzetuqpkvqdnmner/Build/Products/Debug-iphonesimulator/PackageFrameworks -F /Users/etch/Library/Developer/Xcode/DerivedData/Glist-cufzzxofvqwyuzetuqpkvqdnmner/Build/Products/Debug-iphonesimulator/PackageFrameworks -F /Users/etch/Library/Developer/Xcode/DerivedData/Glist-cufzzxofvqwyuzetuqpkvqdnmner/Build/Products/Debug-iphonesimulator/PackageFrameworks -F /Users/etch/Library/Developer/Xcode/DerivedData/Glist-cufzzxofvqwyuzetuqpkvqdnmner/Build/Products/Debug-iphonesimulator/PackageFrameworks -F /Users/etch/Library/Developer/Xcode/DerivedData/Glist-cufzzxofvqwyuzetuqpkvqdnmner/Build/Products/Debug-iphonesimulator/PackageFrameworks -F /Users/etch/Library/Developer/Xcode/DerivedData/Glist-cufzzxofvqwyuzetuqpkvqdnmner/Build/Products/Debug-iphonesimulator/PackageFrameworks -F /Users/etch/Library/Developer/Xcode/DerivedData/Glist-cufzzxofvqwyuzetuqpkvqdnmner/Build/Products/Debug-iphonesimulator/PackageFrameworks -F /Users/etch/Library/Developer/Xcode/DerivedData/Glist-cufzzxofvqwyuzetuqpkvqdnmner/Build/Products/Debug-iphonesimulator/PackageFrameworks -F /Users/etch/Library/Developer/Xcode/DerivedData/Glist-cufzzxofvqwyuzetuqpkvqdnmner/Build/Products/Debug-iphonesimulator/PackageFrameworks -F /Users/etch/Library/Developer/Xcode/DerivedData/Glist-cufzzxofvqwyuzetuqpkvqdnmner/Build/Products/Debug-iphonesimulator/PackageFrameworks -F /Users/etch/Library/Developer/Xcode/DerivedData/Glist-cufzzxofvqwyuzetuqpkvqdnmner/Build/Products/Debug-iphonesimulator/PackageFrameworks -F /Users/etch/Library/Developer/Xcode/DerivedData/Glist-cufzzxofvqwyuzetuqpkvqdnmner/Build/Products/Debug-iphonesimulator/PackageFrameworks -F /Users/etch/Library/Developer/Xcode/DerivedData/Glist-cufzzxofvqwyuzetuqpkvqdnmner/Build/Products/Debug-iphonesimulator/PackageFrameworks -F /Users/etch/Library/Developer/Xcode/DerivedData/Glist-cufzzxofvqwyuzetuqpkvqdnmner/Build/Products/Debug-iphonesimulator/PackageFrameworks -F /Users/etch/Library/Developer/Xcode/DerivedData/Glist-cufzzxofvqwyuzetuqpkvqdnmner/Build/Products/Debug-iphonesimulator/PackageFrameworks -F /Users/etch/Library/Developer/Xcode/DerivedData/Glist-cufzzxofvqwyuzetuqpkvqdnmner/Build/Products/Debug-iphonesimulator/PackageFrameworks -F /Users/etch/Library/Developer/Xcode/DerivedData/Glist-cufzzxofvqwyuzetuqpkvqdnmner/Build/Products/Debug-iphonesimulator/PackageFrameworks -F /Users/etch/Library/Developer/Xcode/DerivedData/Glist-cufzzxofvqwyuzetuqpkvqdnmner/Build/Products/Debug-iphonesimulator/PackageFrameworks -F /Users/etch/Library/Developer/Xcode/DerivedData/Glist-cufzzxofvqwyuzetuqpkvqdnmner/Build/Products/Debug-iphonesimulator/PackageFrameworks -F /Users/etch/Library/Developer/Xcode/DerivedData/Glist-cufzzxofvqwyuzetuqpkvqdnmner/Build/Products/Debug-iphonesimulator/PackageFrameworks -F /Users/etch/Library/Developer/Xcode/DerivedData/Glist-cufzzxofvqwyuzetuqpkvqdnmner/Build/Products/Debug-iphonesimulator/PackageFrameworks -F /Users/etch/Library/Developer/Xcode/DerivedData/Glist-cufzzxofvqwyuzetuqpkvqdnmner/Build/Products/Debug-iphonesimulator/PackageFrameworks -F /Users/etch/Library/Developer/Xcode/DerivedData/Glist-cufzzxofvqwyuzetuqpkvqdnmner/Build/Products/Debug-iphonesimulator/PackageFrameworks -F /Users/etch/Library/Developer/Xcode/DerivedData/Glist-cufzzxofvqwyuzetuqpkvqdnmner/Build/Products/Debug-iphonesimulator/PackageFrameworks -F /Users/etch/Library/Developer/Xcode/DerivedData/Glist-cufzzxofvqwyuzetuqpkvqdnmner/Build/Products/Debug-iphonesimulator/PackageFrameworks -F /Users/etch/Library/Developer/Xcode/DerivedData/Glist-cufzzxofvqwyuzetuqpkvqdnmner/Build/Products/Debug-iphonesimulator/PackageFrameworks -F /Users/etch/Library/Developer/Xcode/DerivedData/Glist-cufzzxofvqwyuzetuqpkvqdnmner/Build/Products/Debug-iphonesimulator/PackageFrameworks -F /Users/etch/Library/Developer/Xcode/DerivedData/Glist-cufzzxofvqwyuzetuqpkvqdnmner/Build/Products/Debug-iphonesimulator/PackageFrameworks -F /Users/etch/Library/Developer/Xcode/DerivedData/Glist-cufzzxofvqwyuzetuqpkvqdnmner/Build/Products/Debug-iphonesimulator/PackageFrameworks -F /Users/etch/Library/Developer/Xcode/DerivedData/Glist-cufzzxofvqwyuzetuqpkvqdnmner/Build/Products/Debug-iphonesimulator/PackageFrameworks -F /Users/etch/Library/Developer/Xcode/DerivedData/Glist-cufzzxofvqwyuzetuqpkvqdnmner/Build/Products/Debug-iphonesimulator -no-color-diagnostics -Xcc -fno-color-diagnostics -enable-testing -g -debug-info-format\=dwarf -dwarf-version\=5 -module-cache-path /Users/etch/Library/Developer/Xcode/DerivedData/Glist-cufzzxofvqwyuzetuqpkvqdnmner/Build/Intermediates.noindex/SwiftExplicitPrecompiledModules -profile-generate -profile-coverage-mapping -swift-version 5 -enforce-exclusivity\=checked -Onone -D DEBUG -serialize-debugging-options -const-gather-protocols-file /Users/etch/Library/Developer/Xcode/DerivedData/Glist-cufzzxofvqwyuzetuqpkvqdnmner/Build/Intermediates.noindex/Glist.build/Debug-iphonesimulator/Glist.build/Objects-normal/arm64/Glist_const_extract_protocols.json -enable-upcoming-feature MemberImportVisibility -enable-experimental-feature DebugDescriptionMacro -enable-bare-slash-regex -default-isolation\=MainActor -empty-abi-descriptor -validate-clang-modules-once -clang-build-session-file /Users/etch/Library/Developer/Xcode/DerivedData/ModuleCache.noindex/Session.modulevalidation -Xcc -working-directory -Xcc /Users/etch/Downloads/APPS/glist/Glist -enable-anonymous-context-mangled-names -file-compilation-dir /Users/etch/Downloads/APPS/glist/Glist -Xcc -fmodule-map-file\=/Users/etch/Library/Developer/Xcode/DerivedData/Glist-cufzzxofvqwyuzetuqpkvqdnmner/Build/Intermediates.noindex/GeneratedModuleMaps-iphonesimulator/RecaptchaInterop.modulemap -Xcc -fmodule-map-file\=/Users/etch/Library/Developer/Xcode/DerivedData/Glist-cufzzxofvqwyuzetuqpkvqdnmner/Build/Intermediates.noindex/GeneratedModuleMaps-iphonesimulator/FirebaseAuthInternal.modulemap -Xcc -fmodule-map-file\=/Users/etch/Library/Developer/Xcode/DerivedData/Glist-cufzzxofvqwyuzetuqpkvqdnmner/Build/Intermediates.noindex/GeneratedModuleMaps-iphonesimulator/abslWrapper.modulemap -Xcc -fmodule-map-file\=/Users/etch/Library/Developer/Xcode/DerivedData/Glist-cufzzxofvqwyuzetuqpkvqdnmner/Build/Intermediates.noindex/GeneratedModuleMaps-iphonesimulator/opensslWrapper.modulemap -Xcc -fmodule-map-file\=/Users/etch/Library/Developer/Xcode/DerivedData/Glist-cufzzxofvqwyuzetuqpkvqdnmner/Build/Intermediates.noindex/GeneratedModuleMaps-iphonesimulator/grpcWrapper.modulemap -Xcc -fmodule-map-file\=/Users/etch/Library/Developer/Xcode/DerivedData/Glist-cufzzxofvqwyuzetuqpkvqdnmner/Build/Intermediates.noindex/GeneratedModuleMaps-iphonesimulator/grpcppWrapper.modulemap -Xcc -fmodule-map-file\=/Users/etch/Library/Developer/Xcode/DerivedData/Glist-cufzzxofvqwyuzetuqpkvqdnmner/Build/Intermediates.noindex/GeneratedModuleMaps-iphonesimulator/leveldb.modulemap -Xcc -fmodule-map-file\=/Users/etch/Library/Developer/Xcode/DerivedData/Glist-cufzzxofvqwyuzetuqpkvqdnmner/Build/Intermediates.noindex/GeneratedModuleMaps-iphonesimulator/FirebaseFirestoreInternalWrapper.modulemap -Xcc -fmodule-map-file\=/Users/etch/Library/Developer/Xcode/DerivedData/Glist-cufzzxofvqwyuzetuqpkvqdnmner/Build/Intermediates.noindex/GeneratedModuleMaps-iphonesimulator/FirebaseFirestoreTarget.modulemap -Xcc -fmodule-map-file\=/Users/etch/Library/Developer/Xcode/DerivedData/Glist-cufzzxofvqwyuzetuqpkvqdnmner/Build/Intermediates.noindex/GeneratedModuleMaps-iphonesimulator/GTMSessionFetcherCore.modulemap -Xcc -fmodule-map-file\=/Users/etch/Library/Developer/Xcode/DerivedData/Glist-cufzzxofvqwyuzetuqpkvqdnmner/Build/Intermediates.noindex/GeneratedModuleMaps-iphonesimulator/FirebaseCoreExtension.modulemap -Xcc -fmodule-map-file\=/Users/etch/Library/Developer/Xcode/DerivedData/Glist-cufzzxofvqwyuzetuqpkvqdnmner/Build/Intermediates.noindex/GeneratedModuleMaps-iphonesimulator/FirebaseAuthInterop.modulemap -Xcc -fmodule-map-file\=/Users/etch/Library/Developer/Xcode/DerivedData/Glist-cufzzxofvqwyuzetuqpkvqdnmner/Build/Intermediates.noindex/GeneratedModuleMaps-iphonesimulator/FirebaseAppCheckInterop.modulemap -Xcc -fmodule-map-file\=/Users/etch/Library/Developer/Xcode/DerivedData/Glist-cufzzxofvqwyuzetuqpkvqdnmner/Build/Intermediates.noindex/GeneratedModuleMaps-iphonesimulator/GoogleUtilities-UserDefaults.modulemap -Xcc -fmodule-map-file\=/Users/etch/Library/Developer/Xcode/DerivedData/Glist-cufzzxofvqwyuzetuqpkvqdnmner/Build/Intermediates.noindex/GeneratedModuleMaps-iphonesimulator/GoogleUtilities-Network.modulemap -Xcc -fmodule-map-file\=/Users/etch/Library/Developer/Xcode/DerivedData/Glist-cufzzxofvqwyuzetuqpkvqdnmner/Build/Intermediates.noindex/GeneratedModuleMaps-iphonesimulator/GoogleUtilities-NSData.modulemap -Xcc -fmodule-map-file\=/Users/etch/Library/Developer/Xcode/DerivedData/Glist-cufzzxofvqwyuzetuqpkvqdnmner/Build/Intermediates.noindex/GeneratedModuleMaps-iphonesimulator/GoogleUtilities-AppDelegateSwizzler.modulemap -Xcc -fmodule-map-file\=/Users/etch/Library/Developer/Xcode/DerivedData/Glist-cufzzxofvqwyuzetuqpkvqdnmner/Build/Intermediates.noindex/GeneratedModuleMaps-iphonesimulator/GoogleUtilities-Logger.modulemap -Xcc -fmodule-map-file\=/Users/etch/Library/Developer/Xcode/DerivedData/Glist-cufzzxofvqwyuzetuqpkvqdnmner/Build/Intermediates.noindex/GeneratedModuleMaps-iphonesimulator/GoogleUtilities-Environment.modulemap -Xcc -fmodule-map-file\=/Users/etch/Library/Developer/Xcode/DerivedData/Glist-cufzzxofvqwyuzetuqpkvqdnmner/Build/Intermediates.noindex/GeneratedModuleMaps-iphonesimulator/third-party-IsAppEncrypted.modulemap -Xcc -fmodule-map-file\=/Users/etch/Library/Developer/Xcode/DerivedData/Glist-cufzzxofvqwyuzetuqpkvqdnmner/Build/Intermediates.noindex/GeneratedModuleMaps-iphonesimulator/GoogleUtilities-Reachability.modulemap -Xcc -fmodule-map-file\=/Users/etch/Library/Developer/Xcode/DerivedData/Glist-cufzzxofvqwyuzetuqpkvqdnmner/Build/Intermediates.noindex/GeneratedModuleMaps-iphonesimulator/GoogleDataTransport.modulemap -Xcc -fmodule-map-file\=/Users/etch/Library/Developer/Xcode/DerivedData/Glist-cufzzxofvqwyuzetuqpkvqdnmner/Build/Intermediates.noindex/GeneratedModuleMaps-iphonesimulator/nanopb.modulemap -Xcc -fmodule-map-file\=/Users/etch/Library/Developer/Xcode/DerivedData/Glist-cufzzxofvqwyuzetuqpkvqdnmner/Build/Intermediates.noindex/GeneratedModuleMaps-iphonesimulator/FirebaseInstallations.modulemap -Xcc -fmodule-map-file\=/Users/etch/Library/Developer/Xcode/DerivedData/Glist-cufzzxofvqwyuzetuqpkvqdnmner/Build/Intermediates.noindex/GeneratedModuleMaps-iphonesimulator/FirebaseCore.modulemap -Xcc -fmodule-map-file\=/Users/etch/Library/Developer/Xcode/DerivedData/Glist-cufzzxofvqwyuzetuqpkvqdnmner/Build/Intermediates.noindex/GeneratedModuleMaps-iphonesimulator/FirebaseMessaging.modulemap -Xcc -D_LIBCPP_HARDENING_MODE\=_LIBCPP_HARDENING_MODE_DEBUG -Xcc -ivfsstatcache -Xcc /Users/etch/Library/Developer/Xcode/DerivedData/SDKStatCaches.noindex/iphonesimulator26.0-23A339-26257891a6c027eb51374368541b8346.sdkstatcache -Xcc -I/Users/etch/Library/Developer/Xcode/DerivedData/Glist-cufzzxofvqwyuzetuqpkvqdnmner/Build/Intermediates.noindex/Glist.build/Debug-iphonesimulator/Glist.build/swift-overrides.hmap -Xcc -iquote -Xcc /Users/etch/Library/Developer/Xcode/DerivedData/Glist-cufzzxofvqwyuzetuqpkvqdnmner/Build/Intermediates.noindex/Glist.build/Debug-iphonesimulator/Glist.build/Glist-generated-files.hmap -Xcc -I/Users/etch/Library/Developer/Xcode/DerivedData/Glist-cufzzxofvqwyuzetuqpkvqdnmner/Build/Intermediates.noindex/Glist.build/Debug-iphonesimulator/Glist.build/Glist-own-target-headers.hmap -Xcc -I/Users/etch/Library/Developer/Xcode/DerivedData/Glist-cufzzxofvqwyuzetuqpkvqdnmner/Build/Intermediates.noindex/Glist.build/Debug-iphonesimulator/Glist.build/Glist-all-non-framework-target-headers.hmap -Xcc -ivfsoverlay -Xcc /Users/etch/Library/Developer/Xcode/DerivedData/Glist-cufzzxofvqwyuzetuqpkvqdnmner/Build/Intermediates.noindex/Glist.build/Debug-iphonesimulator/Glist-03e8b4f6d21d97b1ae14d663310a2c4d-VFS-iphonesimulator/all-product-headers.yaml -Xcc -iquote -Xcc /Users/etch/Library/Developer/Xcode/DerivedData/Glist-cufzzxofvqwyuzetuqpkvqdnmner/Build/Intermediates.noindex/Glist.build/Debug-iphonesimulator/Glist.build/Glist-project-headers.hmap -Xcc -I/Users/etch/Library/Developer/Xcode/DerivedData/Glist-cufzzxofvqwyuzetuqpkvqdnmner/SourcePackages/checkouts/interop-ios-for-google-sdks/RecaptchaEnterprise/RecaptchaInterop/Public -Xcc -I/Users/etch/Library/Developer/Xcode/DerivedData/Glist-cufzzxofvqwyuzetuqpkvqdnmner/SourcePackages/checkouts/firebase-ios-sdk/FirebaseAuth/Sources/Public -Xcc -I/Users/etch/Library/Developer/Xcode/DerivedData/Glist-cufzzxofvqwyuzetuqpkvqdnmner/SourcePackages/checkouts/abseil-cpp-binary/absl-Wrapper/include -Xcc -I/Users/etch/Library/Developer/Xcode/DerivedData/Glist-cufzzxofvqwyuzetuqpkvqdnmner/SourcePackages/checkouts/grpc-binary/openssl-grpc-Wrapper/include -Xcc -I/Users/etch/Library/Developer/Xcode/DerivedData/Glist-cufzzxofvqwyuzetuqpkvqdnmner/SourcePackages/checkouts/grpc-binary/grpc-Wrapper/include -Xcc -I/Users/etch/Library/Developer/Xcode/DerivedData/Glist-cufzzxofvqwyuzetuqpkvqdnmner/SourcePackages/checkouts/grpc-binary/grpcpp-Wrapper/include -Xcc -I/Users/etch/Library/Developer/Xcode/DerivedData/Glist-cufzzxofvqwyuzetuqpkvqdnmner/SourcePackages/checkouts/leveldb/include -Xcc -I/Users/etch/Library/Developer/Xcode/DerivedData/Glist-cufzzxofvqwyuzetuqpkvqdnmner/SourcePackages/checkouts/firebase-ios-sdk/FirebaseFirestoreInternal -Xcc -I/Users/etch/Library/Developer/Xcode/DerivedData/Glist-cufzzxofvqwyuzetuqpkvqdnmner/SourcePackages/checkouts/firebase-ios-sdk/SwiftPM-PlatformExclude/FirebaseFirestoreWrap/include -Xcc -I/Users/etch/Library/Developer/Xcode/DerivedData/Glist-cufzzxofvqwyuzetuqpkvqdnmner/SourcePackages/checkouts/gtm-session-fetcher/Sources/Core/Public -Xcc -I/Users/etch/Library/Developer/Xcode/DerivedData/Glist-cufzzxofvqwyuzetuqpkvqdnmner/SourcePackages/checkouts/firebase-ios-sdk/FirebaseCore/Extension -Xcc -I/Users/etch/Library/Developer/Xcode/DerivedData/Glist-cufzzxofvqwyuzetuqpkvqdnmner/SourcePackages/checkouts/firebase-ios-sdk/FirebaseAuth/Interop/Public -Xcc -I/Users/etch/Library/Developer/Xcode/DerivedData/Glist-cufzzxofvqwyuzetuqpkvqdnmner/SourcePackages/checkouts/firebase-ios-sdk/FirebaseAppCheck/Interop/Public -Xcc -I/Users/etch/Library/Developer/Xcode/DerivedData/Glist-cufzzxofvqwyuzetuqpkvqdnmner/SourcePackages/checkouts/promises/Sources/FBLPromises/include -Xcc -I/Users/etch/Library/Developer/Xcode/DerivedData/Glist-cufzzxofvqwyuzetuqpkvqdnmner/SourcePackages/checkouts/GoogleUtilities/GoogleUtilities/UserDefaults/Public -Xcc -I/Users/etch/Library/Developer/Xcode/DerivedData/Glist-cufzzxofvqwyuzetuqpkvqdnmner/SourcePackages/checkouts/GoogleUtilities/GoogleUtilities/Network/Public -Xcc -I/Users/etch/Library/Developer/Xcode/DerivedData/Glist-cufzzxofvqwyuzetuqpkvqdnmner/SourcePackages/checkouts/GoogleUtilities/GoogleUtilities/NSData+zlib/Public -Xcc -I/Users/etch/Library/Developer/Xcode/DerivedData/Glist-cufzzxofvqwyuzetuqpkvqdnmner/SourcePackages/checkouts/GoogleUtilities/GoogleUtilities/AppDelegateSwizzler/Public -Xcc -I/Users/etch/Library/Developer/Xcode/DerivedData/Glist-cufzzxofvqwyuzetuqpkvqdnmner/SourcePackages/checkouts/GoogleUtilities/GoogleUtilities/Logger/Public -Xcc -I/Users/etch/Library/Developer/Xcode/DerivedData/Glist-cufzzxofvqwyuzetuqpkvqdnmner/SourcePackages/checkouts/GoogleUtilities/GoogleUtilities/Environment/Public -Xcc -I/Users/etch/Library/Developer/Xcode/DerivedData/Glist-cufzzxofvqwyuzetuqpkvqdnmner/SourcePackages/checkouts/GoogleUtilities/third_party/IsAppEncrypted/Public -Xcc -I/Users/etch/Library/Developer/Xcode/DerivedData/Glist-cufzzxofvqwyuzetuqpkvqdnmner/SourcePackages/checkouts/GoogleUtilities/GoogleUtilities/Reachability/Public -Xcc -I/Users/etch/Library/Developer/Xcode/DerivedData/Glist-cufzzxofvqwyuzetuqpkvqdnmner/SourcePackages/checkouts/GoogleDataTransport/GoogleDataTransport/GDTCORLibrary/Public -Xcc -I/Users/etch/Library/Developer/Xcode/DerivedData/Glist-cufzzxofvqwyuzetuqpkvqdnmner/SourcePackages/checkouts/nanopb/spm_headers -Xcc -I/Users/etch/Library/Developer/Xcode/DerivedData/Glist-cufzzxofvqwyuzetuqpkvqdnmner/SourcePackages/checkouts/firebase-ios-sdk/FirebaseInstallations/Source/Library/Public -Xcc -I/Users/etch/Library/Developer/Xcode/DerivedData/Glist-cufzzxofvqwyuzetuqpkvqdnmner/SourcePackages/checkouts/firebase-ios-sdk/FirebaseCore/Sources/Public -Xcc -I/Users/etch/Library/Developer/Xcode/DerivedData/Glist-cufzzxofvqwyuzetuqpkvqdnmner/SourcePackages/checkouts/firebase-ios-sdk/CoreOnly/Sources -Xcc -I/Users/etch/Library/Developer/Xcode/DerivedData/Glist-cufzzxofvqwyuzetuqpkvqdnmner/SourcePackages/checkouts/firebase-ios-sdk/FirebaseMessaging/Sources/Public -Xcc -I/Users/etch/Library/Developer/Xcode/DerivedData/Glist-cufzzxofvqwyuzetuqpkvqdnmner/Build/Products/Debug-iphonesimulator/include -Xcc -I/Users/etch/Library/Developer/Xcode/DerivedData/Glist-cufzzxofvqwyuzetuqpkvqdnmner/Build/Intermediates.noindex/Glist.build/Debug-iphonesimulator/Glist.build/DerivedSources-normal/arm64 -Xcc -I/Users/etch/Library/Developer/Xcode/DerivedData/Glist-cufzzxofvqwyuzetuqpkvqdnmner/Build/Intermediates.noindex/Glist.build/Debug-iphonesimulator/Glist.build/DerivedSources/arm64 -Xcc -I/Users/etch/Library/Developer/Xcode/DerivedData/Glist-cufzzxofvqwyuzetuqpkvqdnmner/Build/Intermediates.noindex/Glist.build/Debug-iphonesimulator/Glist.build/DerivedSources -Xcc -DDEBUG\=1 -no-auto-bridging-header-chaining -module-name Glist -frontend-parseable-output -disable-clang-spi -target-sdk-version 26.0 -target-sdk-name iphonesimulator26.0 -clang-target arm64-apple-ios26.0-simulator -in-process-plugin-server-path /Applications/Xcode.app/Contents/Developer/Toolchains/XcodeDefault.xctoolchain/usr/lib/swift/host/libSwiftInProcPluginServer.dylib -emit-module-doc-path /Users/etch/Library/Developer/Xcode/DerivedData/Glist-cufzzxofvqwyuzetuqpkvqdnmner/Build/Intermediates.noindex/Glist.build/Debug-iphonesimulator/Glist.build/Objects-normal/arm64/Glist.swiftdoc -emit-module-source-info-path /Users/etch/Library/Developer/Xcode/DerivedData/Glist-cufzzxofvqwyuzetuqpkvqdnmner/Build/Intermediates.noindex/Glist.build/Debug-iphonesimulator/Glist.build/Objects-normal/arm64/Glist.swiftsourceinfo -emit-objc-header-path /Users/etch/Library/Developer/Xcode/DerivedData/Glist-cufzzxofvqwyuzetuqpkvqdnmner/Build/Intermediates.noindex/Glist.build/Debug-iphonesimulator/Glist.build/Objects-normal/arm64/Glist-Swift.h -serialize-diagnostics-path /Users/etch/Library/Developer/Xcode/DerivedData/Glist-cufzzxofvqwyuzetuqpkvqdnmner/Build/Intermediates.noindex/Glist.build/Debug-iphonesimulator/Glist.build/Objects-normal/arm64/Glist-primary-emit-module.dia -emit-dependencies-path /Users/etch/Library/Developer/Xcode/DerivedData/Glist-cufzzxofvqwyuzetuqpkvqdnmner/Build/Intermediates.noindex/Glist.build/Debug-iphonesimulator/Glist.build/Objects-normal/arm64/Glist-primary-emit-module.d -o /Users/etch/Library/Developer/Xcode/DerivedData/Glist-cufzzxofvqwyuzetuqpkvqdnmner/Build/Intermediates.noindex/Glist.build/Debug-iphonesimulator/Glist.build/Objects-normal/arm64/Glist.swiftmodule -emit-abi-descriptor-path /Users/etch/Library/Developer/Xcode/DerivedData/Glist-cufzzxofvqwyuzetuqpkvqdnmner/Build/Intermediates.noindex/Glist.build/Debug-iphonesimulator/Glist.build/Objects-normal/arm64/Glist.abi.json

EmitSwiftModule normal arm64 (in target 'Glist' from project 'Glist')
    cd /Users/etch/Downloads/APPS/glist/Glist
    
/Users/etch/Downloads/APPS/glist/Glist/Glist/VenueData.swift:35:13: error: argument 'floorplanImage' must precede argument 'bottleMenu'
            floorplanImage: "https://example.com/floorplan.jpg"
~~~~~~~~~~~~^~~~~~~~~~~~~~~~~~~~~~~~~~~~~~~~~~~~~~~~~~~~~~~~~~~
/Users/etch/Downloads/APPS/glist/Glist/Glist/VenueListView.swift:308:8: error: invalid redeclaration of 'FilterChip'
struct FilterChip: View {
       ^
/Users/etch/Downloads/APPS/glist/Glist/Glist/VenueMapView.swift:100:8: note: 'FilterChip' previously declared here
struct FilterChip: View {
       ^
/Users/etch/Downloads/APPS/glist/Glist/Glist/VenueMapView.swift:100:8: note: 'FilterChip' previously declared here
struct FilterChip: View {
       ^

SwiftCompile normal arm64 Compiling\ Event.swift,\ EventTicket.swift,\ EventTicketView.swift,\ FavoriteButton.swift,\ FavoritesManager.swift,\ FirestoreManager.swift,\ GListApp.swift,\ GuestListManager.swift /Users/etch/Downloads/APPS/glist/Glist/Glist/Event.swift /Users/etch/Downloads/APPS/glist/Glist/Glist/EventTicket.swift /Users/etch/Downloads/APPS/glist/Glist/Glist/EventTicketView.swift /Users/etch/Downloads/APPS/glist/Glist/Glist/FavoriteButton.swift /Users/etch/Downloads/APPS/glist/Glist/Glist/FavoritesManager.swift /Users/etch/Downloads/APPS/glist/Glist/Glist/FirestoreManager.swift /Users/etch/Downloads/APPS/glist/Glist/Glist/GListApp.swift /Users/etch/Downloads/APPS/glist/Glist/Glist/GuestListManager.swift (in target 'Glist' from project 'Glist')
SwiftCompile normal arm64 /Users/etch/Downloads/APPS/glist/Glist/Glist/Event.swift (in target 'Glist' from project 'Glist')
    cd /Users/etch/Downloads/APPS/glist/Glist
    

SwiftCompile normal arm64 /Users/etch/Downloads/APPS/glist/Glist/Glist/EventTicket.swift (in target 'Glist' from project 'Glist')
    cd /Users/etch/Downloads/APPS/glist/Glist
    

SwiftCompile normal arm64 /Users/etch/Downloads/APPS/glist/Glist/Glist/EventTicketView.swift (in target 'Glist' from project 'Glist')
    cd /Users/etch/Downloads/APPS/glist/Glist
    

SwiftCompile normal arm64 /Users/etch/Downloads/APPS/glist/Glist/Glist/FavoriteButton.swift (in target 'Glist' from project 'Glist')
    cd /Users/etch/Downloads/APPS/glist/Glist
    

SwiftCompile normal arm64 /Users/etch/Downloads/APPS/glist/Glist/Glist/FavoritesManager.swift (in target 'Glist' from project 'Glist')
    cd /Users/etch/Downloads/APPS/glist/Glist
    

SwiftCompile normal arm64 /Users/etch/Downloads/APPS/glist/Glist/Glist/FirestoreManager.swift (in target 'Glist' from project 'Glist')
    cd /Users/etch/Downloads/APPS/glist/Glist
    

SwiftCompile normal arm64 /Users/etch/Downloads/APPS/glist/Glist/Glist/GListApp.swift (in target 'Glist' from project 'Glist')
    cd /Users/etch/Downloads/APPS/glist/Glist
    

SwiftCompile normal arm64 /Users/etch/Downloads/APPS/glist/Glist/Glist/GuestListManager.swift (in target 'Glist' from project 'Glist')
    cd /Users/etch/Downloads/APPS/glist/Glist
    

SwiftCompile normal arm64 Compiling\ BookingManager.swift,\ CheckoutView.swift,\ ConciergeChatManager.swift,\ ContentView.swift,\ CurrencyFormatter.swift,\ DatabaseSeedView.swift,\ DatabaseUpdateView.swift,\ DynamicPricingEngine.swift /Users/etch/Downloads/APPS/glist/Glist/Glist/BookingManager.swift /Users/etch/Downloads/APPS/glist/Glist/Glist/CheckoutView.swift /Users/etch/Downloads/APPS/glist/Glist/Glist/ConciergeChatManager.swift /Users/etch/Downloads/APPS/glist/Glist/Glist/ContentView.swift /Users/etch/Downloads/APPS/glist/Glist/Glist/CurrencyFormatter.swift /Users/etch/Downloads/APPS/glist/Glist/Glist/DatabaseSeedView.swift /Users/etch/Downloads/APPS/glist/Glist/Glist/DatabaseUpdateView.swift /Users/etch/Downloads/APPS/glist/Glist/Glist/DynamicPricingEngine.swift (in target 'Glist' from project 'Glist')

SwiftCompile normal arm64 /Users/etch/Downloads/APPS/glist/Glist/Glist/BookingManager.swift (in target 'Glist' from project 'Glist')
    cd /Users/etch/Downloads/APPS/glist/Glist
    

SwiftCompile normal arm64 /Users/etch/Downloads/APPS/glist/Glist/Glist/CheckoutView.swift (in target 'Glist' from project 'Glist')
    cd /Users/etch/Downloads/APPS/glist/Glist
    

SwiftCompile normal arm64 /Users/etch/Downloads/APPS/glist/Glist/Glist/ConciergeChatManager.swift (in target 'Glist' from project 'Glist')
    cd /Users/etch/Downloads/APPS/glist/Glist
    

SwiftCompile normal arm64 /Users/etch/Downloads/APPS/glist/Glist/Glist/ContentView.swift (in target 'Glist' from project 'Glist')
    cd /Users/etch/Downloads/APPS/glist/Glist
    

SwiftCompile normal arm64 /Users/etch/Downloads/APPS/glist/Glist/Glist/CurrencyFormatter.swift (in target 'Glist' from project 'Glist')
    cd /Users/etch/Downloads/APPS/glist/Glist
    

SwiftCompile normal arm64 /Users/etch/Downloads/APPS/glist/Glist/Glist/DatabaseSeedView.swift (in target 'Glist' from project 'Glist')
    cd /Users/etch/Downloads/APPS/glist/Glist
    

SwiftCompile normal arm64 /Users/etch/Downloads/APPS/glist/Glist/Glist/DatabaseUpdateView.swift (in target 'Glist' from project 'Glist')
    cd /Users/etch/Downloads/APPS/glist/Glist
    

SwiftCompile normal arm64 /Users/etch/Downloads/APPS/glist/Glist/Glist/DynamicPricingEngine.swift (in target 'Glist' from project 'Glist')
    cd /Users/etch/Downloads/APPS/glist/Glist
    

SwiftCompile normal arm64 Compiling\ StaffCheckInView.swift,\ StaffModeManager.swift,\ SubscriptionManager.swift,\ SubscriptionView.swift,\ TableBookingView.swift,\ Theme.swift,\ TicketCard.swift,\ TicketManager.swift /Users/etch/Downloads/APPS/glist/Glist/Glist/StaffCheckInView.swift /Users/etch/Downloads/APPS/glist/Glist/Glist/StaffModeManager.swift /Users/etch/Downloads/APPS/glist/Glist/Glist/SubscriptionManager.swift /Users/etch/Downloads/APPS/glist/Glist/Glist/SubscriptionView.swift /Users/etch/Downloads/APPS/glist/Glist/Glist/TableBookingView.swift /Users/etch/Downloads/APPS/glist/Glist/Glist/Theme.swift /Users/etch/Downloads/APPS/glist/Glist/Glist/TicketCard.swift /Users/etch/Downloads/APPS/glist/Glist/Glist/TicketManager.swift (in target 'Glist' from project 'Glist')
SwiftCompile normal arm64 /Users/etch/Downloads/APPS/glist/Glist/Glist/StaffCheckInView.swift (in target 'Glist' from project 'Glist')
    cd /Users/etch/Downloads/APPS/glist/Glist
    

SwiftCompile normal arm64 /Users/etch/Downloads/APPS/glist/Glist/Glist/StaffModeManager.swift (in target 'Glist' from project 'Glist')
    cd /Users/etch/Downloads/APPS/glist/Glist
    

SwiftCompile normal arm64 /Users/etch/Downloads/APPS/glist/Glist/Glist/SubscriptionManager.swift (in target 'Glist' from project 'Glist')
    cd /Users/etch/Downloads/APPS/glist/Glist
    

SwiftCompile normal arm64 /Users/etch/Downloads/APPS/glist/Glist/Glist/SubscriptionView.swift (in target 'Glist' from project 'Glist')
    cd /Users/etch/Downloads/APPS/glist/Glist
    

SwiftCompile normal arm64 /Users/etch/Downloads/APPS/glist/Glist/Glist/TableBookingView.swift (in target 'Glist' from project 'Glist')
    cd /Users/etch/Downloads/APPS/glist/Glist
    

SwiftCompile normal arm64 /Users/etch/Downloads/APPS/glist/Glist/Glist/Theme.swift (in target 'Glist' from project 'Glist')
    cd /Users/etch/Downloads/APPS/glist/Glist
    

SwiftCompile normal arm64 /Users/etch/Downloads/APPS/glist/Glist/Glist/TicketCard.swift (in target 'Glist' from project 'Glist')
    cd /Users/etch/Downloads/APPS/glist/Glist
    

SwiftCompile normal arm64 /Users/etch/Downloads/APPS/glist/Glist/Glist/TicketManager.swift (in target 'Glist' from project 'Glist')
    cd /Users/etch/Downloads/APPS/glist/Glist
    

SwiftCompile normal arm64 Compiling\ ReadyInFiveView.swift,\ ReportingManager.swift,\ ReservationStateMachine.swift,\ RewardsView.swift,\ ScanModels.swift,\ SettingsViews.swift,\ SocialManager.swift,\ SocialView.swift /Users/etch/Downloads/APPS/glist/Glist/Glist/ReadyInFiveView.swift /Users/etch/Downloads/APPS/glist/Glist/Glist/ReportingManager.swift /Users/etch/Downloads/APPS/glist/Glist/Glist/ReservationStateMachine.swift /Users/etch/Downloads/APPS/glist/Glist/Glist/RewardsView.swift /Users/etch/Downloads/APPS/glist/Glist/Glist/ScanModels.swift /Users/etch/Downloads/APPS/glist/Glist/Glist/SettingsViews.swift /Users/etch/Downloads/APPS/glist/Glist/Glist/SocialManager.swift /Users/etch/Downloads/APPS/glist/Glist/Glist/SocialView.swift (in target 'Glist' from project 'Glist')

SwiftCompile normal arm64 /Users/etch/Downloads/APPS/glist/Glist/Glist/ReadyInFiveView.swift (in target 'Glist' from project 'Glist')
    cd /Users/etch/Downloads/APPS/glist/Glist
    

SwiftCompile normal arm64 /Users/etch/Downloads/APPS/glist/Glist/Glist/ReportingManager.swift (in target 'Glist' from project 'Glist')
    cd /Users/etch/Downloads/APPS/glist/Glist
    

SwiftCompile normal arm64 /Users/etch/Downloads/APPS/glist/Glist/Glist/ReservationStateMachine.swift (in target 'Glist' from project 'Glist')
    cd /Users/etch/Downloads/APPS/glist/Glist
    

SwiftCompile normal arm64 /Users/etch/Downloads/APPS/glist/Glist/Glist/RewardsView.swift (in target 'Glist' from project 'Glist')
    cd /Users/etch/Downloads/APPS/glist/Glist
    

SwiftCompile normal arm64 /Users/etch/Downloads/APPS/glist/Glist/Glist/ScanModels.swift (in target 'Glist' from project 'Glist')
    cd /Users/etch/Downloads/APPS/glist/Glist
    

SwiftCompile normal arm64 /Users/etch/Downloads/APPS/glist/Glist/Glist/SettingsViews.swift (in target 'Glist' from project 'Glist')
    cd /Users/etch/Downloads/APPS/glist/Glist
    

SwiftCompile normal arm64 /Users/etch/Downloads/APPS/glist/Glist/Glist/SocialManager.swift (in target 'Glist' from project 'Glist')
    cd /Users/etch/Downloads/APPS/glist/Glist
    

SwiftCompile normal arm64 /Users/etch/Downloads/APPS/glist/Glist/Glist/SocialView.swift (in target 'Glist' from project 'Glist')
    cd /Users/etch/Downloads/APPS/glist/Glist
    

note: Disabling hardened runtime with ad-hoc codesigning. (in target 'Glist' from project 'Glist')
** BUILD FAILED **


The following build commands failed:
	SwiftEmitModule normal arm64 Emitting\ module\ for\ Glist (in target 'Glist' from project 'Glist')
	EmitSwiftModule normal arm64 (in target 'Glist' from project 'Glist')
	Building project Glist with scheme Glist
(3 failures)
